2026-07-22 07:21:39.923 [info] [main] Log level: Info
2026-07-22 07:21:39.923 [info] [main] Validating found git in: "git"
2026-07-22 07:21:39.923 [info] [main] Using git "2.43.0" from "git"
2026-07-22 07:21:39.923 [info] [Model][doInitialScan] Initial repository scan started
2026-07-22 07:21:39.923 [info] > git rev-parse --show-toplevel [6ms]
2026-07-22 07:21:39.923 [info] > git rev-parse --git-dir --git-common-dir --show-superproject-working-tree [4ms]
2026-07-22 07:21:39.923 [info] [Model][openRepository] Opened repository (path): /home/psv2482109
2026-07-22 07:21:39.923 [info] [Model][openRepository] Opened repository (real path): /home/psv2482109
2026-07-22 07:21:39.923 [info] [Model][openRepository] Opened repository (kind): repository
2026-07-22 07:21:39.923 [info] > git config --get commit.template [7ms]
2026-07-22 07:21:39.923 [info] > git rev-parse --show-toplevel [4ms]
2026-07-22 07:21:39.929 [info] > git rev-parse --show-toplevel [2ms]
2026-07-22 07:21:39.934 [info] > git rev-parse --show-toplevel [2ms]
2026-07-22 07:21:39.939 [info] > git rev-parse --show-toplevel [1ms]
2026-07-22 07:21:39.945 [info] > git rev-parse --show-toplevel [2ms]
2026-07-22 07:21:39.951 [info] > git rev-parse --show-toplevel [2ms]
2026-07-22 07:21:39.956 [info] > git rev-parse --show-toplevel [2ms]
2026-07-22 07:21:39.962 [info] > git rev-parse --show-toplevel [2ms]
2026-07-22 07:21:39.968 [info] > git rev-parse --show-toplevel [2ms]
2026-07-22 07:21:39.969 [info] [Model][doInitialScan] Initial repository scan completed - repositories (1), closed repositories (0), parent repositories (0), unsafe repositories (0)
2026-07-22 07:21:39.981 [info] > git for-each-ref --format=%(refname)%00%(upstream:short)%00%(objectname)%00%(upstream:track)%00%(upstream:remotename)%00%(upstream:remoteref) refs/heads/main refs/remotes/main [59ms]
2026-07-22 07:21:39.995 [info] > git for-each-ref --sort -committerdate --format %(refname)%00%(objectname)%00%(*objectname) [3ms]
2026-07-22 07:21:40.556 [info] > git check-ignore -v -z --stdin [39ms]
2026-07-22 07:21:40.860 [info] > git status -z -uall [873ms]
2026-07-22 07:21:40.941 [info] > git for-each-ref --format=%(refname)%00%(upstream:short)%00%(objectname)%00%(upstream:track)%00%(upstream:remotename)%00%(upstream:remoteref) refs/heads/main refs/remotes/main [12ms]
2026-07-22 07:21:40.948 [info] > git config --get commit.template [8ms]
2026-07-22 07:21:40.949 [info] > git config --get --local branch.main.vscode-merge-base [3ms]
2026-07-22 07:21:40.949 [warning] [Git][config] git config failed: Failed to execute git
2026-07-22 07:21:40.961 [info] > git for-each-ref --format=%(refname)%00%(upstream:short)%00%(objectname)%00%(upstream:track)%00%(upstream:remotename)%00%(upstream:remoteref) refs/heads/main refs/remotes/main [3ms]
2026-07-22 07:21:41.118 [info] > git status -z -uall [152ms]
2026-07-22 07:21:41.118 [info] > git for-each-ref --sort -committerdate --format %(refname)%00%(objectname)%00%(*objectname) [145ms]
2026-07-22 07:21:41.144 [info] > git reflog main --grep-reflog=branch: Created from *. [190ms]
2026-07-22 07:21:41.154 [info] > git symbolic-ref --short refs/remotes/origin/HEAD [4ms]
2026-07-22 07:21:41.154 [info] fatal: ref refs/remotes/origin/HEAD is not a symbolic ref
2026-07-22 07:21:41.154 [warning] [Repository][getDefaultBranch] Failed to get default branch details: Failed to execute git.
2026-07-22 07:21:41.170 [info] > git merge-base refs/heads/main refs/remotes/origin/main [8ms]
2026-07-22 07:21:41.177 [info] > git merge-base refs/heads/main refs/remotes/origin/main [9ms]
2026-07-22 07:21:41.185 [info] > git diff --raw --numstat --diff-filter=ADMR -z --find-renames=50% 33b5b1d650895df59e78a6e025c7fd91472c6f56...refs/remotes/origin/main -- [9ms]
2026-07-22 07:21:41.186 [info] > git diff --raw --numstat --diff-filter=ADMR -z --find-renames=50% 33b5b1d650895df59e78a6e025c7fd91472c6f56...refs/remotes/origin/main -- [3ms]
2026-07-22 07:21:51.423 [info] > git check-ignore -v -z --stdin [3ms]
2026-07-22 07:21:51.968 [info] > git check-ignore -v -z --stdin [32ms]
2026-07-22 07:21:53.498 [info] > git show --textconv :linear.py [1296ms]
2026-07-22 07:21:53.499 [info] > git ls-files --stage -- linear.py [1282ms]
2026-07-22 07:21:53.844 [info] > git cat-file -s 63dcaec9aee746a72a15b42c8ba834d8c16030c6 [331ms]
2026-07-22 07:21:53.848 [info] > git config --get commit.template [471ms]
2026-07-22 07:21:54.714 [info] > git for-each-ref --format=%(refname)%00%(upstream:short)%00%(objectname)%00%(upstream:track)%00%(upstream:remotename)%00%(upstream:remoteref) refs/heads/main refs/remotes/main [233ms]
2026-07-22 07:21:57.645 [info] > git for-each-ref --sort -committerdate --format %(refname)%00%(objectname)%00%(*objectname) [30ms]
2026-07-22 07:21:57.674 [info] > git status -z -uall [72ms]
2026-07-22 07:21:59.627 [info] > git check-ignore -v -z --stdin [3ms]
2026-07-22 07:22:02.999 [info] > git config --get commit.template [5ms]
2026-07-22 07:22:03.018 [info] > git for-each-ref --format=%(refname)%00%(upstream:short)%00%(objectname)%00%(upstream:track)%00%(upstream:remotename)%00%(upstream:remoteref) refs/heads/main refs/remotes/main [4ms]
2026-07-22 07:22:03.056 [info] > git for-each-ref --sort -committerdate --format %(refname)%00%(objectname)%00%(*objectname) [5ms]
2026-07-22 07:22:03.091 [info] > git status -z -uall [53ms]
2026-07-22 07:22:03.859 [info] > git check-ignore -v -z --stdin [3ms]
2026-07-22 07:30:23.050 [info] > git config --get commit.template [4ms]
2026-07-22 07:30:23.062 [info] > git for-each-ref --format=%(refname)%00%(upstream:short)%00%(objectname)%00%(upstream:track)%00%(upstream:remotename)%00%(upstream:remoteref) refs/heads/main refs/remotes/main [3ms]
2026-07-22 07:30:23.087 [info] > git for-each-ref --sort -committerdate --format %(refname)%00%(objectname)%00%(*objectname) [3ms]
2026-07-22 07:30:23.134 [info] > git status -z -uall [61ms]
2026-07-22 07:30:24.312 [info] > git check-ignore -v -z --stdin [2ms]
2026-07-22 07:30:28.175 [info] > git config --get commit.template [12ms]
2026-07-22 07:30:28.176 [info] > git for-each-ref --format=%(refname)%00%(upstream:short)%00%(objectname)%00%(upstream:track)%00%(upstream:remotename)%00%(upstream:remoteref) refs/heads/main refs/remotes/main [2ms]
2026-07-22 07:30:28.200 [info] > git for-each-ref --sort -committerdate --format %(refname)%00%(objectname)%00%(*objectname) [3ms]
2026-07-22 07:30:28.246 [info] > git status -z -uall [59ms]
2026-07-22 07:30:29.382 [info] > git check-ignore -v -z --stdin [5ms]
2026-07-22 07:30:33.281 [info] > git config --get commit.template [11ms]
2026-07-22 07:30:33.282 [info] > git for-each-ref --format=%(refname)%00%(upstream:short)%00%(objectname)%00%(upstream:track)%00%(upstream:remotename)%00%(upstream:remoteref) refs/heads/main refs/remotes/main [2ms]
2026-07-22 07:30:33.304 [info] > git for-each-ref --sort -committerdate --format %(refname)%00%(objectname)%00%(*objectname) [2ms]
2026-07-22 07:30:33.348 [info] > git status -z -uall [56ms]
2026-07-22 07:30:34.505 [info] > git check-ignore -v -z --stdin [3ms]
2026-07-22 07:30:38.381 [info] > git config --get commit.template [10ms]
2026-07-22 07:30:38.381 [info] > git for-each-ref --format=%(refname)%00%(upstream:short)%00%(objectname)%00%(upstream:track)%00%(upstream:remotename)%00%(upstream:remoteref) refs/heads/main refs/remotes/main [2ms]
2026-07-22 07:30:38.405 [info] > git for-each-ref --sort -committerdate --format %(refname)%00%(objectname)%00%(*objectname) [3ms]
2026-07-22 07:30:38.450 [info] > git status -z -uall [58ms]
2026-07-22 07:30:39.549 [info] > git check-ignore -v -z --stdin [3ms]
2026-07-22 07:30:44.836 [info] > git config --get commit.template [10ms]
2026-07-22 07:30:44.837 [info] > git for-each-ref --format=%(refname)%00%(upstream:short)%00%(objectname)%00%(upstream:track)%00%(upstream:remotename)%00%(upstream:remoteref) refs/heads/main refs/remotes/main [2ms]
2026-07-22 07:30:44.859 [info] > git for-each-ref --sort -committerdate --format %(refname)%00%(objectname)%00%(*objectname) [3ms]
2026-07-22 07:30:44.903 [info] > git status -z -uall [57ms]
2026-07-22 07:30:46.175 [info] > git check-ignore -v -z --stdin [2ms]
2026-07-22 07:30:49.939 [info] > git config --get commit.template [10ms]
2026-07-22 07:30:49.941 [info] > git for-each-ref --format=%(refname)%00%(upstream:short)%00%(objectname)%00%(upstream:track)%00%(upstream:remotename)%00%(upstream:remoteref) refs/heads/main refs/remotes/main [2ms]
2026-07-22 07:30:49.962 [info] > git for-each-ref --sort -committerdate --format %(refname)%00%(objectname)%00%(*objectname) [3ms]
2026-07-22 07:30:50.004 [info] > git status -z -uall [54ms]
2026-07-22 07:30:50.892 [info] > git check-ignore -v -z --stdin [3ms]
2026-07-22 07:30:55.028 [info] > git config --get commit.template [2ms]
2026-07-22 07:30:55.039 [info] > git for-each-ref --format=%(refname)%00%(upstream:short)%00%(objectname)%00%(upstream:track)%00%(upstream:remotename)%00%(upstream:remoteref) refs/heads/main refs/remotes/main [2ms]
2026-07-22 07:30:55.061 [info] > git for-each-ref --sort -committerdate --format %(refname)%00%(objectname)%00%(*objectname) [2ms]
2026-07-22 07:30:55.104 [info] > git status -z -uall [56ms]
2026-07-22 07:30:56.012 [info] > git check-ignore -v -z --stdin [2ms]
2026-07-22 07:31:00.136 [info] > git config --get commit.template [12ms]
2026-07-22 07:31:00.137 [info] > git for-each-ref --format=%(refname)%00%(upstream:short)%00%(objectname)%00%(upstream:track)%00%(upstream:remotename)%00%(upstream:remoteref) refs/heads/main refs/remotes/main [3ms]
2026-07-22 07:31:00.160 [info] > git for-each-ref --sort -committerdate --format %(refname)%00%(objectname)%00%(*objectname) [2ms]
2026-07-22 07:31:00.202 [info] > git status -z -uall [54ms]
2026-07-22 07:31:01.314 [info] > git check-ignore -v -z --stdin [4ms]
2026-07-22 07:31:05.234 [info] > git config --get commit.template [10ms]
2026-07-22 07:31:05.235 [info] > git for-each-ref --format=%(refname)%00%(upstream:short)%00%(objectname)%00%(upstream:track)%00%(upstream:remotename)%00%(upstream:remoteref) refs/heads/main refs/remotes/main [2ms]
2026-07-22 07:31:05.259 [info] > git for-each-ref --sort -committerdate --format %(refname)%00%(objectname)%00%(*objectname) [3ms]
2026-07-22 07:31:05.302 [info] > git status -z -uall [56ms]
2026-07-22 07:31:06.023 [info] > git check-ignore -v -z --stdin [2ms]
2026-07-22 07:31:10.328 [info] > git config --get commit.template [5ms]
2026-07-22 07:31:10.339 [info] > git for-each-ref --format=%(refname)%00%(upstream:short)%00%(objectname)%00%(upstream:track)%00%(upstream:remotename)%00%(upstream:remoteref) refs/heads/main refs/remotes/main [2ms]
2026-07-22 07:31:10.362 [info] > git for-each-ref --sort -committerdate --format %(refname)%00%(objectname)%00%(*objectname) [2ms]
2026-07-22 07:31:10.405 [info] > git status -z -uall [56ms]
2026-07-22 07:31:11.607 [info] > git check-ignore -v -z --stdin [2ms]
2026-07-22 07:31:15.436 [info] > git config --get commit.template [10ms]
2026-07-22 07:31:15.437 [info] > git for-each-ref --format=%(refname)%00%(upstream:short)%00%(objectname)%00%(upstream:track)%00%(upstream:remotename)%00%(upstream:remoteref) refs/heads/main refs/remotes/main [2ms]
2026-07-22 07:31:15.460 [info] > git for-each-ref --sort -committerdate --format %(refname)%00%(objectname)%00%(*objectname) [3ms]
2026-07-22 07:31:15.501 [info] > git status -z -uall [54ms]
2026-07-22 07:31:16.811 [info] > git check-ignore -v -z --stdin [3ms]
2026-07-22 07:31:20.537 [info] > git config --get commit.template [10ms]
2026-07-22 07:31:20.538 [info] > git for-each-ref --format=%(refname)%00%(upstream:short)%00%(objectname)%00%(upstream:track)%00%(upstream:remotename)%00%(upstream:remoteref) refs/heads/main refs/remotes/main [2ms]
2026-07-22 07:31:20.560 [info] > git for-each-ref --sort -committerdate --format %(refname)%00%(objectname)%00%(*objectname) [2ms]
2026-07-22 07:31:20.601 [info] > git status -z -uall [53ms]
2026-07-22 07:31:21.998 [info] > git check-ignore -v -z --stdin [3ms]
2026-07-22 07:31:25.638 [info] > git for-each-ref --format=%(refname)%00%(upstream:short)%00%(objectname)%00%(upstream:track)%00%(upstream:remotename)%00%(upstream:remoteref) refs/heads/main refs/remotes/main [6ms]
2026-07-22 07:31:25.638 [info] > git config --get commit.template [16ms]
2026-07-22 07:31:25.667 [info] > git for-each-ref --sort -committerdate --format %(refname)%00%(objectname)%00%(*objectname) [3ms]
2026-07-22 07:31:25.715 [info] > git status -z -uall [63ms]
2026-07-22 07:31:26.441 [info] > git check-ignore -v -z --stdin [2ms]
2026-07-22 07:31:30.749 [info] > git config --get commit.template [11ms]
2026-07-22 07:31:30.750 [info] > git for-each-ref --format=%(refname)%00%(upstream:short)%00%(objectname)%00%(upstream:track)%00%(upstream:remotename)%00%(upstream:remoteref) refs/heads/main refs/remotes/main [2ms]
2026-07-22 07:31:30.773 [info] > git for-each-ref --sort -committerdate --format %(refname)%00%(objectname)%00%(*objectname) [3ms]
2026-07-22 07:31:30.817 [info] > git status -z -uall [57ms]
2026-07-22 07:31:31.718 [info] > git check-ignore -v -z --stdin [3ms]
2026-07-22 07:31:35.850 [info] > git config --get commit.template [11ms]
2026-07-22 07:31:35.851 [info] > git for-each-ref --format=%(refname)%00%(upstream:short)%00%(objectname)%00%(upstream:track)%00%(upstream:remotename)%00%(upstream:remoteref) refs/heads/main refs/remotes/main [2ms]
2026-07-22 07:31:35.874 [info] > git for-each-ref --sort -committerdate --format %(refname)%00%(objectname)%00%(*objectname) [2ms]
2026-07-22 07:31:35.919 [info] > git status -z -uall [57ms]
2026-07-22 07:31:36.813 [info] > git check-ignore -v -z --stdin [2ms]
2026-07-22 07:31:40.952 [info] > git config --get commit.template [11ms]
2026-07-22 07:31:40.953 [info] > git for-each-ref --format=%(refname)%00%(upstream:short)%00%(objectname)%00%(upstream:track)%00%(upstream:remotename)%00%(upstream:remoteref) refs/heads/main refs/remotes/main [2ms]
2026-07-22 07:31:40.976 [info] > git for-each-ref --sort -committerdate --format %(refname)%00%(objectname)%00%(*objectname) [3ms]
2026-07-22 07:31:41.018 [info] > git status -z -uall [54ms]
2026-07-22 07:31:41.933 [info] > git check-ignore -v -z --stdin [2ms]
2026-07-22 07:31:46.052 [info] > git config --get commit.template [12ms]
2026-07-22 07:31:46.052 [info] > git for-each-ref --format=%(refname)%00%(upstream:short)%00%(objectname)%00%(upstream:track)%00%(upstream:remotename)%00%(upstream:remoteref) refs/heads/main refs/remotes/main [2ms]
2026-07-22 07:31:46.076 [info] > git for-each-ref --sort -committerdate --format %(refname)%00%(objectname)%00%(*objectname) [3ms]
2026-07-22 07:31:46.118 [info] > git status -z -uall [55ms]
2026-07-22 07:31:46.875 [info] > git check-ignore -v -z --stdin [2ms]
2026-07-22 07:31:47.204 [info] > git check-ignore -v -z --stdin [2ms]
2026-07-22 07:31:47.313 [info] > git ls-files --stage -- nano.gitignore [2ms]
2026-07-22 07:31:47.334 [info] > git show --textconv :nano.gitignore [33ms]
2026-07-22 07:31:47.335 [info] > git cat-file -s 7852e252f71202b4cadab8484f8c645dd0124fd3 [14ms]
2026-07-22 07:31:51.154 [info] > git config --get commit.template [12ms]
2026-07-22 07:31:51.156 [info] > git for-each-ref --format=%(refname)%00%(upstream:short)%00%(objectname)%00%(upstream:track)%00%(upstream:remotename)%00%(upstream:remoteref) refs/heads/main refs/remotes/main [2ms]
2026-07-22 07:31:51.182 [info] > git for-each-ref --sort -committerdate --format %(refname)%00%(objectname)%00%(*objectname) [2ms]
2026-07-22 07:31:51.227 [info] > git status -z -uall [59ms]
2026-07-22 07:31:52.141 [info] > git check-ignore -v -z --stdin [2ms]
2026-07-22 07:32:08.021 [info] > git config --get commit.template [11ms]
2026-07-22 07:32:08.022 [info] > git for-each-ref --format=%(refname)%00%(upstream:short)%00%(objectname)%00%(upstream:track)%00%(upstream:remotename)%00%(upstream:remoteref) refs/heads/main refs/remotes/main [2ms]
2026-07-22 07:32:08.044 [info] > git for-each-ref --sort -committerdate --format %(refname)%00%(objectname)%00%(*objectname) [3ms]
2026-07-22 07:32:08.088 [info] > git status -z -uall [57ms]
2026-07-22 07:32:09.042 [info] > git check-ignore -v -z --stdin [3ms]
2026-07-22 07:32:13.118 [info] > git config --get commit.template [11ms]
2026-07-22 07:32:13.119 [info] > git for-each-ref --format=%(refname)%00%(upstream:short)%00%(objectname)%00%(upstream:track)%00%(upstream:remotename)%00%(upstream:remoteref) refs/heads/main refs/remotes/main [2ms]
2026-07-22 07:32:13.140 [info] > git for-each-ref --sort -committerdate --format %(refname)%00%(objectname)%00%(*objectname) [2ms]
2026-07-22 07:32:13.182 [info] > git status -z -uall [54ms]
2026-07-22 07:32:14.112 [info] > git check-ignore -v -z --stdin [4ms]
2026-07-22 07:32:52.695 [info] > git config --get commit.template [11ms]
2026-07-22 07:32:52.696 [info] > git for-each-ref --format=%(refname)%00%(upstream:short)%00%(objectname)%00%(upstream:track)%00%(upstream:remotename)%00%(upstream:remoteref) refs/heads/main refs/remotes/main [2ms]
2026-07-22 07:32:52.720 [info] > git for-each-ref --sort -committerdate --format %(refname)%00%(objectname)%00%(*objectname) [3ms]
2026-07-22 07:32:52.767 [info] > git status -z -uall [61ms]
2026-07-22 07:32:53.546 [info] > git check-ignore -v -z --stdin [4ms]
