2026-07-21 07:07:56.837 [warning] Dir "/home/psv2482109/.pixi/envs" is not watchable (directory does not exist)
2026-07-21 07:08:05.614 [info] Starting Environment refresh
2026-07-21 07:08:05.614 [info] Searching for interpreters in posix paths locator
2026-07-21 07:08:05.623 [info] Searching for pyenv environments
2026-07-21 07:08:05.623 [info] Searching for conda environments
2026-07-21 07:08:05.624 [info] Searching for global virtual environments
2026-07-21 07:08:05.624 [info] Searching for custom virtual environments
2026-07-21 07:08:07.030 [info] Skipping ActivatedEnv Detection:  process.env.VSCODE_CLI !== '1'
2026-07-21 07:08:07.031 [info] Skipping ActivatedEnv Detection:  process.env.VSCODE_CLI !== '1'
2026-07-21 07:08:07.042 [info] pyenv is not installed
2026-07-21 07:08:07.042 [info] Finished searching for pyenv environments: 1427 milliseconds
2026-07-21 07:08:07.043 [info] Finished searching for custom virtual envs: 1426 milliseconds
2026-07-21 07:08:07.052 [info] > conda info --json
2026-07-21 07:08:07.060 [info] > hatch env show --json
2026-07-21 07:08:07.060 [info] cwd: .
2026-07-21 07:08:07.068 [info] > pyenv which python
2026-07-21 07:08:07.068 [info] cwd: .
2026-07-21 07:08:07.068 [info] Finished searching for global virtual envs: 1452 milliseconds
2026-07-21 07:08:07.081 [info] Found: /bin/python --> /bin/python3.12
2026-07-21 07:08:07.083 [info] Found: /bin/python3 --> /bin/python3.12
2026-07-21 07:08:07.083 [info] Found: /bin/python3.12 --> /bin/python3.12
2026-07-21 07:08:07.103 [info] Found: /usr/bin/python --> /usr/bin/python3.12
2026-07-21 07:08:07.103 [info] Found: /usr/bin/python3 --> /usr/bin/python3.12
2026-07-21 07:08:07.103 [info] Found: /usr/bin/python3.12 --> /usr/bin/python3.12
2026-07-21 07:08:07.143 [info] Finished searching for interpreters in posix paths locator: 1527 milliseconds
2026-07-21 07:08:07.143 [info] > /bin/python -I /google/devshell/editor/code-oss-for-cloud-shell/extensions/ms-python.python/python_files/get_output_via_markers.py /google/devshell/editor/code-oss-for-cloud-shell/extensions/ms-python.python/python_files/interpreterInfo.py
2026-07-21 07:08:07.157 [info] > /usr/bin/python -I /google/devshell/editor/code-oss-for-cloud-shell/extensions/ms-python.python/python_files/get_output_via_markers.py /google/devshell/editor/code-oss-for-cloud-shell/extensions/ms-python.python/python_files/interpreterInfo.py
2026-07-21 07:08:07.157 [info] Environments refresh paths discovered (event): 1545 milliseconds
2026-07-21 07:08:07.157 [info] Environments refresh paths discovered: 1546 milliseconds
2026-07-21 07:08:07.221 [info] Environments refresh finished (event): 1610 milliseconds
2026-07-21 07:08:07.238 [info] Environment refresh took 1626 milliseconds
2026-07-21 07:08:07.244 [info] Python interpreter path: /bin/python
2026-07-21 07:08:12.538 [error] Unable to find workspace for given file
2026-07-21 07:08:16.693 [info] Starting Jedi language server for psv2482109.
