2026-07-21 12:27:22.519 [info] [main] Log level: Info
2026-07-21 12:27:22.519 [info] [main] Validating found git in: "git"
2026-07-21 12:27:22.519 [info] [main] Using git "2.43.0" from "git"
2026-07-21 12:27:22.520 [info] [Model][doInitialScan] Initial repository scan started
2026-07-21 12:27:22.520 [info] > git rev-parse --show-toplevel [6ms]
2026-07-21 12:27:22.520 [info] > git rev-parse --git-dir --git-common-dir --show-superproject-working-tree [5ms]
2026-07-21 12:27:22.600 [info] [Model][openRepository] Opened repository (path): /home/psv2482109
2026-07-21 12:27:22.600 [info] [Model][openRepository] Opened repository (real path): /home/psv2482109
2026-07-21 12:27:22.600 [info] [Model][openRepository] Opened repository (kind): repository
2026-07-21 12:27:22.615 [info] > git config --get commit.template [6ms]
2026-07-21 12:27:22.626 [info] > git rev-parse --show-toplevel [14ms]
2026-07-21 12:27:22.635 [info] > git rev-parse --show-toplevel [2ms]
2026-07-21 12:27:22.642 [info] > git rev-parse --show-toplevel [2ms]
2026-07-21 12:27:22.651 [info] > git rev-parse --show-toplevel [1ms]
2026-07-21 12:27:22.659 [info] > git rev-parse --show-toplevel [2ms]
2026-07-21 12:27:22.668 [info] > git rev-parse --show-toplevel [4ms]
2026-07-21 12:27:22.677 [info] > git rev-parse --show-toplevel [2ms]
2026-07-21 12:27:22.685 [info] > git for-each-ref --format=%(refname)%00%(upstream:short)%00%(objectname)%00%(upstream:track)%00%(upstream:remotename)%00%(upstream:remoteref) refs/heads/main refs/remotes/main [62ms]
2026-07-21 12:27:22.687 [info] > git rev-parse --show-toplevel [3ms]
2026-07-21 12:27:22.697 [info] > git rev-parse --show-toplevel [2ms]
2026-07-21 12:27:22.698 [info] [Model][doInitialScan] Initial repository scan completed - repositories (1), closed repositories (0), parent repositories (0), unsafe repositories (0)
2026-07-21 12:27:22.719 [info] > git for-each-ref --sort -committerdate --format %(refname)%00%(objectname)%00%(*objectname) [5ms]
2026-07-21 12:27:23.360 [info] > git check-ignore -v -z --stdin [30ms]
2026-07-21 12:27:23.468 [info] > git check-ignore -v -z --stdin [14ms]
2026-07-21 12:27:23.470 [info] > git show --textconv :linear.py [8ms]
2026-07-21 12:27:23.470 [info] > git ls-files --stage -- linear.py [3ms]
2026-07-21 12:27:23.478 [info] > git cat-file -s 63dcaec9aee746a72a15b42c8ba834d8c16030c6 [3ms]
2026-07-21 12:27:23.806 [info] > git status -z -uall [1099ms]
2026-07-21 12:27:23.883 [info] > git for-each-ref --format=%(refname)%00%(upstream:short)%00%(objectname)%00%(upstream:track)%00%(upstream:remotename)%00%(upstream:remoteref) refs/heads/main refs/remotes/main [8ms]
2026-07-21 12:27:23.890 [info] > git config --get commit.template [7ms]
2026-07-21 12:27:23.891 [info] > git config --get --local branch.main.vscode-merge-base [3ms]
2026-07-21 12:27:23.891 [warning] [Git][config] git config failed: Failed to execute git
2026-07-21 12:27:23.904 [info] > git for-each-ref --format=%(refname)%00%(upstream:short)%00%(objectname)%00%(upstream:track)%00%(upstream:remotename)%00%(upstream:remoteref) refs/heads/main refs/remotes/main [3ms]
2026-07-21 12:27:24.029 [info] > git status -z -uall [120ms]
2026-07-21 12:27:24.029 [info] > git for-each-ref --sort -committerdate --format %(refname)%00%(objectname)%00%(*objectname) [113ms]
2026-07-21 12:27:24.048 [info] > git reflog main --grep-reflog=branch: Created from *. [153ms]
2026-07-21 12:27:24.055 [info] > git symbolic-ref --short refs/remotes/origin/HEAD [3ms]
2026-07-21 12:27:24.055 [info] fatal: ref refs/remotes/origin/HEAD is not a symbolic ref
2026-07-21 12:27:24.055 [warning] [Repository][getDefaultBranch] Failed to get default branch details: Failed to execute git.
2026-07-21 12:27:24.067 [info] > git merge-base refs/heads/main refs/remotes/origin/main [6ms]
2026-07-21 12:27:24.073 [info] > git merge-base refs/heads/main refs/remotes/origin/main [7ms]
2026-07-21 12:27:24.080 [info] > git diff --raw --numstat --diff-filter=ADMR -z --find-renames=50% 33b5b1d650895df59e78a6e025c7fd91472c6f56...refs/remotes/origin/main -- [8ms]
2026-07-21 12:27:24.082 [info] > git diff --raw --numstat --diff-filter=ADMR -z --find-renames=50% 33b5b1d650895df59e78a6e025c7fd91472c6f56...refs/remotes/origin/main -- [3ms]
2026-07-21 12:27:24.666 [info] > git check-ignore -v -z --stdin [4ms]
2026-07-21 12:27:29.879 [info] > git config --get commit.template [6ms]
2026-07-21 12:27:29.886 [info] > git for-each-ref --format=%(refname)%00%(upstream:short)%00%(objectname)%00%(upstream:track)%00%(upstream:remotename)%00%(upstream:remoteref) refs/heads/main refs/remotes/main [3ms]
2026-07-21 12:27:29.900 [info] > git for-each-ref --sort -committerdate --format %(refname)%00%(objectname)%00%(*objectname) [2ms]
2026-07-21 12:27:29.947 [info] > git status -z -uall [55ms]
2026-07-21 12:27:32.718 [info] > git check-ignore -v -z --stdin [481ms]
2026-07-21 12:27:37.043 [info] > git config --get commit.template [286ms]
2026-07-21 12:27:37.072 [info] > git for-each-ref --format=%(refname)%00%(upstream:short)%00%(objectname)%00%(upstream:track)%00%(upstream:remotename)%00%(upstream:remoteref) refs/heads/main refs/remotes/main [13ms]
2026-07-21 12:27:37.108 [info] > git for-each-ref --sort -committerdate --format %(refname)%00%(objectname)%00%(*objectname) [14ms]
2026-07-21 12:27:37.229 [info] > git status -z -uall [145ms]
2026-07-21 12:27:38.085 [info] > git check-ignore -v -z --stdin [2ms]
2026-07-21 12:27:48.307 [info] > git config --get commit.template [41ms]
2026-07-21 12:27:48.328 [info] > git for-each-ref --format=%(refname)%00%(upstream:short)%00%(objectname)%00%(upstream:track)%00%(upstream:remotename)%00%(upstream:remoteref) refs/heads/main refs/remotes/main [3ms]
2026-07-21 12:27:48.371 [info] > git for-each-ref --sort -committerdate --format %(refname)%00%(objectname)%00%(*objectname) [5ms]
2026-07-21 12:27:48.442 [info] > git status -z -uall [94ms]
2026-07-21 12:27:49.374 [info] > git check-ignore -v -z --stdin [3ms]
2026-07-21 12:27:59.427 [info] > git config --get commit.template [3ms]
2026-07-21 12:27:59.444 [info] > git for-each-ref --format=%(refname)%00%(upstream:short)%00%(objectname)%00%(upstream:track)%00%(upstream:remotename)%00%(upstream:remoteref) refs/heads/main refs/remotes/main [2ms]
2026-07-21 12:27:59.477 [info] > git for-each-ref --sort -committerdate --format %(refname)%00%(objectname)%00%(*objectname) [3ms]
2026-07-21 12:27:59.526 [info] > git status -z -uall [67ms]
2026-07-21 12:28:00.313 [info] > git check-ignore -v -z --stdin [3ms]
