2026-07-08 09:52:55.096 [info] [main] Log level: Info
2026-07-08 09:52:55.096 [info] [main] Validating found git in: "git"
2026-07-08 09:52:55.096 [info] [main] Using git "2.43.0" from "git"
2026-07-08 09:52:55.096 [info] [Model][doInitialScan] Initial repository scan started
2026-07-08 09:52:55.096 [info] > git rev-parse --show-toplevel [15ms]
2026-07-08 09:52:55.096 [info] > git rev-parse --git-dir --git-common-dir --show-superproject-working-tree [15ms]
2026-07-08 09:52:55.096 [info] [Model][openRepository] Opened repository (path): /home/psv2482109
2026-07-08 09:52:55.096 [info] [Model][openRepository] Opened repository (real path): /home/psv2482109
2026-07-08 09:52:55.096 [info] [Model][openRepository] Opened repository (kind): repository
2026-07-08 09:52:55.096 [info] > git config --get commit.template [12ms]
2026-07-08 09:52:55.096 [info] > git rev-parse --show-toplevel [15ms]
2026-07-08 09:52:55.097 [info] > git rev-parse --show-toplevel [17ms]
2026-07-08 09:52:55.098 [info] > git for-each-ref --format=%(refname)%00%(upstream:short)%00%(objectname)%00%(upstream:track)%00%(upstream:remotename)%00%(upstream:remoteref) refs/heads/main refs/remotes/main [28ms]
2026-07-08 09:52:55.106 [info] > git rev-parse --show-toplevel [3ms]
2026-07-08 09:52:55.126 [info] > git for-each-ref --sort -committerdate --format %(refname)%00%(objectname)%00%(*objectname) [3ms]
2026-07-08 09:52:55.128 [info] > git rev-parse --show-toplevel [17ms]
2026-07-08 09:52:55.136 [info] > git rev-parse --show-toplevel [2ms]
2026-07-08 09:52:55.145 [info] > git rev-parse --show-toplevel [3ms]
2026-07-08 09:52:55.153 [info] > git rev-parse --show-toplevel [3ms]
2026-07-08 09:52:55.165 [info] > git rev-parse --show-toplevel [6ms]
2026-07-08 09:52:55.173 [info] > git rev-parse --show-toplevel [2ms]
2026-07-08 09:52:55.174 [info] [Model][doInitialScan] Initial repository scan completed - repositories (1), closed repositories (0), parent repositories (0), unsafe repositories (0)
2026-07-08 09:52:55.618 [info] > git status -z -uall [501ms]
2026-07-08 09:52:55.725 [info] > git check-ignore -v -z --stdin [9ms]
2026-07-08 09:52:55.726 [info] > git for-each-ref --format=%(refname)%00%(upstream:short)%00%(objectname)%00%(upstream:track)%00%(upstream:remotename)%00%(upstream:remoteref) refs/heads/main refs/remotes/main [24ms]
2026-07-08 09:52:55.752 [info] > git config --get --local branch.main.vscode-merge-base [17ms]
2026-07-08 09:52:55.752 [warning] [Git][config] git config failed: Failed to execute git
2026-07-08 09:52:55.759 [info] > git config --get commit.template [36ms]
2026-07-08 09:52:55.770 [info] > git for-each-ref --format=%(refname)%00%(upstream:short)%00%(objectname)%00%(upstream:track)%00%(upstream:remotename)%00%(upstream:remoteref) refs/heads/main refs/remotes/main [3ms]
2026-07-08 09:52:55.789 [info] > git for-each-ref --sort -committerdate --format %(refname)%00%(objectname)%00%(*objectname) [2ms]
2026-07-08 09:52:55.808 [info] > git reflog main --grep-reflog=branch: Created from *. [49ms]
2026-07-08 09:52:55.820 [info] > git symbolic-ref --short refs/remotes/origin/HEAD [4ms]
2026-07-08 09:52:55.820 [info] fatal: ref refs/remotes/origin/HEAD is not a symbolic ref
2026-07-08 09:52:55.820 [warning] [Repository][getDefaultBranch] Failed to get default branch details: Failed to execute git.
2026-07-08 09:52:55.830 [info] > git status -z -uall [53ms]
2026-07-08 09:52:56.290 [info] > git merge-base refs/heads/main refs/remotes/origin/main [448ms]
2026-07-08 09:52:56.304 [info] > git merge-base refs/heads/main refs/remotes/origin/main [476ms]
2026-07-08 09:52:56.419 [info] > git diff --raw --numstat --diff-filter=ADMR -z --find-renames=50% 33b5b1d650895df59e78a6e025c7fd91472c6f56...refs/remotes/origin/main -- [99ms]
2026-07-08 09:52:56.420 [info] > git diff --raw --numstat --diff-filter=ADMR -z --find-renames=50% 33b5b1d650895df59e78a6e025c7fd91472c6f56...refs/remotes/origin/main -- [117ms]
2026-07-08 09:53:01.255 [info] > git config --get commit.template [295ms]
2026-07-08 09:53:01.366 [info] > git for-each-ref --format=%(refname)%00%(upstream:short)%00%(objectname)%00%(upstream:track)%00%(upstream:remotename)%00%(upstream:remoteref) refs/heads/main refs/remotes/main [60ms]
2026-07-08 09:53:05.047 [info] > git for-each-ref --sort -committerdate --format %(refname)%00%(objectname)%00%(*objectname) [36ms]
2026-07-08 09:53:05.059 [info] > git status -z -uall [59ms]
2026-07-08 09:53:05.738 [info] > git check-ignore -v -z --stdin [22ms]
2026-07-08 09:53:06.047 [info] > git check-ignore -v -z --stdin [4ms]
2026-07-08 09:53:06.173 [info] > git show --textconv :app.py [23ms]
2026-07-08 09:53:06.174 [info] > git ls-files --stage -- app.py [5ms]
2026-07-08 09:53:06.197 [info] > git cat-file -s 704d8d5f1adf7c7ee03b14f22178b3b4efa28bed [7ms]
2026-07-08 09:53:06.419 [info] > git check-ignore -v -z --stdin [6ms]
2026-07-08 09:53:06.783 [info] > git check-ignore -v -z --stdin [3ms]
2026-07-08 09:53:06.926 [info] > git ls-files --stage -- linear.py [4ms]
2026-07-08 09:53:06.949 [info] > git show --textconv :linear.py [43ms]
2026-07-08 09:53:06.951 [info] > git cat-file -s 63dcaec9aee746a72a15b42c8ba834d8c16030c6 [10ms]
2026-07-08 09:53:07.548 [info] > git blame --root --incremental 33b5b1d650895df59e78a6e025c7fd91472c6f56 -- linear.py [341ms]
2026-07-08 09:53:10.088 [info] > git config --get commit.template [4ms]
2026-07-08 09:53:10.114 [info] > git for-each-ref --format=%(refname)%00%(upstream:short)%00%(objectname)%00%(upstream:track)%00%(upstream:remotename)%00%(upstream:remoteref) refs/heads/main refs/remotes/main [7ms]
2026-07-08 09:53:10.193 [info] > git for-each-ref --sort -committerdate --format %(refname)%00%(objectname)%00%(*objectname) [10ms]
2026-07-08 09:53:10.255 [info] > git status -z -uall [103ms]
2026-07-08 09:53:10.787 [info] > git check-ignore -v -z --stdin [9ms]
2026-07-08 09:53:15.326 [info] > git config --get commit.template [33ms]
2026-07-08 09:53:15.328 [info] > git for-each-ref --format=%(refname)%00%(upstream:short)%00%(objectname)%00%(upstream:track)%00%(upstream:remotename)%00%(upstream:remoteref) refs/heads/main refs/remotes/main [6ms]
2026-07-08 09:53:15.391 [info] > git for-each-ref --sort -committerdate --format %(refname)%00%(objectname)%00%(*objectname) [5ms]
2026-07-08 09:53:15.502 [info] > git status -z -uall [145ms]
2026-07-08 09:53:15.517 [info] > git check-ignore -v -z --stdin [20ms]
2026-07-08 09:53:16.254 [info] > git show --textconv :app.py [35ms]
2026-07-08 09:53:16.281 [info] > git ls-files --stage -- app.py [46ms]
2026-07-08 09:53:16.307 [info] > git cat-file -s 704d8d5f1adf7c7ee03b14f22178b3b4efa28bed [3ms]
2026-07-08 09:53:16.728 [info] > git check-ignore -v -z --stdin [3ms]
2026-07-08 09:53:20.905 [info] > git config --get commit.template [30ms]
2026-07-08 09:53:20.924 [info] > git for-each-ref --format=%(refname)%00%(upstream:short)%00%(objectname)%00%(upstream:track)%00%(upstream:remotename)%00%(upstream:remoteref) refs/heads/main refs/remotes/main [2ms]
2026-07-08 09:53:20.993 [info] > git for-each-ref --sort -committerdate --format %(refname)%00%(objectname)%00%(*objectname) [12ms]
2026-07-08 09:53:21.098 [info] > git status -z -uall [135ms]
2026-07-08 09:53:21.736 [info] > git check-ignore -v -z --stdin [3ms]
2026-07-08 09:53:22.855 [info] > git check-ignore -v -z --stdin [3ms]
2026-07-08 09:53:22.966 [info] > git ls-files --stage -- add.py [3ms]
2026-07-08 09:53:22.988 [info] > git show --textconv :add.py [35ms]
2026-07-08 09:53:22.988 [info] > git cat-file -s db6c7812564e033eb302023322204dc37fa64f63 [14ms]
2026-07-08 09:53:23.468 [info] > git blame --root --incremental 33b5b1d650895df59e78a6e025c7fd91472c6f56 -- add.py [382ms]
2026-07-08 09:53:32.042 [info] > git config --get commit.template [9ms]
2026-07-08 09:53:32.043 [info] > git for-each-ref --format=%(refname)%00%(upstream:short)%00%(objectname)%00%(upstream:track)%00%(upstream:remotename)%00%(upstream:remoteref) refs/heads/main refs/remotes/main [3ms]
2026-07-08 09:53:32.063 [info] > git for-each-ref --sort -committerdate --format %(refname)%00%(objectname)%00%(*objectname) [2ms]
2026-07-08 09:53:32.109 [info] > git status -z -uall [57ms]
2026-07-08 09:53:32.836 [info] > git check-ignore -v -z --stdin [3ms]
2026-07-08 09:53:37.137 [info] > git config --get commit.template [9ms]
2026-07-08 09:53:37.139 [info] > git for-each-ref --format=%(refname)%00%(upstream:short)%00%(objectname)%00%(upstream:track)%00%(upstream:remotename)%00%(upstream:remoteref) refs/heads/main refs/remotes/main [3ms]
2026-07-08 09:53:37.161 [info] > git for-each-ref --sort -committerdate --format %(refname)%00%(objectname)%00%(*objectname) [3ms]
2026-07-08 09:53:37.207 [info] > git status -z -uall [58ms]
2026-07-08 09:53:37.912 [info] > git check-ignore -v -z --stdin [2ms]
2026-07-08 09:53:42.236 [info] > git config --get commit.template [9ms]
2026-07-08 09:53:42.236 [info] > git for-each-ref --format=%(refname)%00%(upstream:short)%00%(objectname)%00%(upstream:track)%00%(upstream:remotename)%00%(upstream:remoteref) refs/heads/main refs/remotes/main [2ms]
2026-07-08 09:53:42.254 [info] > git for-each-ref --sort -committerdate --format %(refname)%00%(objectname)%00%(*objectname) [2ms]
2026-07-08 09:53:42.295 [info] > git status -z -uall [52ms]
2026-07-08 09:53:43.052 [info] > git check-ignore -v -z --stdin [2ms]
2026-07-08 09:53:44.453 [info] > git check-ignore -v -z --stdin [3ms]
2026-07-08 09:53:44.550 [info] > git show --textconv :app.py [8ms]
2026-07-08 09:53:44.552 [info] > git ls-files --stage -- app.py [3ms]
2026-07-08 09:53:44.561 [info] > git cat-file -s 704d8d5f1adf7c7ee03b14f22178b3b4efa28bed [2ms]
2026-07-08 09:53:45.237 [info] > git check-ignore -v -z --stdin [3ms]
2026-07-08 09:53:45.342 [info] > git show --textconv :linear.py [10ms]
2026-07-08 09:53:45.343 [info] > git ls-files --stage -- linear.py [3ms]
2026-07-08 09:53:45.354 [info] > git cat-file -s 63dcaec9aee746a72a15b42c8ba834d8c16030c6 [2ms]
2026-07-08 09:53:48.056 [info] > git config --get commit.template [9ms]
2026-07-08 09:53:48.057 [info] > git for-each-ref --format=%(refname)%00%(upstream:short)%00%(objectname)%00%(upstream:track)%00%(upstream:remotename)%00%(upstream:remoteref) refs/heads/main refs/remotes/main [2ms]
2026-07-08 09:53:48.078 [info] > git for-each-ref --sort -committerdate --format %(refname)%00%(objectname)%00%(*objectname) [2ms]
2026-07-08 09:53:48.120 [info] > git status -z -uall [53ms]
2026-07-08 09:53:50.634 [info] > git check-ignore -v -z --stdin [3ms]
2026-07-08 10:10:50.955 [info] > git config --get commit.template [4ms]
2026-07-08 10:10:50.965 [info] > git for-each-ref --format=%(refname)%00%(upstream:short)%00%(objectname)%00%(upstream:track)%00%(upstream:remotename)%00%(upstream:remoteref) refs/heads/main refs/remotes/main [1ms]
2026-07-08 10:10:50.987 [info] > git for-each-ref --sort -committerdate --format %(refname)%00%(objectname)%00%(*objectname) [2ms]
2026-07-08 10:10:51.035 [info] > git status -z -uall [61ms]
2026-07-08 10:10:51.707 [info] > git check-ignore -v -z --stdin [3ms]
2026-07-08 10:17:01.144 [info] > git config --get commit.template [3ms]
2026-07-08 10:17:01.153 [info] > git for-each-ref --format=%(refname)%00%(upstream:short)%00%(objectname)%00%(upstream:track)%00%(upstream:remotename)%00%(upstream:remoteref) refs/heads/main refs/remotes/main [2ms]
2026-07-08 10:17:01.171 [info] > git for-each-ref --sort -committerdate --format %(refname)%00%(objectname)%00%(*objectname) [3ms]
2026-07-08 10:17:01.213 [info] > git status -z -uall [53ms]
2026-07-08 10:17:01.937 [info] > git check-ignore -v -z --stdin [3ms]
