2026-09-11 06:51:29.677 [info] [main] Log level: Info
2026-09-11 06:51:29.677 [info] [main] Validating found git in: "git"
2026-09-11 06:51:29.677 [info] [main] Using git "2.43.0" from "git"
2026-09-11 06:51:29.677 [info] [Model][doInitialScan] Initial repository scan started
2026-09-11 06:51:29.677 [info] > git rev-parse --show-toplevel [6ms]
2026-09-11 06:51:29.677 [info] > git rev-parse --git-dir --git-common-dir --show-superproject-working-tree [7ms]
2026-09-11 06:51:29.924 [info] [Model][openRepository] Opened repository (path): /home/psv2482109
2026-09-11 06:51:29.924 [info] [Model][openRepository] Opened repository (real path): /home/psv2482109
2026-09-11 06:51:29.924 [info] [Model][openRepository] Opened repository (kind): repository
2026-09-11 06:51:30.208 [info] > git rev-parse --show-toplevel [41ms]
2026-09-11 06:51:30.212 [info] > git config --get commit.template [49ms]
2026-09-11 06:51:30.213 [info] > git config --get --local core.virtualfilesystem [281ms]
2026-09-11 06:51:30.213 [warning] [Git][config] git config failed: Failed to execute git
2026-09-11 06:51:30.258 [info] > git rev-parse --show-toplevel [31ms]
2026-09-11 06:51:30.273 [info] > git rev-parse --show-toplevel [3ms]
2026-09-11 06:51:30.285 [info] > git for-each-ref --format=%(refname)%00%(upstream:short)%00%(objectname)%00%(upstream:track)%00%(upstream:remotename)%00%(upstream:remoteref) refs/heads/main refs/remotes/main [31ms]
2026-09-11 06:51:30.288 [info] > git rev-parse --show-toplevel [7ms]
2026-09-11 06:51:30.304 [info] > git rev-parse --show-toplevel [6ms]
2026-09-11 06:51:30.348 [info] > git rev-parse --show-toplevel [3ms]
2026-09-11 06:51:30.349 [info] > git for-each-ref --sort -committerdate --format %(refname)%00%(objectname)%00%(*objectname) [17ms]
2026-09-11 06:51:30.375 [info] > git rev-parse --show-toplevel [7ms]
2026-09-11 06:51:30.403 [info] > git rev-parse --show-toplevel [14ms]
2026-09-11 06:51:30.493 [info] > git rev-parse --show-toplevel [79ms]
2026-09-11 06:51:30.494 [info] [Model][doInitialScan] Initial repository scan completed - repositories (1), closed repositories (0), parent repositories (0), unsafe repositories (0)
2026-09-11 06:51:30.793 [info] > git status -z -uall [474ms]
2026-09-11 06:51:30.905 [info] > git for-each-ref --format=%(refname)%00%(upstream:short)%00%(objectname)%00%(upstream:track)%00%(upstream:remotename)%00%(upstream:remoteref) refs/heads/main refs/remotes/main [21ms]
2026-09-11 06:51:31.179 [info] > git check-ignore -v -z --stdin [259ms]
2026-09-11 06:51:31.180 [info] > git config --get --local branch.main.vscode-merge-base [267ms]
2026-09-11 06:51:31.180 [warning] [Git][config] git config failed: Failed to execute git
2026-09-11 06:51:31.188 [info] > git config --get commit.template [290ms]
2026-09-11 06:51:31.203 [info] > git for-each-ref --format=%(refname)%00%(upstream:short)%00%(objectname)%00%(upstream:track)%00%(upstream:remotename)%00%(upstream:remoteref) refs/heads/main refs/remotes/main [2ms]
2026-09-11 06:51:31.225 [info] > git reflog main --grep-reflog=branch: Created from *. [38ms]
2026-09-11 06:51:31.232 [info] > git for-each-ref --sort -committerdate --format %(refname)%00%(objectname)%00%(*objectname) [11ms]
2026-09-11 06:51:31.235 [info] > git symbolic-ref --short refs/remotes/origin/HEAD [4ms]
2026-09-11 06:51:31.236 [info] fatal: ref refs/remotes/origin/HEAD is not a symbolic ref
2026-09-11 06:51:31.236 [warning] [Repository][getDefaultBranch] Failed to get default branch details: Failed to execute git.
2026-09-11 06:51:31.247 [info] > git merge-base refs/heads/main refs/remotes/origin/main [3ms]
2026-09-11 06:51:31.259 [info] > git diff --raw --numstat --diff-filter=ADMR -z --find-renames=50% 33b5b1d650895df59e78a6e025c7fd91472c6f56...refs/remotes/origin/main -- [2ms]
2026-09-11 06:51:31.280 [info] > git status -z -uall [69ms]
2026-09-11 06:51:35.671 [info] > git check-ignore -v -z --stdin [231ms]
2026-09-11 06:51:35.676 [info] > git config --get commit.template [224ms]
2026-09-11 06:51:36.899 [info] > git for-each-ref --format=%(refname)%00%(upstream:short)%00%(objectname)%00%(upstream:track)%00%(upstream:remotename)%00%(upstream:remoteref) refs/heads/main refs/remotes/main [645ms]
2026-09-11 06:51:36.922 [info] > git show --textconv :linear.py [66ms]
2026-09-11 06:51:36.926 [info] > git ls-files --stage -- linear.py [45ms]
2026-09-11 06:51:40.458 [info] > git cat-file -s 63dcaec9aee746a72a15b42c8ba834d8c16030c6 [3507ms]
2026-09-11 06:51:40.551 [info] > git for-each-ref --sort -committerdate --format %(refname)%00%(objectname)%00%(*objectname) [59ms]
2026-09-11 06:51:40.594 [info] > git status -z -uall [118ms]
2026-09-11 06:51:45.662 [info] > git config --get commit.template [4ms]
2026-09-11 06:51:45.689 [info] > git for-each-ref --format=%(refname)%00%(upstream:short)%00%(objectname)%00%(upstream:track)%00%(upstream:remotename)%00%(upstream:remoteref) refs/heads/main refs/remotes/main [3ms]
2026-09-11 06:51:45.747 [info] > git for-each-ref --sort -committerdate --format %(refname)%00%(objectname)%00%(*objectname) [8ms]
2026-09-11 06:51:45.871 [info] > git status -z -uall [155ms]
2026-09-11 06:51:58.122 [info] > git config --get commit.template [45ms]
2026-09-11 06:51:58.131 [info] > git for-each-ref --format=%(refname)%00%(upstream:short)%00%(objectname)%00%(upstream:track)%00%(upstream:remotename)%00%(upstream:remoteref) refs/heads/main refs/remotes/main [15ms]
2026-09-11 06:51:58.190 [info] > git for-each-ref --sort -committerdate --format %(refname)%00%(objectname)%00%(*objectname) [9ms]
2026-09-11 06:51:58.334 [info] > git status -z -uall [183ms]
2026-09-11 06:52:03.933 [info] > git config --get commit.template [12ms]
2026-09-11 06:52:03.934 [info] > git for-each-ref --format=%(refname)%00%(upstream:short)%00%(objectname)%00%(upstream:track)%00%(upstream:remotename)%00%(upstream:remoteref) refs/heads/main refs/remotes/main [3ms]
2026-09-11 06:52:03.958 [info] > git for-each-ref --sort -committerdate --format %(refname)%00%(objectname)%00%(*objectname) [4ms]
2026-09-11 06:52:04.018 [info] > git status -z -uall [72ms]
2026-09-11 06:52:09.060 [info] > git config --get commit.template [3ms]
2026-09-11 06:52:09.073 [info] > git for-each-ref --format=%(refname)%00%(upstream:short)%00%(objectname)%00%(upstream:track)%00%(upstream:remotename)%00%(upstream:remoteref) refs/heads/main refs/remotes/main [4ms]
2026-09-11 06:52:09.097 [info] > git for-each-ref --sort -committerdate --format %(refname)%00%(objectname)%00%(*objectname) [2ms]
2026-09-11 06:52:09.158 [info] > git status -z -uall [75ms]
2026-09-11 06:52:14.208 [info] > git config --get commit.template [13ms]
2026-09-11 06:52:14.210 [info] > git for-each-ref --format=%(refname)%00%(upstream:short)%00%(objectname)%00%(upstream:track)%00%(upstream:remotename)%00%(upstream:remoteref) refs/heads/main refs/remotes/main [3ms]
2026-09-11 06:52:14.237 [info] > git for-each-ref --sort -committerdate --format %(refname)%00%(objectname)%00%(*objectname) [3ms]
2026-09-11 06:52:14.298 [info] > git status -z -uall [76ms]
2026-09-11 06:52:52.905 [info] > git config --get commit.template [13ms]
2026-09-11 06:52:52.906 [info] > git for-each-ref --format=%(refname)%00%(upstream:short)%00%(objectname)%00%(upstream:track)%00%(upstream:remotename)%00%(upstream:remoteref) refs/heads/main refs/remotes/main [3ms]
2026-09-11 06:52:52.933 [info] > git for-each-ref --sort -committerdate --format %(refname)%00%(objectname)%00%(*objectname) [7ms]
2026-09-11 06:52:54.077 [info] > git status -z -uall [1161ms]
2026-09-11 06:52:59.133 [info] > git config --get commit.template [15ms]
2026-09-11 06:52:59.134 [info] > git for-each-ref --format=%(refname)%00%(upstream:short)%00%(objectname)%00%(upstream:track)%00%(upstream:remotename)%00%(upstream:remoteref) refs/heads/main refs/remotes/main [3ms]
2026-09-11 06:52:59.161 [info] > git for-each-ref --sort -committerdate --format %(refname)%00%(objectname)%00%(*objectname) [3ms]
2026-09-11 06:52:59.690 [info] > git status -z -uall [543ms]
2026-09-11 06:53:04.728 [info] > git config --get commit.template [11ms]
2026-09-11 06:53:04.730 [info] > git for-each-ref --format=%(refname)%00%(upstream:short)%00%(objectname)%00%(upstream:track)%00%(upstream:remotename)%00%(upstream:remoteref) refs/heads/main refs/remotes/main [3ms]
2026-09-11 06:53:04.757 [info] > git for-each-ref --sort -committerdate --format %(refname)%00%(objectname)%00%(*objectname) [3ms]
2026-09-11 06:53:05.290 [info] > git status -z -uall [548ms]
2026-09-11 06:53:10.331 [info] > git config --get commit.template [12ms]
2026-09-11 06:53:10.333 [info] > git for-each-ref --format=%(refname)%00%(upstream:short)%00%(objectname)%00%(upstream:track)%00%(upstream:remotename)%00%(upstream:remoteref) refs/heads/main refs/remotes/main [3ms]
2026-09-11 06:53:10.358 [info] > git for-each-ref --sort -committerdate --format %(refname)%00%(objectname)%00%(*objectname) [3ms]
2026-09-11 06:53:10.876 [info] > git status -z -uall [533ms]
2026-09-11 06:53:15.911 [info] > git config --get commit.template [12ms]
2026-09-11 06:53:15.913 [info] > git for-each-ref --format=%(refname)%00%(upstream:short)%00%(objectname)%00%(upstream:track)%00%(upstream:remotename)%00%(upstream:remoteref) refs/heads/main refs/remotes/main [3ms]
2026-09-11 06:53:15.940 [info] > git for-each-ref --sort -committerdate --format %(refname)%00%(objectname)%00%(*objectname) [3ms]
2026-09-11 06:53:16.526 [info] > git status -z -uall [602ms]
2026-09-11 06:53:21.564 [info] > git config --get commit.template [11ms]
2026-09-11 06:53:21.565 [info] > git for-each-ref --format=%(refname)%00%(upstream:short)%00%(objectname)%00%(upstream:track)%00%(upstream:remotename)%00%(upstream:remoteref) refs/heads/main refs/remotes/main [2ms]
2026-09-11 06:53:21.593 [info] > git for-each-ref --sort -committerdate --format %(refname)%00%(objectname)%00%(*objectname) [4ms]
2026-09-11 06:53:22.128 [info] > git status -z -uall [551ms]
2026-09-11 06:53:27.167 [info] > git config --get commit.template [12ms]
2026-09-11 06:53:27.168 [info] > git for-each-ref --format=%(refname)%00%(upstream:short)%00%(objectname)%00%(upstream:track)%00%(upstream:remotename)%00%(upstream:remoteref) refs/heads/main refs/remotes/main [2ms]
2026-09-11 06:53:27.194 [info] > git for-each-ref --sort -committerdate --format %(refname)%00%(objectname)%00%(*objectname) [3ms]
2026-09-11 06:53:27.701 [info] > git status -z -uall [521ms]
2026-09-11 06:53:32.735 [info] > git config --get commit.template [11ms]
2026-09-11 06:53:32.737 [info] > git for-each-ref --format=%(refname)%00%(upstream:short)%00%(objectname)%00%(upstream:track)%00%(upstream:remotename)%00%(upstream:remoteref) refs/heads/main refs/remotes/main [3ms]
2026-09-11 06:53:32.760 [info] > git for-each-ref --sort -committerdate --format %(refname)%00%(objectname)%00%(*objectname) [3ms]
2026-09-11 06:53:33.335 [info] > git status -z -uall [588ms]
2026-09-11 06:53:39.436 [info] > git config --get commit.template [11ms]
2026-09-11 06:53:39.437 [info] > git for-each-ref --format=%(refname)%00%(upstream:short)%00%(objectname)%00%(upstream:track)%00%(upstream:remotename)%00%(upstream:remoteref) refs/heads/main refs/remotes/main [2ms]
2026-09-11 06:53:39.461 [info] > git for-each-ref --sort -committerdate --format %(refname)%00%(objectname)%00%(*objectname) [3ms]
2026-09-11 06:53:39.974 [info] > git status -z -uall [527ms]
2026-09-11 06:53:50.202 [info] > git config --get commit.template [12ms]
2026-09-11 06:53:50.203 [info] > git for-each-ref --format=%(refname)%00%(upstream:short)%00%(objectname)%00%(upstream:track)%00%(upstream:remotename)%00%(upstream:remoteref) refs/heads/main refs/remotes/main [2ms]
2026-09-11 06:53:50.232 [info] > git for-each-ref --sort -committerdate --format %(refname)%00%(objectname)%00%(*objectname) [4ms]
2026-09-11 06:53:50.855 [info] > git status -z -uall [640ms]
2026-09-11 06:54:36.744 [info] > git config --get commit.template [11ms]
2026-09-11 06:54:36.745 [info] > git for-each-ref --format=%(refname)%00%(upstream:short)%00%(objectname)%00%(upstream:track)%00%(upstream:remotename)%00%(upstream:remoteref) refs/heads/main refs/remotes/main [2ms]
2026-09-11 06:54:36.769 [info] > git for-each-ref --sort -committerdate --format %(refname)%00%(objectname)%00%(*objectname) [3ms]
2026-09-11 06:54:37.358 [info] > git status -z -uall [603ms]
2026-09-11 06:54:42.395 [info] > git config --get commit.template [11ms]
2026-09-11 06:54:42.396 [info] > git for-each-ref --format=%(refname)%00%(upstream:short)%00%(objectname)%00%(upstream:track)%00%(upstream:remotename)%00%(upstream:remoteref) refs/heads/main refs/remotes/main [2ms]
2026-09-11 06:54:42.421 [info] > git for-each-ref --sort -committerdate --format %(refname)%00%(objectname)%00%(*objectname) [3ms]
2026-09-11 06:54:42.921 [info] > git status -z -uall [513ms]
2026-09-11 06:54:47.963 [info] > git for-each-ref --format=%(refname)%00%(upstream:short)%00%(objectname)%00%(upstream:track)%00%(upstream:remotename)%00%(upstream:remoteref) refs/heads/main refs/remotes/main [4ms]
2026-09-11 06:54:47.964 [info] > git config --get commit.template [16ms]
2026-09-11 06:54:47.993 [info] > git for-each-ref --sort -committerdate --format %(refname)%00%(objectname)%00%(*objectname) [3ms]
2026-09-11 06:54:48.665 [info] > git status -z -uall [689ms]
2026-09-11 06:54:53.705 [info] > git config --get commit.template [13ms]
2026-09-11 06:54:53.706 [info] > git for-each-ref --format=%(refname)%00%(upstream:short)%00%(objectname)%00%(upstream:track)%00%(upstream:remotename)%00%(upstream:remoteref) refs/heads/main refs/remotes/main [2ms]
2026-09-11 06:54:53.734 [info] > git for-each-ref --sort -committerdate --format %(refname)%00%(objectname)%00%(*objectname) [3ms]
2026-09-11 06:54:54.408 [info] > git status -z -uall [690ms]
2026-09-11 06:54:59.718 [info] > git config --get commit.template [12ms]
2026-09-11 06:54:59.719 [info] > git for-each-ref --format=%(refname)%00%(upstream:short)%00%(objectname)%00%(upstream:track)%00%(upstream:remotename)%00%(upstream:remoteref) refs/heads/main refs/remotes/main [3ms]
2026-09-11 06:54:59.744 [info] > git for-each-ref --sort -committerdate --format %(refname)%00%(objectname)%00%(*objectname) [3ms]
2026-09-11 06:55:00.315 [info] > git status -z -uall [585ms]
2026-09-11 06:55:05.356 [info] > git config --get commit.template [15ms]
2026-09-11 06:55:05.359 [info] > git for-each-ref --format=%(refname)%00%(upstream:short)%00%(objectname)%00%(upstream:track)%00%(upstream:remotename)%00%(upstream:remoteref) refs/heads/main refs/remotes/main [4ms]
2026-09-11 06:55:05.389 [info] > git for-each-ref --sort -committerdate --format %(refname)%00%(objectname)%00%(*objectname) [3ms]
2026-09-11 06:55:05.948 [info] > git status -z -uall [577ms]
2026-09-11 06:55:10.986 [info] > git config --get commit.template [11ms]
2026-09-11 06:55:10.986 [info] > git for-each-ref --format=%(refname)%00%(upstream:short)%00%(objectname)%00%(upstream:track)%00%(upstream:remotename)%00%(upstream:remoteref) refs/heads/main refs/remotes/main [2ms]
2026-09-11 06:55:11.022 [info] > git for-each-ref --sort -committerdate --format %(refname)%00%(objectname)%00%(*objectname) [5ms]
2026-09-11 06:55:11.573 [info] > git status -z -uall [574ms]
2026-09-11 06:55:16.611 [info] > git config --get commit.template [13ms]
2026-09-11 06:55:16.612 [info] > git for-each-ref --format=%(refname)%00%(upstream:short)%00%(objectname)%00%(upstream:track)%00%(upstream:remotename)%00%(upstream:remoteref) refs/heads/main refs/remotes/main [2ms]
2026-09-11 06:55:16.637 [info] > git for-each-ref --sort -committerdate --format %(refname)%00%(objectname)%00%(*objectname) [3ms]
2026-09-11 06:55:17.217 [info] > git status -z -uall [593ms]
2026-09-11 06:55:22.254 [info] > git config --get commit.template [13ms]
2026-09-11 06:55:22.256 [info] > git for-each-ref --format=%(refname)%00%(upstream:short)%00%(objectname)%00%(upstream:track)%00%(upstream:remotename)%00%(upstream:remoteref) refs/heads/main refs/remotes/main [3ms]
2026-09-11 06:55:22.284 [info] > git for-each-ref --sort -committerdate --format %(refname)%00%(objectname)%00%(*objectname) [3ms]
2026-09-11 06:55:22.911 [info] > git status -z -uall [641ms]
2026-09-11 06:55:27.951 [info] > git config --get commit.template [14ms]
2026-09-11 06:55:27.952 [info] > git for-each-ref --format=%(refname)%00%(upstream:short)%00%(objectname)%00%(upstream:track)%00%(upstream:remotename)%00%(upstream:remoteref) refs/heads/main refs/remotes/main [2ms]
2026-09-11 06:55:27.983 [info] > git for-each-ref --sort -committerdate --format %(refname)%00%(objectname)%00%(*objectname) [3ms]
2026-09-11 06:55:28.647 [info] > git status -z -uall [682ms]
2026-09-11 06:55:33.687 [info] > git config --get commit.template [14ms]
2026-09-11 06:55:33.689 [info] > git for-each-ref --format=%(refname)%00%(upstream:short)%00%(objectname)%00%(upstream:track)%00%(upstream:remotename)%00%(upstream:remoteref) refs/heads/main refs/remotes/main [3ms]
2026-09-11 06:55:33.715 [info] > git for-each-ref --sort -committerdate --format %(refname)%00%(objectname)%00%(*objectname) [3ms]
2026-09-11 06:55:33.773 [info] > git status -z -uall [74ms]
2026-09-11 06:55:33.794 [info] > git merge-base refs/heads/main refs/remotes/origin/main [2ms]
2026-09-11 06:55:33.808 [info] > git diff --raw --numstat --diff-filter=ADMR -z --find-renames=50% 33b5b1d650895df59e78a6e025c7fd91472c6f56...refs/remotes/origin/main -- [2ms]
2026-09-11 06:55:38.815 [info] > git config --get commit.template [12ms]
2026-09-11 06:55:38.817 [info] > git for-each-ref --format=%(refname)%00%(upstream:short)%00%(objectname)%00%(upstream:track)%00%(upstream:remotename)%00%(upstream:remoteref) refs/heads/main refs/remotes/main [3ms]
2026-09-11 06:55:38.844 [info] > git for-each-ref --sort -committerdate --format %(refname)%00%(objectname)%00%(*objectname) [3ms]
2026-09-11 06:55:38.885 [info] > git status -z -uall [57ms]
2026-09-11 06:55:47.605 [info] > git config --get commit.template [12ms]
2026-09-11 06:55:47.608 [info] > git for-each-ref --format=%(refname)%00%(upstream:short)%00%(objectname)%00%(upstream:track)%00%(upstream:remotename)%00%(upstream:remoteref) refs/heads/main refs/remotes/main [4ms]
2026-09-11 06:55:47.633 [info] > git for-each-ref --sort -committerdate --format %(refname)%00%(objectname)%00%(*objectname) [3ms]
2026-09-11 06:55:47.668 [info] > git status -z -uall [50ms]
2026-09-11 06:55:52.694 [info] > git config --get commit.template [11ms]
2026-09-11 06:55:52.696 [info] > git for-each-ref --format=%(refname)%00%(upstream:short)%00%(objectname)%00%(upstream:track)%00%(upstream:remotename)%00%(upstream:remoteref) refs/heads/main refs/remotes/main [3ms]
2026-09-11 06:55:52.732 [info] > git for-each-ref --sort -committerdate --format %(refname)%00%(objectname)%00%(*objectname) [3ms]
2026-09-11 06:55:52.769 [info] > git status -z -uall [55ms]
2026-09-11 06:55:57.797 [info] > git config --get commit.template [13ms]
2026-09-11 06:55:57.800 [info] > git for-each-ref --format=%(refname)%00%(upstream:short)%00%(objectname)%00%(upstream:track)%00%(upstream:remotename)%00%(upstream:remoteref) refs/heads/main refs/remotes/main [4ms]
2026-09-11 06:55:57.827 [info] > git for-each-ref --sort -committerdate --format %(refname)%00%(objectname)%00%(*objectname) [4ms]
2026-09-11 06:55:57.872 [info] > git status -z -uall [61ms]
2026-09-11 06:56:09.146 [info] > git config --get commit.template [13ms]
2026-09-11 06:56:09.147 [info] > git for-each-ref --format=%(refname)%00%(upstream:short)%00%(objectname)%00%(upstream:track)%00%(upstream:remotename)%00%(upstream:remoteref) refs/heads/main refs/remotes/main [3ms]
2026-09-11 06:56:09.175 [info] > git for-each-ref --sort -committerdate --format %(refname)%00%(objectname)%00%(*objectname) [3ms]
2026-09-11 06:56:09.214 [info] > git status -z -uall [56ms]
2026-09-11 06:56:14.239 [info] > git config --get commit.template [11ms]
2026-09-11 06:56:14.240 [info] > git for-each-ref --format=%(refname)%00%(upstream:short)%00%(objectname)%00%(upstream:track)%00%(upstream:remotename)%00%(upstream:remoteref) refs/heads/main refs/remotes/main [2ms]
2026-09-11 06:56:14.265 [info] > git for-each-ref --sort -committerdate --format %(refname)%00%(objectname)%00%(*objectname) [3ms]
2026-09-11 06:56:14.299 [info] > git status -z -uall [48ms]
2026-09-11 06:56:24.118 [info] > git config --get commit.template [2ms]
2026-09-11 06:56:24.133 [info] > git for-each-ref --format=%(refname)%00%(upstream:short)%00%(objectname)%00%(upstream:track)%00%(upstream:remotename)%00%(upstream:remoteref) refs/heads/main refs/remotes/main [3ms]
2026-09-11 06:56:24.160 [info] > git for-each-ref --sort -committerdate --format %(refname)%00%(objectname)%00%(*objectname) [3ms]
2026-09-11 06:56:24.205 [info] > git status -z -uall [60ms]
2026-09-11 06:56:29.229 [info] > git config --get commit.template [11ms]
2026-09-11 06:56:29.231 [info] > git for-each-ref --format=%(refname)%00%(upstream:short)%00%(objectname)%00%(upstream:track)%00%(upstream:remotename)%00%(upstream:remoteref) refs/heads/main refs/remotes/main [3ms]
2026-09-11 06:56:29.256 [info] > git for-each-ref --sort -committerdate --format %(refname)%00%(objectname)%00%(*objectname) [2ms]
2026-09-11 06:56:29.289 [info] > git status -z -uall [48ms]
2026-09-11 06:56:39.525 [info] > git config --get commit.template [14ms]
2026-09-11 06:56:39.525 [info] > git for-each-ref --format=%(refname)%00%(upstream:short)%00%(objectname)%00%(upstream:track)%00%(upstream:remotename)%00%(upstream:remoteref) refs/heads/main refs/remotes/main [3ms]
2026-09-11 06:56:39.552 [info] > git for-each-ref --sort -committerdate --format %(refname)%00%(objectname)%00%(*objectname) [3ms]
2026-09-11 06:56:39.587 [info] > git status -z -uall [51ms]
2026-09-11 06:56:44.612 [info] > git config --get commit.template [2ms]
2026-09-11 06:56:44.632 [info] > git for-each-ref --format=%(refname)%00%(upstream:short)%00%(objectname)%00%(upstream:track)%00%(upstream:remotename)%00%(upstream:remoteref) refs/heads/main refs/remotes/main [3ms]
2026-09-11 06:56:44.668 [info] > git for-each-ref --sort -committerdate --format %(refname)%00%(objectname)%00%(*objectname) [3ms]
2026-09-11 06:56:44.704 [info] > git status -z -uall [59ms]
2026-09-11 06:56:57.494 [info] > git config --get commit.template [11ms]
2026-09-11 06:56:57.495 [info] > git for-each-ref --format=%(refname)%00%(upstream:short)%00%(objectname)%00%(upstream:track)%00%(upstream:remotename)%00%(upstream:remoteref) refs/heads/main refs/remotes/main [2ms]
2026-09-11 06:56:57.519 [info] > git for-each-ref --sort -committerdate --format %(refname)%00%(objectname)%00%(*objectname) [3ms]
2026-09-11 06:56:57.552 [info] > git status -z -uall [46ms]
2026-09-11 06:57:02.577 [info] > git config --get commit.template [11ms]
2026-09-11 06:57:02.578 [info] > git for-each-ref --format=%(refname)%00%(upstream:short)%00%(objectname)%00%(upstream:track)%00%(upstream:remotename)%00%(upstream:remoteref) refs/heads/main refs/remotes/main [3ms]
2026-09-11 06:57:02.602 [info] > git for-each-ref --sort -committerdate --format %(refname)%00%(objectname)%00%(*objectname) [2ms]
2026-09-11 06:57:02.639 [info] > git status -z -uall [52ms]
2026-09-11 06:57:07.654 [info] > git config --get commit.template [3ms]
2026-09-11 06:57:07.666 [info] > git for-each-ref --format=%(refname)%00%(upstream:short)%00%(objectname)%00%(upstream:track)%00%(upstream:remotename)%00%(upstream:remoteref) refs/heads/main refs/remotes/main [3ms]
2026-09-11 06:57:07.690 [info] > git for-each-ref --sort -committerdate --format %(refname)%00%(objectname)%00%(*objectname) [3ms]
2026-09-11 06:57:07.721 [info] > git status -z -uall [46ms]
2026-09-11 06:58:00.683 [info] > git config --get commit.template [3ms]
2026-09-11 06:58:00.696 [info] > git for-each-ref --format=%(refname)%00%(upstream:short)%00%(objectname)%00%(upstream:track)%00%(upstream:remotename)%00%(upstream:remoteref) refs/heads/main refs/remotes/main [3ms]
2026-09-11 06:58:00.721 [info] > git for-each-ref --sort -committerdate --format %(refname)%00%(objectname)%00%(*objectname) [5ms]
2026-09-11 06:58:00.760 [info] > git status -z -uall [55ms]
2026-09-11 06:58:05.786 [info] > git config --get commit.template [10ms]
2026-09-11 06:58:05.788 [info] > git for-each-ref --format=%(refname)%00%(upstream:short)%00%(objectname)%00%(upstream:track)%00%(upstream:remotename)%00%(upstream:remoteref) refs/heads/main refs/remotes/main [3ms]
2026-09-11 06:58:05.813 [info] > git for-each-ref --sort -committerdate --format %(refname)%00%(objectname)%00%(*objectname) [3ms]
2026-09-11 06:58:05.844 [info] > git status -z -uall [46ms]
2026-09-11 06:58:21.596 [info] > git config --get commit.template [12ms]
2026-09-11 06:58:21.597 [info] > git for-each-ref --format=%(refname)%00%(upstream:short)%00%(objectname)%00%(upstream:track)%00%(upstream:remotename)%00%(upstream:remoteref) refs/heads/main refs/remotes/main [3ms]
2026-09-11 06:58:21.625 [info] > git for-each-ref --sort -committerdate --format %(refname)%00%(objectname)%00%(*objectname) [3ms]
2026-09-11 06:58:21.662 [info] > git status -z -uall [53ms]
2026-09-11 06:58:26.686 [info] > git config --get commit.template [11ms]
2026-09-11 06:58:26.688 [info] > git for-each-ref --format=%(refname)%00%(upstream:short)%00%(objectname)%00%(upstream:track)%00%(upstream:remotename)%00%(upstream:remoteref) refs/heads/main refs/remotes/main [3ms]
2026-09-11 06:58:26.712 [info] > git for-each-ref --sort -committerdate --format %(refname)%00%(objectname)%00%(*objectname) [3ms]
2026-09-11 06:58:26.743 [info] > git status -z -uall [45ms]
2026-09-11 06:58:36.135 [info] > git config --get commit.template [3ms]
2026-09-11 06:58:36.150 [info] > git for-each-ref --format=%(refname)%00%(upstream:short)%00%(objectname)%00%(upstream:track)%00%(upstream:remotename)%00%(upstream:remoteref) refs/heads/main refs/remotes/main [4ms]
2026-09-11 06:58:36.180 [info] > git for-each-ref --sort -committerdate --format %(refname)%00%(objectname)%00%(*objectname) [4ms]
2026-09-11 06:58:36.221 [info] > git status -z -uall [58ms]
2026-09-11 06:59:25.482 [info] > git for-each-ref --format=%(refname)%00%(upstream:short)%00%(objectname)%00%(upstream:track)%00%(upstream:remotename)%00%(upstream:remoteref) refs/heads/main refs/remotes/main [4ms]
2026-09-11 06:59:25.482 [info] > git config --get commit.template [16ms]
2026-09-11 06:59:25.507 [info] > git for-each-ref --sort -committerdate --format %(refname)%00%(objectname)%00%(*objectname) [3ms]
2026-09-11 06:59:25.542 [info] > git status -z -uall [50ms]
2026-09-11 06:59:25.558 [info] > git merge-base refs/heads/main refs/remotes/origin/main [2ms]
2026-09-11 06:59:25.571 [info] > git diff --raw --numstat --diff-filter=ADMR -z --find-renames=50% fcdf2581884ffcd832ea4cfb11e02af0fb3689d4...refs/remotes/origin/main -- [3ms]
2026-09-11 06:59:30.583 [info] > git config --get commit.template [13ms]
2026-09-11 06:59:30.584 [info] > git for-each-ref --format=%(refname)%00%(upstream:short)%00%(objectname)%00%(upstream:track)%00%(upstream:remotename)%00%(upstream:remoteref) refs/heads/main refs/remotes/main [2ms]
2026-09-11 06:59:30.614 [info] > git for-each-ref --sort -committerdate --format %(refname)%00%(objectname)%00%(*objectname) [3ms]
2026-09-11 06:59:30.654 [info] > git status -z -uall [55ms]
2026-09-11 06:59:35.670 [info] > git config --get commit.template [3ms]
2026-09-11 06:59:35.682 [info] > git for-each-ref --format=%(refname)%00%(upstream:short)%00%(objectname)%00%(upstream:track)%00%(upstream:remotename)%00%(upstream:remoteref) refs/heads/main refs/remotes/main [2ms]
2026-09-11 06:59:35.706 [info] > git for-each-ref --sort -committerdate --format %(refname)%00%(objectname)%00%(*objectname) [2ms]
2026-09-11 06:59:35.738 [info] > git status -z -uall [46ms]
2026-09-11 07:00:25.886 [info] > git config --get commit.template [10ms]
2026-09-11 07:00:25.888 [info] > git for-each-ref --format=%(refname)%00%(upstream:short)%00%(objectname)%00%(upstream:track)%00%(upstream:remotename)%00%(upstream:remoteref) refs/heads/main refs/remotes/main [2ms]
2026-09-11 07:00:25.912 [info] > git for-each-ref --sort -committerdate --format %(refname)%00%(objectname)%00%(*objectname) [3ms]
2026-09-11 07:00:25.948 [info] > git status -z -uall [50ms]
2026-09-11 07:00:30.971 [info] > git config --get commit.template [11ms]
2026-09-11 07:00:30.972 [info] > git for-each-ref --format=%(refname)%00%(upstream:short)%00%(objectname)%00%(upstream:track)%00%(upstream:remotename)%00%(upstream:remoteref) refs/heads/main refs/remotes/main [2ms]
2026-09-11 07:00:30.999 [info] > git for-each-ref --sort -committerdate --format %(refname)%00%(objectname)%00%(*objectname) [4ms]
2026-09-11 07:00:31.047 [info] > git status -z -uall [64ms]
2026-09-11 07:00:36.076 [info] > git config --get commit.template [13ms]
2026-09-11 07:00:36.078 [info] > git for-each-ref --format=%(refname)%00%(upstream:short)%00%(objectname)%00%(upstream:track)%00%(upstream:remotename)%00%(upstream:remoteref) refs/heads/main refs/remotes/main [3ms]
2026-09-11 07:00:36.105 [info] > git for-each-ref --sort -committerdate --format %(refname)%00%(objectname)%00%(*objectname) [3ms]
2026-09-11 07:00:36.150 [info] > git status -z -uall [61ms]
2026-09-11 07:00:41.172 [info] > git config --get commit.template [4ms]
2026-09-11 07:00:41.189 [info] > git for-each-ref --format=%(refname)%00%(upstream:short)%00%(objectname)%00%(upstream:track)%00%(upstream:remotename)%00%(upstream:remoteref) refs/heads/main refs/remotes/main [3ms]
2026-09-11 07:00:41.219 [info] > git for-each-ref --sort -committerdate --format %(refname)%00%(objectname)%00%(*objectname) [2ms]
2026-09-11 07:00:41.256 [info] > git status -z -uall [53ms]
2026-09-11 07:00:46.274 [info] > git config --get commit.template [2ms]
2026-09-11 07:00:46.287 [info] > git for-each-ref --format=%(refname)%00%(upstream:short)%00%(objectname)%00%(upstream:track)%00%(upstream:remotename)%00%(upstream:remoteref) refs/heads/main refs/remotes/main [3ms]
2026-09-11 07:00:46.313 [info] > git for-each-ref --sort -committerdate --format %(refname)%00%(objectname)%00%(*objectname) [3ms]
2026-09-11 07:00:46.351 [info] > git status -z -uall [53ms]
2026-09-11 07:01:12.829 [info] > git config --get commit.template [11ms]
2026-09-11 07:01:12.830 [info] > git for-each-ref --format=%(refname)%00%(upstream:short)%00%(objectname)%00%(upstream:track)%00%(upstream:remotename)%00%(upstream:remoteref) refs/heads/main refs/remotes/main [2ms]
2026-09-11 07:01:12.853 [info] > git for-each-ref --sort -committerdate --format %(refname)%00%(objectname)%00%(*objectname) [2ms]
2026-09-11 07:01:12.888 [info] > git status -z -uall [47ms]
2026-09-11 07:01:17.912 [info] > git config --get commit.template [11ms]
2026-09-11 07:01:17.914 [info] > git for-each-ref --format=%(refname)%00%(upstream:short)%00%(objectname)%00%(upstream:track)%00%(upstream:remotename)%00%(upstream:remoteref) refs/heads/main refs/remotes/main [3ms]
2026-09-11 07:01:17.941 [info] > git for-each-ref --sort -committerdate --format %(refname)%00%(objectname)%00%(*objectname) [4ms]
2026-09-11 07:01:17.980 [info] > git status -z -uall [54ms]
2026-09-11 07:01:23.010 [info] > git config --get commit.template [15ms]
2026-09-11 07:01:23.013 [info] > git for-each-ref --format=%(refname)%00%(upstream:short)%00%(objectname)%00%(upstream:track)%00%(upstream:remotename)%00%(upstream:remoteref) refs/heads/main refs/remotes/main [7ms]
2026-09-11 07:01:23.040 [info] > git for-each-ref --sort -committerdate --format %(refname)%00%(objectname)%00%(*objectname) [3ms]
2026-09-11 07:01:23.079 [info] > git status -z -uall [55ms]
2026-09-11 07:01:28.105 [info] > git for-each-ref --format=%(refname)%00%(upstream:short)%00%(objectname)%00%(upstream:track)%00%(upstream:remotename)%00%(upstream:remoteref) refs/heads/main refs/remotes/main [3ms]
2026-09-11 07:01:28.106 [info] > git config --get commit.template [14ms]
2026-09-11 07:01:28.132 [info] > git for-each-ref --sort -committerdate --format %(refname)%00%(objectname)%00%(*objectname) [3ms]
2026-09-11 07:01:28.166 [info] > git status -z -uall [50ms]
2026-09-11 07:01:33.193 [info] > git config --get commit.template [13ms]
2026-09-11 07:01:33.194 [info] > git for-each-ref --format=%(refname)%00%(upstream:short)%00%(objectname)%00%(upstream:track)%00%(upstream:remotename)%00%(upstream:remoteref) refs/heads/main refs/remotes/main [3ms]
2026-09-11 07:01:33.221 [info] > git for-each-ref --sort -committerdate --format %(refname)%00%(objectname)%00%(*objectname) [3ms]
2026-09-11 07:01:33.262 [info] > git status -z -uall [57ms]
2026-09-11 07:01:38.290 [info] > git config --get commit.template [14ms]
2026-09-11 07:01:38.293 [info] > git for-each-ref --format=%(refname)%00%(upstream:short)%00%(objectname)%00%(upstream:track)%00%(upstream:remotename)%00%(upstream:remoteref) refs/heads/main refs/remotes/main [5ms]
2026-09-11 07:01:38.320 [info] > git for-each-ref --sort -committerdate --format %(refname)%00%(objectname)%00%(*objectname) [3ms]
2026-09-11 07:01:38.376 [info] > git status -z -uall [72ms]
2026-09-11 07:01:43.401 [info] > git config --get commit.template [11ms]
2026-09-11 07:01:43.403 [info] > git for-each-ref --format=%(refname)%00%(upstream:short)%00%(objectname)%00%(upstream:track)%00%(upstream:remotename)%00%(upstream:remoteref) refs/heads/main refs/remotes/main [3ms]
2026-09-11 07:01:43.427 [info] > git for-each-ref --sort -committerdate --format %(refname)%00%(objectname)%00%(*objectname) [3ms]
2026-09-11 07:01:43.461 [info] > git status -z -uall [48ms]
