2026-08-17 03:31:47.981 [info] [main] Log level: Info
2026-08-17 03:31:47.981 [info] [main] Validating found git in: "git"
2026-08-17 03:31:47.981 [info] [main] Using git "2.43.0" from "git"
2026-08-17 03:31:47.981 [info] [Model][doInitialScan] Initial repository scan started
2026-08-17 03:31:47.981 [info] > git rev-parse --show-toplevel [3ms]
2026-08-17 03:31:47.981 [info] > git rev-parse --git-dir --git-common-dir --show-superproject-working-tree [4ms]
2026-08-17 03:31:48.128 [info] [Model][openRepository] Opened repository (path): /home/psv2482109
2026-08-17 03:31:48.128 [info] [Model][openRepository] Opened repository (real path): /home/psv2482109
2026-08-17 03:31:48.128 [info] [Model][openRepository] Opened repository (kind): repository
2026-08-17 03:31:48.152 [info] > git rev-parse --show-toplevel [10ms]
2026-08-17 03:31:48.153 [info] > git config --get commit.template [13ms]
2026-08-17 03:31:48.154 [info] > git config --get --local core.virtualfilesystem [19ms]
2026-08-17 03:31:48.154 [warning] [Git][config] git config failed: Failed to execute git
2026-08-17 03:31:48.163 [info] > git rev-parse --show-toplevel [5ms]
2026-08-17 03:31:48.168 [info] > git rev-parse --show-toplevel [2ms]
2026-08-17 03:31:48.173 [info] > git rev-parse --show-toplevel [2ms]
2026-08-17 03:31:48.178 [info] > git rev-parse --show-toplevel [2ms]
2026-08-17 03:31:48.183 [info] > git rev-parse --show-toplevel [2ms]
2026-08-17 03:31:48.188 [info] > git rev-parse --show-toplevel [2ms]
2026-08-17 03:31:48.193 [info] > git rev-parse --show-toplevel [2ms]
2026-08-17 03:31:48.198 [info] > git rev-parse --show-toplevel [2ms]
2026-08-17 03:31:48.198 [info] [Model][doInitialScan] Initial repository scan completed - repositories (1), closed repositories (0), parent repositories (0), unsafe repositories (0)
2026-08-17 03:31:48.219 [info] > git for-each-ref --format=%(refname)%00%(upstream:short)%00%(objectname)%00%(upstream:track)%00%(upstream:remotename)%00%(upstream:remoteref) refs/heads/main refs/remotes/main [58ms]
2026-08-17 03:31:48.232 [info] > git for-each-ref --sort -committerdate --format %(refname)%00%(objectname)%00%(*objectname) [2ms]
2026-08-17 03:31:50.379 [info] > git status -z -uall [2154ms]
2026-08-17 03:31:50.379 [info] > git check-ignore -v -z --stdin [24ms]
2026-08-17 03:31:50.472 [info] > git for-each-ref --format=%(refname)%00%(upstream:short)%00%(objectname)%00%(upstream:track)%00%(upstream:remotename)%00%(upstream:remoteref) refs/heads/main refs/remotes/main [20ms]
2026-08-17 03:31:50.479 [info] > git config --get commit.template [8ms]
2026-08-17 03:31:50.481 [info] > git config --get --local branch.main.vscode-merge-base [5ms]
2026-08-17 03:31:50.481 [warning] [Git][config] git config failed: Failed to execute git
2026-08-17 03:31:50.663 [info] > git reflog main --grep-reflog=branch: Created from *. [178ms]
2026-08-17 03:31:50.670 [info] > git for-each-ref --format=%(refname)%00%(upstream:short)%00%(objectname)%00%(upstream:track)%00%(upstream:remotename)%00%(upstream:remoteref) refs/heads/main refs/remotes/main [15ms]
2026-08-17 03:31:50.672 [info] > git symbolic-ref --short refs/remotes/origin/HEAD [5ms]
2026-08-17 03:31:50.672 [info] fatal: ref refs/remotes/origin/HEAD is not a symbolic ref
2026-08-17 03:31:50.672 [warning] [Repository][getDefaultBranch] Failed to get default branch details: Failed to execute git.
2026-08-17 03:31:52.735 [info] > git merge-base refs/heads/main refs/remotes/origin/main [2057ms]
2026-08-17 03:31:52.758 [info] > git diff --raw --numstat --diff-filter=ADMR -z --find-renames=50% 33b5b1d650895df59e78a6e025c7fd91472c6f56...refs/remotes/origin/main -- [16ms]
2026-08-17 03:31:52.825 [info] > git for-each-ref --sort -committerdate --format %(refname)%00%(objectname)%00%(*objectname) [71ms]
2026-08-17 03:31:52.829 [info] > git status -z -uall [80ms]
2026-08-17 03:32:49.557 [info] > git config --get commit.template [9ms]
2026-08-17 03:32:49.558 [info] > git for-each-ref --format=%(refname)%00%(upstream:short)%00%(objectname)%00%(upstream:track)%00%(upstream:remotename)%00%(upstream:remoteref) refs/heads/main refs/remotes/main [3ms]
2026-08-17 03:32:49.578 [info] > git for-each-ref --sort -committerdate --format %(refname)%00%(objectname)%00%(*objectname) [3ms]
2026-08-17 03:32:49.629 [info] > git status -z -uall [62ms]
2026-08-17 03:32:55.421 [info] > git config --get commit.template [5ms]
2026-08-17 03:32:55.435 [info] > git for-each-ref --format=%(refname)%00%(upstream:short)%00%(objectname)%00%(upstream:track)%00%(upstream:remotename)%00%(upstream:remoteref) refs/heads/main refs/remotes/main [6ms]
2026-08-17 03:32:55.454 [info] > git for-each-ref --sort -committerdate --format %(refname)%00%(objectname)%00%(*objectname) [3ms]
2026-08-17 03:32:55.506 [info] > git status -z -uall [63ms]
2026-08-17 03:33:00.540 [info] > git config --get commit.template [9ms]
2026-08-17 03:33:00.541 [info] > git for-each-ref --format=%(refname)%00%(upstream:short)%00%(objectname)%00%(upstream:track)%00%(upstream:remotename)%00%(upstream:remoteref) refs/heads/main refs/remotes/main [2ms]
2026-08-17 03:33:00.560 [info] > git for-each-ref --sort -committerdate --format %(refname)%00%(objectname)%00%(*objectname) [3ms]
2026-08-17 03:33:00.614 [info] > git status -z -uall [65ms]
2026-08-17 03:33:04.023 [info] > git check-ignore -v -z --stdin [3ms]
2026-08-17 03:33:04.138 [info] > git ls-files --stage -- add.py [10ms]
2026-08-17 03:33:04.160 [info] > git cat-file -s db6c7812564e033eb302023322204dc37fa64f63 [14ms]
2026-08-17 03:33:04.161 [info] > git show --textconv :add.py [43ms]
2026-08-17 03:33:05.646 [info] > git config --get commit.template [10ms]
2026-08-17 03:33:05.648 [info] > git for-each-ref --format=%(refname)%00%(upstream:short)%00%(objectname)%00%(upstream:track)%00%(upstream:remotename)%00%(upstream:remoteref) refs/heads/main refs/remotes/main [3ms]
2026-08-17 03:33:05.675 [info] > git for-each-ref --sort -committerdate --format %(refname)%00%(objectname)%00%(*objectname) [4ms]
2026-08-17 03:33:05.754 [info] > git status -z -uall [99ms]
2026-08-17 03:33:06.793 [info] > git check-ignore -v -z --stdin [3ms]
2026-08-17 03:33:11.587 [info] > git config --get commit.template [9ms]
2026-08-17 03:33:11.588 [info] > git for-each-ref --format=%(refname)%00%(upstream:short)%00%(objectname)%00%(upstream:track)%00%(upstream:remotename)%00%(upstream:remoteref) refs/heads/main refs/remotes/main [2ms]
2026-08-17 03:33:11.609 [info] > git for-each-ref --sort -committerdate --format %(refname)%00%(objectname)%00%(*objectname) [5ms]
2026-08-17 03:33:11.708 [info] > git status -z -uall [112ms]
2026-08-17 03:33:12.802 [info] > git check-ignore -v -z --stdin [2ms]
2026-08-17 03:33:16.798 [info] > git config --get commit.template [9ms]
2026-08-17 03:33:16.799 [info] > git for-each-ref --format=%(refname)%00%(upstream:short)%00%(objectname)%00%(upstream:track)%00%(upstream:remotename)%00%(upstream:remoteref) refs/heads/main refs/remotes/main [2ms]
2026-08-17 03:33:16.818 [info] > git for-each-ref --sort -committerdate --format %(refname)%00%(objectname)%00%(*objectname) [2ms]
2026-08-17 03:33:16.867 [info] > git status -z -uall [59ms]
2026-08-17 03:33:17.765 [info] > git check-ignore -v -z --stdin [3ms]
2026-08-17 03:33:21.901 [info] > git config --get commit.template [8ms]
2026-08-17 03:33:21.902 [info] > git for-each-ref --format=%(refname)%00%(upstream:short)%00%(objectname)%00%(upstream:track)%00%(upstream:remotename)%00%(upstream:remoteref) refs/heads/main refs/remotes/main [3ms]
2026-08-17 03:33:21.920 [info] > git for-each-ref --sort -committerdate --format %(refname)%00%(objectname)%00%(*objectname) [2ms]
2026-08-17 03:33:21.970 [info] > git status -z -uall [60ms]
2026-08-17 03:33:22.839 [info] > git check-ignore -v -z --stdin [8ms]
2026-08-17 03:33:27.004 [info] > git config --get commit.template [6ms]
2026-08-17 03:33:27.015 [info] > git for-each-ref --format=%(refname)%00%(upstream:short)%00%(objectname)%00%(upstream:track)%00%(upstream:remotename)%00%(upstream:remoteref) refs/heads/main refs/remotes/main [2ms]
2026-08-17 03:33:27.033 [info] > git for-each-ref --sort -committerdate --format %(refname)%00%(objectname)%00%(*objectname) [2ms]
2026-08-17 03:33:27.083 [info] > git status -z -uall [60ms]
2026-08-17 03:33:28.005 [info] > git check-ignore -v -z --stdin [2ms]
2026-08-17 03:33:32.125 [info] > git config --get commit.template [8ms]
2026-08-17 03:33:32.129 [info] > git for-each-ref --format=%(refname)%00%(upstream:short)%00%(objectname)%00%(upstream:track)%00%(upstream:remotename)%00%(upstream:remoteref) refs/heads/main refs/remotes/main [5ms]
2026-08-17 03:33:32.147 [info] > git for-each-ref --sort -committerdate --format %(refname)%00%(objectname)%00%(*objectname) [2ms]
2026-08-17 03:33:32.197 [info] > git status -z -uall [60ms]
2026-08-17 03:33:33.068 [info] > git check-ignore -v -z --stdin [2ms]
2026-08-17 03:33:36.328 [info] > git check-ignore -v -z --stdin [2ms]
2026-08-17 03:33:36.435 [info] > git ls-files --stage -- app.py [2ms]
2026-08-17 03:33:36.459 [info] > git show --textconv :app.py [33ms]
2026-08-17 03:33:36.459 [info] > git cat-file -s 704d8d5f1adf7c7ee03b14f22178b3b4efa28bed [17ms]
2026-08-17 03:33:37.237 [info] > git config --get commit.template [8ms]
2026-08-17 03:33:37.239 [info] > git for-each-ref --format=%(refname)%00%(upstream:short)%00%(objectname)%00%(upstream:track)%00%(upstream:remotename)%00%(upstream:remoteref) refs/heads/main refs/remotes/main [3ms]
2026-08-17 03:33:37.258 [info] > git for-each-ref --sort -committerdate --format %(refname)%00%(objectname)%00%(*objectname) [2ms]
2026-08-17 03:33:37.305 [info] > git status -z -uall [58ms]
2026-08-17 03:33:38.598 [info] > git check-ignore -v -z --stdin [2ms]
2026-08-17 03:33:42.342 [info] > git config --get commit.template [9ms]
2026-08-17 03:33:42.343 [info] > git for-each-ref --format=%(refname)%00%(upstream:short)%00%(objectname)%00%(upstream:track)%00%(upstream:remotename)%00%(upstream:remoteref) refs/heads/main refs/remotes/main [2ms]
2026-08-17 03:33:42.378 [info] > git for-each-ref --sort -committerdate --format %(refname)%00%(objectname)%00%(*objectname) [17ms]
2026-08-17 03:33:42.382 [info] > git check-ignore -v -z --stdin [5ms]
2026-08-17 03:33:42.418 [info] > git status -z -uall [67ms]
2026-08-17 03:33:42.485 [info] > git ls-files --stage -- linear.py [3ms]
2026-08-17 03:33:42.508 [info] > git cat-file -s 63dcaec9aee746a72a15b42c8ba834d8c16030c6 [17ms]
2026-08-17 03:33:42.509 [info] > git show --textconv :linear.py [34ms]
2026-08-17 03:33:43.279 [info] > git check-ignore -v -z --stdin [2ms]
2026-08-17 03:33:47.463 [info] > git config --get commit.template [11ms]
2026-08-17 03:33:47.464 [info] > git for-each-ref --format=%(refname)%00%(upstream:short)%00%(objectname)%00%(upstream:track)%00%(upstream:remotename)%00%(upstream:remoteref) refs/heads/main refs/remotes/main [2ms]
2026-08-17 03:33:47.489 [info] > git for-each-ref --sort -committerdate --format %(refname)%00%(objectname)%00%(*objectname) [2ms]
2026-08-17 03:33:47.536 [info] > git status -z -uall [62ms]
2026-08-17 03:33:48.343 [info] > git check-ignore -v -z --stdin [3ms]
2026-08-17 03:33:52.576 [info] > git config --get commit.template [8ms]
2026-08-17 03:33:52.577 [info] > git for-each-ref --format=%(refname)%00%(upstream:short)%00%(objectname)%00%(upstream:track)%00%(upstream:remotename)%00%(upstream:remoteref) refs/heads/main refs/remotes/main [2ms]
2026-08-17 03:33:52.596 [info] > git for-each-ref --sort -committerdate --format %(refname)%00%(objectname)%00%(*objectname) [2ms]
2026-08-17 03:33:52.644 [info] > git status -z -uall [58ms]
2026-08-17 03:33:53.508 [info] > git check-ignore -v -z --stdin [2ms]
2026-08-17 03:33:57.686 [info] > git config --get commit.template [8ms]
2026-08-17 03:33:57.688 [info] > git for-each-ref --format=%(refname)%00%(upstream:short)%00%(objectname)%00%(upstream:track)%00%(upstream:remotename)%00%(upstream:remoteref) refs/heads/main refs/remotes/main [3ms]
2026-08-17 03:33:57.706 [info] > git for-each-ref --sort -committerdate --format %(refname)%00%(objectname)%00%(*objectname) [2ms]
2026-08-17 03:33:57.756 [info] > git status -z -uall [61ms]
2026-08-17 03:33:58.620 [info] > git check-ignore -v -z --stdin [3ms]
2026-08-17 03:34:02.790 [info] > git config --get commit.template [8ms]
2026-08-17 03:34:02.792 [info] > git for-each-ref --format=%(refname)%00%(upstream:short)%00%(objectname)%00%(upstream:track)%00%(upstream:remotename)%00%(upstream:remoteref) refs/heads/main refs/remotes/main [3ms]
2026-08-17 03:34:02.809 [info] > git for-each-ref --sort -committerdate --format %(refname)%00%(objectname)%00%(*objectname) [3ms]
2026-08-17 03:34:02.858 [info] > git status -z -uall [59ms]
2026-08-17 03:34:03.723 [info] > git check-ignore -v -z --stdin [2ms]
2026-08-17 03:34:07.905 [info] > git config --get commit.template [10ms]
2026-08-17 03:34:07.906 [info] > git for-each-ref --format=%(refname)%00%(upstream:short)%00%(objectname)%00%(upstream:track)%00%(upstream:remotename)%00%(upstream:remoteref) refs/heads/main refs/remotes/main [2ms]
2026-08-17 03:34:08.061 [info] > git for-each-ref --sort -committerdate --format %(refname)%00%(objectname)%00%(*objectname) [2ms]
2026-08-17 03:34:08.108 [info] > git status -z -uall [59ms]
2026-08-17 03:34:08.994 [info] > git check-ignore -v -z --stdin [4ms]
2026-08-17 03:34:13.143 [info] > git config --get commit.template [9ms]
2026-08-17 03:34:13.144 [info] > git for-each-ref --format=%(refname)%00%(upstream:short)%00%(objectname)%00%(upstream:track)%00%(upstream:remotename)%00%(upstream:remoteref) refs/heads/main refs/remotes/main [2ms]
2026-08-17 03:34:13.162 [info] > git for-each-ref --sort -committerdate --format %(refname)%00%(objectname)%00%(*objectname) [3ms]
2026-08-17 03:34:13.206 [info] > git status -z -uall [55ms]
2026-08-17 03:34:14.084 [info] > git check-ignore -v -z --stdin [2ms]
2026-08-17 03:34:18.238 [info] > git config --get commit.template [8ms]
2026-08-17 03:34:18.241 [info] > git for-each-ref --format=%(refname)%00%(upstream:short)%00%(objectname)%00%(upstream:track)%00%(upstream:remotename)%00%(upstream:remoteref) refs/heads/main refs/remotes/main [3ms]
2026-08-17 03:34:18.259 [info] > git for-each-ref --sort -committerdate --format %(refname)%00%(objectname)%00%(*objectname) [3ms]
2026-08-17 03:34:18.302 [info] > git status -z -uall [54ms]
2026-08-17 03:34:19.177 [info] > git check-ignore -v -z --stdin [2ms]
2026-08-17 03:34:23.335 [info] > git config --get commit.template [8ms]
2026-08-17 03:34:23.336 [info] > git for-each-ref --format=%(refname)%00%(upstream:short)%00%(objectname)%00%(upstream:track)%00%(upstream:remotename)%00%(upstream:remoteref) refs/heads/main refs/remotes/main [2ms]
2026-08-17 03:34:23.355 [info] > git for-each-ref --sort -committerdate --format %(refname)%00%(objectname)%00%(*objectname) [3ms]
2026-08-17 03:34:23.401 [info] > git status -z -uall [56ms]
2026-08-17 03:34:24.851 [info] > git check-ignore -v -z --stdin [2ms]
2026-08-17 03:34:28.433 [info] > git config --get commit.template [8ms]
2026-08-17 03:34:28.434 [info] > git for-each-ref --format=%(refname)%00%(upstream:short)%00%(objectname)%00%(upstream:track)%00%(upstream:remotename)%00%(upstream:remoteref) refs/heads/main refs/remotes/main [3ms]
2026-08-17 03:34:28.452 [info] > git for-each-ref --sort -committerdate --format %(refname)%00%(objectname)%00%(*objectname) [3ms]
2026-08-17 03:34:28.497 [info] > git status -z -uall [56ms]
2026-08-17 03:34:29.369 [info] > git check-ignore -v -z --stdin [2ms]
2026-08-17 03:34:33.537 [info] > git config --get commit.template [8ms]
2026-08-17 03:34:33.538 [info] > git for-each-ref --format=%(refname)%00%(upstream:short)%00%(objectname)%00%(upstream:track)%00%(upstream:remotename)%00%(upstream:remoteref) refs/heads/main refs/remotes/main [2ms]
2026-08-17 03:34:33.556 [info] > git for-each-ref --sort -committerdate --format %(refname)%00%(objectname)%00%(*objectname) [2ms]
2026-08-17 03:34:33.599 [info] > git status -z -uall [53ms]
2026-08-17 03:34:34.470 [info] > git check-ignore -v -z --stdin [2ms]
2026-08-17 03:34:39.186 [info] > git check-ignore -v -z --stdin [3ms]
2026-08-17 03:34:39.286 [info] > git ls-files --stage -- nano.gitignore [3ms]
2026-08-17 03:34:39.360 [info] > git show --textconv :nano.gitignore [84ms]
2026-08-17 03:34:39.360 [info] > git cat-file -s 7852e252f71202b4cadab8484f8c645dd0124fd3 [67ms]
2026-08-17 03:34:41.276 [info] > git config --get commit.template [8ms]
2026-08-17 03:34:41.277 [info] > git for-each-ref --format=%(refname)%00%(upstream:short)%00%(objectname)%00%(upstream:track)%00%(upstream:remotename)%00%(upstream:remoteref) refs/heads/main refs/remotes/main [2ms]
2026-08-17 03:34:41.295 [info] > git for-each-ref --sort -committerdate --format %(refname)%00%(objectname)%00%(*objectname) [3ms]
2026-08-17 03:34:41.338 [info] > git status -z -uall [54ms]
2026-08-17 03:34:42.197 [info] > git check-ignore -v -z --stdin [2ms]
2026-08-17 03:34:43.124 [info] > git check-ignore -v -z --stdin [2ms]
2026-08-17 03:34:43.230 [info] > git ls-files --stage -- README-cloudshell.txt [2ms]
2026-08-17 03:34:43.281 [info] > git show --textconv :README-cloudshell.txt [62ms]
2026-08-17 03:34:43.281 [info] > git cat-file -s 9fa5a74e750d98eb725eca4ca09ba01af2f5cd24 [45ms]
2026-08-17 03:34:46.137 [info] > git check-ignore -v -z --stdin [2ms]
2026-08-17 03:34:46.242 [info] > git ls-files --stage -- requirements.txt [3ms]
2026-08-17 03:34:46.258 [info] > git show --textconv :requirements.txt [29ms]
2026-08-17 03:34:46.258 [info] > git cat-file -s 9852ac2a70820083921f2c411fb31e827843a601 [9ms]
2026-08-17 03:34:48.282 [info] > git config --get commit.template [8ms]
2026-08-17 03:34:48.283 [info] > git for-each-ref --format=%(refname)%00%(upstream:short)%00%(objectname)%00%(upstream:track)%00%(upstream:remotename)%00%(upstream:remoteref) refs/heads/main refs/remotes/main [2ms]
2026-08-17 03:34:48.301 [info] > git for-each-ref --sort -committerdate --format %(refname)%00%(objectname)%00%(*objectname) [2ms]
2026-08-17 03:34:48.345 [info] > git status -z -uall [54ms]
2026-08-17 03:34:49.215 [info] > git check-ignore -v -z --stdin [2ms]
2026-08-17 03:34:53.379 [info] > git config --get commit.template [9ms]
2026-08-17 03:34:53.380 [info] > git for-each-ref --format=%(refname)%00%(upstream:short)%00%(objectname)%00%(upstream:track)%00%(upstream:remotename)%00%(upstream:remoteref) refs/heads/main refs/remotes/main [2ms]
2026-08-17 03:34:53.398 [info] > git for-each-ref --sort -committerdate --format %(refname)%00%(objectname)%00%(*objectname) [2ms]
2026-08-17 03:34:53.444 [info] > git status -z -uall [56ms]
2026-08-17 03:34:54.310 [info] > git check-ignore -v -z --stdin [6ms]
2026-08-17 03:42:54.958 [info] > git config --get commit.template [10ms]
2026-08-17 03:42:54.961 [info] > git for-each-ref --format=%(refname)%00%(upstream:short)%00%(objectname)%00%(upstream:track)%00%(upstream:remotename)%00%(upstream:remoteref) refs/heads/main refs/remotes/main [4ms]
2026-08-17 03:42:54.980 [info] > git for-each-ref --sort -committerdate --format %(refname)%00%(objectname)%00%(*objectname) [3ms]
2026-08-17 03:42:55.031 [info] > git status -z -uall [61ms]
2026-08-17 03:42:56.010 [info] > git check-ignore -v -z --stdin [3ms]
2026-08-17 03:43:00.069 [info] > git config --get commit.template [9ms]
2026-08-17 03:43:00.071 [info] > git for-each-ref --format=%(refname)%00%(upstream:short)%00%(objectname)%00%(upstream:track)%00%(upstream:remotename)%00%(upstream:remoteref) refs/heads/main refs/remotes/main [3ms]
2026-08-17 03:43:00.090 [info] > git for-each-ref --sort -committerdate --format %(refname)%00%(objectname)%00%(*objectname) [2ms]
2026-08-17 03:43:00.134 [info] > git status -z -uall [55ms]
2026-08-17 03:43:01.006 [info] > git check-ignore -v -z --stdin [3ms]
2026-08-17 03:43:05.182 [info] > git for-each-ref --format=%(refname)%00%(upstream:short)%00%(objectname)%00%(upstream:track)%00%(upstream:remotename)%00%(upstream:remoteref) refs/heads/main refs/remotes/main [4ms]
2026-08-17 03:43:05.182 [info] > git config --get commit.template [16ms]
2026-08-17 03:43:05.209 [info] > git for-each-ref --sort -committerdate --format %(refname)%00%(objectname)%00%(*objectname) [3ms]
2026-08-17 03:43:05.266 [info] > git status -z -uall [72ms]
2026-08-17 03:43:06.158 [info] > git check-ignore -v -z --stdin [2ms]
