2026-07-04 10:16:04.793 [warning] Dir "/home/psv2482109/.pixi/envs" is not watchable (directory does not exist)
2026-07-04 10:16:05.650 [info] Skipping ActivatedEnv Detection:  process.env.VSCODE_CLI !== '1'
2026-07-04 10:16:06.696 [info] Python interpreter path: /usr/bin/python
2026-07-04 10:16:08.992 [info] > conda info --json
2026-07-04 10:16:09.143 [info] > pyenv which python
2026-07-04 10:16:09.143 [info] cwd: .
2026-07-04 10:16:14.326 [info] Starting Jedi language server for psv2482109.
2026-07-04 10:18:37.030 [info] Send text to terminal: /usr/bin/python /home/psv2482109/linear.py
2026-07-04 10:35:07.251 [info] Running installed packages checker:  {
  id: '/usr/bin/python',
  sysPrefix: '/usr',
  envType: 'Global',
  envName: '',
  envPath: '',
  path: '/usr/bin/python',
  architecture: 3,
  sysVersion: '3.12.3 (main, Mar 23 2026, 19:04:32) [GCC 13.3.0]',
  version: {
    raw: '3.12.3',
    major: 3,
    minor: 12,
    patch: 3,
    build: [],
    prerelease: [ 'final', '0' ]
  },
  displayName: 'Python 3.12.3 64-bit',
  detailedDisplayName: 'Python 3.12.3 64-bit',
  type: undefined
} /google/devshell/editor/code-oss-for-cloud-shell/extensions/ms-python.python/python_files/installed_check.py /home/psv2482109/requirements.txt
2026-07-04 10:35:07.252 [info] > /usr/bin/python /google/devshell/editor/code-oss-for-cloud-shell/extensions/ms-python.python/python_files/installed_check.py ./requirements.txt
2026-07-04 10:35:13.926 [info] Running installed packages checker:  {
  id: '/usr/bin/python',
  sysPrefix: '/usr',
  envType: 'Global',
  envName: '',
  envPath: '',
  path: '/usr/bin/python',
  architecture: 3,
  sysVersion: '3.12.3 (main, Mar 23 2026, 19:04:32) [GCC 13.3.0]',
  version: {
    raw: '3.12.3',
    major: 3,
    minor: 12,
    patch: 3,
    build: [],
    prerelease: [ 'final', '0' ]
  },
  displayName: 'Python 3.12.3 64-bit',
  detailedDisplayName: 'Python 3.12.3 64-bit',
  type: undefined
} /google/devshell/editor/code-oss-for-cloud-shell/extensions/ms-python.python/python_files/installed_check.py /home/psv2482109/requirements.txt
2026-07-04 10:35:13.926 [info] > /usr/bin/python /google/devshell/editor/code-oss-for-cloud-shell/extensions/ms-python.python/python_files/installed_check.py ./requirements.txt
2026-07-04 10:35:34.287 [info] Running installed packages checker:  {
  id: '/usr/bin/python',
  sysPrefix: '/usr',
  envType: 'Global',
  envName: '',
  envPath: '',
  path: '/usr/bin/python',
  architecture: 3,
  sysVersion: '3.12.3 (main, Mar 23 2026, 19:04:32) [GCC 13.3.0]',
  version: {
    raw: '3.12.3',
    major: 3,
    minor: 12,
    patch: 3,
    build: [],
    prerelease: [ 'final', '0' ]
  },
  displayName: 'Python 3.12.3 64-bit',
  detailedDisplayName: 'Python 3.12.3 64-bit',
  type: undefined
} /google/devshell/editor/code-oss-for-cloud-shell/extensions/ms-python.python/python_files/installed_check.py /home/psv2482109/requirements.txt
2026-07-04 10:35:34.287 [info] > /usr/bin/python /google/devshell/editor/code-oss-for-cloud-shell/extensions/ms-python.python/python_files/installed_check.py ./requirements.txt
2026-07-04 10:35:40.508 [info] Running installed packages checker:  {
  id: '/usr/bin/python',
  sysPrefix: '/usr',
  envType: 'Global',
  envName: '',
  envPath: '',
  path: '/usr/bin/python',
  architecture: 3,
  sysVersion: '3.12.3 (main, Mar 23 2026, 19:04:32) [GCC 13.3.0]',
  version: {
    raw: '3.12.3',
    major: 3,
    minor: 12,
    patch: 3,
    build: [],
    prerelease: [ 'final', '0' ]
  },
  displayName: 'Python 3.12.3 64-bit',
  detailedDisplayName: 'Python 3.12.3 64-bit',
  type: undefined
} /google/devshell/editor/code-oss-for-cloud-shell/extensions/ms-python.python/python_files/installed_check.py /home/psv2482109/requirements.txt
2026-07-04 10:35:40.508 [info] > /usr/bin/python /google/devshell/editor/code-oss-for-cloud-shell/extensions/ms-python.python/python_files/installed_check.py ./requirements.txt
