2026-07-21 07:07:56.858 [info] [main] Log level: Info
2026-07-21 07:07:56.858 [info] [main] Validating found git in: "git"
2026-07-21 07:07:56.858 [info] [main] Using git "2.43.0" from "git"
2026-07-21 07:07:56.858 [info] [Model][doInitialScan] Initial repository scan started
2026-07-21 07:07:56.858 [info] > git rev-parse --show-toplevel [14ms]
2026-07-21 07:07:56.858 [info] > git rev-parse --git-dir --git-common-dir --show-superproject-working-tree [6ms]
2026-07-21 07:07:56.975 [info] [Model][openRepository] Opened repository (path): /home/psv2482109
2026-07-21 07:07:56.975 [info] [Model][openRepository] Opened repository (real path): /home/psv2482109
2026-07-21 07:07:56.975 [info] [Model][openRepository] Opened repository (kind): repository
2026-07-21 07:07:56.991 [info] > git config --get commit.template [7ms]
2026-07-21 07:07:56.992 [info] > git rev-parse --show-toplevel [4ms]
2026-07-21 07:07:57.005 [info] > git rev-parse --show-toplevel [2ms]
2026-07-21 07:07:57.013 [info] > git rev-parse --show-toplevel [2ms]
2026-07-21 07:07:57.019 [info] > git rev-parse --show-toplevel [3ms]
2026-07-21 07:07:57.025 [info] > git for-each-ref --format=%(refname)%00%(upstream:short)%00%(objectname)%00%(upstream:track)%00%(upstream:remotename)%00%(upstream:remoteref) refs/heads/main refs/remotes/main [28ms]
2026-07-21 07:07:57.026 [info] > git rev-parse --show-toplevel [2ms]
2026-07-21 07:07:57.048 [info] > git rev-parse --show-toplevel [17ms]
2026-07-21 07:07:57.053 [info] > git for-each-ref --sort -committerdate --format %(refname)%00%(objectname)%00%(*objectname) [8ms]
2026-07-21 07:07:57.056 [info] > git rev-parse --show-toplevel [4ms]
2026-07-21 07:07:57.063 [info] > git rev-parse --show-toplevel [1ms]
2026-07-21 07:07:57.071 [info] > git rev-parse --show-toplevel [2ms]
2026-07-21 07:07:57.072 [info] [Model][doInitialScan] Initial repository scan completed - repositories (1), closed repositories (0), parent repositories (0), unsafe repositories (0)
2026-07-21 07:07:57.731 [info] > git check-ignore -v -z --stdin [16ms]
2026-07-21 07:07:57.800 [info] > git status -z -uall [762ms]
2026-07-21 07:07:57.890 [info] > git for-each-ref --format=%(refname)%00%(upstream:short)%00%(objectname)%00%(upstream:track)%00%(upstream:remotename)%00%(upstream:remoteref) refs/heads/main refs/remotes/main [10ms]
2026-07-21 07:07:57.897 [info] > git config --get commit.template [8ms]
2026-07-21 07:07:57.899 [info] > git config --get --local branch.main.vscode-merge-base [3ms]
2026-07-21 07:07:57.899 [warning] [Git][config] git config failed: Failed to execute git
2026-07-21 07:07:58.008 [info] > git for-each-ref --format=%(refname)%00%(upstream:short)%00%(objectname)%00%(upstream:track)%00%(upstream:remotename)%00%(upstream:remoteref) refs/heads/main refs/remotes/main [100ms]
2026-07-21 07:07:58.008 [info] > git reflog main --grep-reflog=branch: Created from *. [105ms]
2026-07-21 07:07:58.018 [info] > git symbolic-ref --short refs/remotes/origin/HEAD [6ms]
2026-07-21 07:07:58.018 [info] fatal: ref refs/remotes/origin/HEAD is not a symbolic ref
2026-07-21 07:07:58.018 [warning] [Repository][getDefaultBranch] Failed to get default branch details: Failed to execute git.
2026-07-21 07:07:58.037 [info] > git merge-base refs/heads/main refs/remotes/origin/main [14ms]
2026-07-21 07:07:58.046 [info] > git for-each-ref --sort -committerdate --format %(refname)%00%(objectname)%00%(*objectname) [10ms]
2026-07-21 07:07:58.048 [info] > git diff --raw --numstat --diff-filter=ADMR -z --find-renames=50% 33b5b1d650895df59e78a6e025c7fd91472c6f56...refs/remotes/origin/main -- [4ms]
2026-07-21 07:07:58.103 [info] > git status -z -uall [74ms]
2026-07-21 07:08:03.785 [info] > git config --get commit.template [6ms]
2026-07-21 07:08:03.787 [info] > git for-each-ref --format=%(refname)%00%(upstream:short)%00%(objectname)%00%(upstream:track)%00%(upstream:remotename)%00%(upstream:remoteref) refs/heads/main refs/remotes/main [3ms]
2026-07-21 07:08:03.800 [info] > git for-each-ref --sort -committerdate --format %(refname)%00%(objectname)%00%(*objectname) [3ms]
2026-07-21 07:08:03.857 [info] > git status -z -uall [65ms]
2026-07-21 07:08:10.061 [info] > git config --get commit.template [26ms]
2026-07-21 07:08:10.543 [info] > git for-each-ref --format=%(refname)%00%(upstream:short)%00%(objectname)%00%(upstream:track)%00%(upstream:remotename)%00%(upstream:remoteref) refs/heads/main refs/remotes/main [462ms]
2026-07-21 07:08:12.427 [info] > git status -z -uall [263ms]
2026-07-21 07:08:12.428 [info] > git for-each-ref --sort -committerdate --format %(refname)%00%(objectname)%00%(*objectname) [250ms]
2026-07-21 07:08:18.230 [info] > git config --get commit.template [6ms]
2026-07-21 07:08:18.253 [info] > git for-each-ref --format=%(refname)%00%(upstream:short)%00%(objectname)%00%(upstream:track)%00%(upstream:remotename)%00%(upstream:remoteref) refs/heads/main refs/remotes/main [9ms]
2026-07-21 07:08:18.296 [info] > git for-each-ref --sort -committerdate --format %(refname)%00%(objectname)%00%(*objectname) [3ms]
2026-07-21 07:08:18.360 [info] > git status -z -uall [86ms]
2026-07-21 07:08:23.392 [info] > git config --get commit.template [5ms]
2026-07-21 07:08:23.435 [info] > git for-each-ref --format=%(refname)%00%(upstream:short)%00%(objectname)%00%(upstream:track)%00%(upstream:remotename)%00%(upstream:remoteref) refs/heads/main refs/remotes/main [26ms]
2026-07-21 07:08:23.691 [info] > git for-each-ref --sort -committerdate --format %(refname)%00%(objectname)%00%(*objectname) [23ms]
2026-07-21 07:08:23.787 [info] > git status -z -uall [143ms]
2026-07-21 07:08:31.271 [info] > git config --get commit.template [72ms]
2026-07-21 07:08:31.481 [info] > git for-each-ref --format=%(refname)%00%(upstream:short)%00%(objectname)%00%(upstream:track)%00%(upstream:remotename)%00%(upstream:remoteref) refs/heads/main refs/remotes/main [187ms]
2026-07-21 07:08:31.545 [info] > git for-each-ref --sort -committerdate --format %(refname)%00%(objectname)%00%(*objectname) [15ms]
2026-07-21 07:08:31.625 [info] > git status -z -uall [119ms]
2026-07-21 07:08:40.230 [info] > git config --get commit.template [13ms]
2026-07-21 07:08:40.234 [info] > git for-each-ref --format=%(refname)%00%(upstream:short)%00%(objectname)%00%(upstream:track)%00%(upstream:remotename)%00%(upstream:remoteref) refs/heads/main refs/remotes/main [5ms]
2026-07-21 07:08:40.265 [info] > git for-each-ref --sort -committerdate --format %(refname)%00%(objectname)%00%(*objectname) [4ms]
2026-07-21 07:08:40.326 [info] > git status -z -uall [78ms]
2026-07-21 07:08:45.352 [info] > git config --get commit.template [2ms]
2026-07-21 07:08:45.370 [info] > git for-each-ref --format=%(refname)%00%(upstream:short)%00%(objectname)%00%(upstream:track)%00%(upstream:remotename)%00%(upstream:remoteref) refs/heads/main refs/remotes/main [3ms]
2026-07-21 07:08:45.414 [info] > git for-each-ref --sort -committerdate --format %(refname)%00%(objectname)%00%(*objectname) [8ms]
2026-07-21 07:08:45.488 [info] > git status -z -uall [101ms]
2026-07-21 07:08:50.732 [info] > git config --get commit.template [10ms]
2026-07-21 07:08:50.734 [info] > git for-each-ref --format=%(refname)%00%(upstream:short)%00%(objectname)%00%(upstream:track)%00%(upstream:remotename)%00%(upstream:remoteref) refs/heads/main refs/remotes/main [2ms]
2026-07-21 07:08:50.754 [info] > git for-each-ref --sort -committerdate --format %(refname)%00%(objectname)%00%(*objectname) [2ms]
2026-07-21 07:08:50.805 [info] > git status -z -uall [61ms]
2026-07-21 07:08:55.836 [info] > git config --get commit.template [9ms]
2026-07-21 07:08:55.838 [info] > git for-each-ref --format=%(refname)%00%(upstream:short)%00%(objectname)%00%(upstream:track)%00%(upstream:remotename)%00%(upstream:remoteref) refs/heads/main refs/remotes/main [3ms]
2026-07-21 07:08:55.858 [info] > git for-each-ref --sort -committerdate --format %(refname)%00%(objectname)%00%(*objectname) [3ms]
2026-07-21 07:08:55.909 [info] > git status -z -uall [63ms]
2026-07-21 07:09:00.940 [info] > git config --get commit.template [10ms]
2026-07-21 07:09:00.942 [info] > git for-each-ref --format=%(refname)%00%(upstream:short)%00%(objectname)%00%(upstream:track)%00%(upstream:remotename)%00%(upstream:remoteref) refs/heads/main refs/remotes/main [3ms]
2026-07-21 07:09:00.973 [info] > git for-each-ref --sort -committerdate --format %(refname)%00%(objectname)%00%(*objectname) [1ms]
2026-07-21 07:09:01.029 [info] > git status -z -uall [72ms]
2026-07-21 07:09:06.059 [info] > git config --get commit.template [10ms]
2026-07-21 07:09:06.061 [info] > git for-each-ref --format=%(refname)%00%(upstream:short)%00%(objectname)%00%(upstream:track)%00%(upstream:remotename)%00%(upstream:remoteref) refs/heads/main refs/remotes/main [3ms]
2026-07-21 07:09:06.083 [info] > git for-each-ref --sort -committerdate --format %(refname)%00%(objectname)%00%(*objectname) [3ms]
2026-07-21 07:09:06.131 [info] > git status -z -uall [61ms]
2026-07-21 07:09:12.779 [info] > git config --get commit.template [5ms]
2026-07-21 07:09:12.791 [info] > git for-each-ref --format=%(refname)%00%(upstream:short)%00%(objectname)%00%(upstream:track)%00%(upstream:remotename)%00%(upstream:remoteref) refs/heads/main refs/remotes/main [4ms]
2026-07-21 07:09:12.812 [info] > git for-each-ref --sort -committerdate --format %(refname)%00%(objectname)%00%(*objectname) [3ms]
2026-07-21 07:09:12.862 [info] > git status -z -uall [62ms]
2026-07-21 07:09:17.888 [info] > git config --get commit.template [9ms]
2026-07-21 07:09:17.891 [info] > git for-each-ref --format=%(refname)%00%(upstream:short)%00%(objectname)%00%(upstream:track)%00%(upstream:remotename)%00%(upstream:remoteref) refs/heads/main refs/remotes/main [4ms]
2026-07-21 07:09:17.911 [info] > git for-each-ref --sort -committerdate --format %(refname)%00%(objectname)%00%(*objectname) [2ms]
2026-07-21 07:09:17.962 [info] > git status -z -uall [61ms]
2026-07-21 07:09:19.439 [info] > git check-ignore -v -z --stdin [3ms]
2026-07-21 07:09:19.547 [info] > git ls-files --stage -- add.py [2ms]
2026-07-21 07:09:19.565 [info] > git cat-file -s db6c7812564e033eb302023322204dc37fa64f63 [9ms]
2026-07-21 07:09:19.566 [info] > git show --textconv :add.py [30ms]
2026-07-21 07:09:21.607 [info] > git check-ignore -v -z --stdin [4ms]
2026-07-21 07:09:21.711 [info] > git ls-files --stage -- app.py [2ms]
2026-07-21 07:09:21.720 [info] > git show --textconv :app.py [20ms]
2026-07-21 07:09:21.721 [info] > git cat-file -s 704d8d5f1adf7c7ee03b14f22178b3b4efa28bed [2ms]
2026-07-21 07:09:22.988 [info] > git config --get commit.template [9ms]
2026-07-21 07:09:22.990 [info] > git for-each-ref --format=%(refname)%00%(upstream:short)%00%(objectname)%00%(upstream:track)%00%(upstream:remotename)%00%(upstream:remoteref) refs/heads/main refs/remotes/main [3ms]
2026-07-21 07:09:23.010 [info] > git for-each-ref --sort -committerdate --format %(refname)%00%(objectname)%00%(*objectname) [3ms]
2026-07-21 07:09:23.059 [info] > git status -z -uall [61ms]
2026-07-21 07:09:24.267 [info] > git check-ignore -v -z --stdin [2ms]
2026-07-21 07:09:28.089 [info] > git config --get commit.template [10ms]
2026-07-21 07:09:28.092 [info] > git for-each-ref --format=%(refname)%00%(upstream:short)%00%(objectname)%00%(upstream:track)%00%(upstream:remotename)%00%(upstream:remoteref) refs/heads/main refs/remotes/main [4ms]
2026-07-21 07:09:28.116 [info] > git for-each-ref --sort -committerdate --format %(refname)%00%(objectname)%00%(*objectname) [2ms]
2026-07-21 07:09:28.187 [info] > git status -z -uall [86ms]
2026-07-21 07:09:29.481 [info] > git check-ignore -v -z --stdin [2ms]
2026-07-21 07:09:33.219 [info] > git config --get commit.template [9ms]
2026-07-21 07:09:33.221 [info] > git for-each-ref --format=%(refname)%00%(upstream:short)%00%(objectname)%00%(upstream:track)%00%(upstream:remotename)%00%(upstream:remoteref) refs/heads/main refs/remotes/main [3ms]
2026-07-21 07:09:33.243 [info] > git for-each-ref --sort -committerdate --format %(refname)%00%(objectname)%00%(*objectname) [3ms]
2026-07-21 07:09:33.293 [info] > git status -z -uall [62ms]
2026-07-21 07:09:34.145 [info] > git check-ignore -v -z --stdin [3ms]
2026-07-21 07:09:34.257 [info] > git ls-files --stage -- linear.py [1ms]
2026-07-21 07:09:34.286 [info] > git show --textconv :linear.py [43ms]
2026-07-21 07:09:34.286 [info] > git cat-file -s 63dcaec9aee746a72a15b42c8ba834d8c16030c6 [20ms]
2026-07-21 07:09:34.477 [info] > git check-ignore -v -z --stdin [2ms]
2026-07-21 07:09:38.325 [info] > git config --get commit.template [11ms]
2026-07-21 07:09:38.327 [info] > git for-each-ref --format=%(refname)%00%(upstream:short)%00%(objectname)%00%(upstream:track)%00%(upstream:remotename)%00%(upstream:remoteref) refs/heads/main refs/remotes/main [3ms]
2026-07-21 07:09:38.352 [info] > git for-each-ref --sort -committerdate --format %(refname)%00%(objectname)%00%(*objectname) [4ms]
2026-07-21 07:09:38.407 [info] > git status -z -uall [72ms]
2026-07-21 07:09:39.490 [info] > git check-ignore -v -z --stdin [3ms]
2026-07-21 07:09:58.283 [info] > git config --get commit.template [3ms]
2026-07-21 07:09:58.294 [info] > git for-each-ref --format=%(refname)%00%(upstream:short)%00%(objectname)%00%(upstream:track)%00%(upstream:remotename)%00%(upstream:remoteref) refs/heads/main refs/remotes/main [2ms]
2026-07-21 07:09:58.314 [info] > git for-each-ref --sort -committerdate --format %(refname)%00%(objectname)%00%(*objectname) [2ms]
2026-07-21 07:09:58.366 [info] > git status -z -uall [63ms]
2026-07-21 07:09:59.689 [info] > git check-ignore -v -z --stdin [4ms]
2026-07-21 07:45:38.244 [info] > git config --get commit.template [5ms]
2026-07-21 07:45:38.254 [info] > git for-each-ref --format=%(refname)%00%(upstream:short)%00%(objectname)%00%(upstream:track)%00%(upstream:remotename)%00%(upstream:remoteref) refs/heads/main refs/remotes/main [2ms]
2026-07-21 07:45:38.277 [info] > git for-each-ref --sort -committerdate --format %(refname)%00%(objectname)%00%(*objectname) [3ms]
2026-07-21 07:45:38.329 [info] > git status -z -uall [66ms]
2026-07-21 07:45:39.304 [info] > git check-ignore -v -z --stdin [9ms]
