2026-07-04 10:16:04.760 [info] Reading sessions from keychain...
2026-07-04 10:16:04.760 [info] Got stored sessions!
2026-07-04 10:16:04.760 [info] Got 1 verified sessions.
2026-07-04 10:16:04.760 [info] Getting sessions for all scopes...
2026-07-04 10:16:04.760 [info] Got 1 sessions for ...
2026-07-04 10:16:04.760 [info] Getting sessions for all scopes...
2026-07-04 10:16:04.760 [info] Got 1 sessions for ...
2026-07-04 10:16:04.760 [info] Getting sessions for all scopes...
2026-07-04 10:16:04.760 [info] Got 1 sessions for ...
2026-07-04 10:16:04.760 [info] Getting sessions for all scopes...
2026-07-04 10:16:04.760 [info] Got 1 sessions for ...
2026-07-04 10:16:05.812 [info] Getting sessions for read:user,repo,user:email,workflow...
2026-07-04 10:16:05.812 [info] Got 1 sessions for read:user,repo,user:email,workflow...
2026-07-04 10:26:20.474 [info] Getting sessions for read:user,repo,user:email,workflow...
2026-07-04 10:26:20.474 [info] Got 1 sessions for read:user,repo,user:email,workflow...
2026-07-04 10:36:14.432 [info] Getting sessions for read:user,repo,user:email,workflow...
2026-07-04 10:36:14.432 [info] Got 1 sessions for read:user,repo,user:email,workflow...
2026-07-04 10:38:31.375 [info] Getting sessions for read:user,repo,user:email,workflow...
2026-07-04 10:38:31.375 [info] Got 1 sessions for read:user,repo,user:email,workflow...
2026-07-04 10:50:59.332 [info] Getting sessions for read:user,repo,user:email,workflow...
2026-07-04 10:50:59.332 [info] Got 1 sessions for read:user,repo,user:email,workflow...
