2026-07-23 08:45:21.395 [info] [main] Log level: Info
2026-07-23 08:45:21.395 [info] [main] Validating found git in: "git"
2026-07-23 08:45:21.395 [info] [main] Using git "2.43.0" from "git"
2026-07-23 08:45:21.395 [info] [Model][doInitialScan] Initial repository scan started
2026-07-23 08:45:21.395 [info] > git rev-parse --show-toplevel [3ms]
2026-07-23 08:45:21.395 [info] > git rev-parse --git-dir --git-common-dir --show-superproject-working-tree [10ms]
2026-07-23 08:45:21.514 [info] [Model][openRepository] Opened repository (path): /home/psv2482109
2026-07-23 08:45:21.514 [info] [Model][openRepository] Opened repository (real path): /home/psv2482109
2026-07-23 08:45:21.514 [info] [Model][openRepository] Opened repository (kind): repository
2026-07-23 08:45:21.931 [info] > git rev-parse --show-toplevel [10ms]
2026-07-23 08:45:21.932 [info] > git config --get commit.template [15ms]
2026-07-23 08:45:21.947 [info] > git rev-parse --show-toplevel [9ms]
2026-07-23 08:45:21.953 [info] > git rev-parse --show-toplevel [2ms]
2026-07-23 08:45:21.959 [info] > git rev-parse --show-toplevel [2ms]
2026-07-23 08:45:21.965 [info] > git rev-parse --show-toplevel [2ms]
2026-07-23 08:45:21.972 [info] > git rev-parse --show-toplevel [2ms]
2026-07-23 08:45:21.979 [info] > git for-each-ref --format=%(refname)%00%(upstream:short)%00%(objectname)%00%(upstream:track)%00%(upstream:remotename)%00%(upstream:remoteref) refs/heads/main refs/remotes/main [37ms]
2026-07-23 08:45:21.980 [info] > git rev-parse --show-toplevel [3ms]
2026-07-23 08:45:21.997 [info] > git rev-parse --show-toplevel [13ms]
2026-07-23 08:45:22.002 [info] > git for-each-ref --sort -committerdate --format %(refname)%00%(objectname)%00%(*objectname) [6ms]
2026-07-23 08:45:22.004 [info] > git rev-parse --show-toplevel [3ms]
2026-07-23 08:45:22.005 [info] [Model][doInitialScan] Initial repository scan completed - repositories (1), closed repositories (0), parent repositories (0), unsafe repositories (0)
2026-07-23 08:45:22.086 [info] > git check-ignore -v -z --stdin [3ms]
2026-07-23 08:45:22.193 [info] > git show --textconv :linear.py [7ms]
2026-07-23 08:45:22.195 [info] > git ls-files --stage -- linear.py [4ms]
2026-07-23 08:45:22.200 [info] > git cat-file -s 63dcaec9aee746a72a15b42c8ba834d8c16030c6 [2ms]
2026-07-23 08:45:22.424 [info] > git check-ignore -v -z --stdin [2ms]
2026-07-23 08:45:22.432 [info] > git check-ignore -v -z --stdin [3ms]
2026-07-23 08:45:25.566 [info] > git status -z -uall [3576ms]
2026-07-23 08:45:25.654 [info] > git for-each-ref --format=%(refname)%00%(upstream:short)%00%(objectname)%00%(upstream:track)%00%(upstream:remotename)%00%(upstream:remoteref) refs/heads/main refs/remotes/main [21ms]
2026-07-23 08:45:25.662 [info] > git config --get commit.template [18ms]
2026-07-23 08:45:25.663 [info] > git config --get --local branch.main.vscode-merge-base [3ms]
2026-07-23 08:45:25.663 [warning] [Git][config] git config failed: Failed to execute git
2026-07-23 08:45:25.789 [info] > git reflog main --grep-reflog=branch: Created from *. [121ms]
2026-07-23 08:45:25.800 [info] > git for-each-ref --format=%(refname)%00%(upstream:short)%00%(objectname)%00%(upstream:track)%00%(upstream:remotename)%00%(upstream:remoteref) refs/heads/main refs/remotes/main [16ms]
2026-07-23 08:45:25.803 [info] > git symbolic-ref --short refs/remotes/origin/HEAD [7ms]
2026-07-23 08:45:25.803 [info] fatal: ref refs/remotes/origin/HEAD is not a symbolic ref
2026-07-23 08:45:25.803 [warning] [Repository][getDefaultBranch] Failed to get default branch details: Failed to execute git.
2026-07-23 08:45:25.811 [info] > git merge-base refs/heads/main refs/remotes/origin/main [3ms]
2026-07-23 08:45:25.830 [info] > git diff --raw --numstat --diff-filter=ADMR -z --find-renames=50% 33b5b1d650895df59e78a6e025c7fd91472c6f56...refs/remotes/origin/main -- [14ms]
2026-07-23 08:45:25.832 [info] > git for-each-ref --sort -committerdate --format %(refname)%00%(objectname)%00%(*objectname) [4ms]
2026-07-23 08:45:25.877 [info] > git status -z -uall [54ms]
2026-07-23 08:45:28.834 [info] > git check-ignore -v -z --stdin [627ms]
2026-07-23 08:45:32.410 [info] > git check-ignore -v -z --stdin [112ms]
2026-07-23 08:45:34.172 [info] > git config --get commit.template [53ms]
2026-07-23 08:45:34.230 [info] > git for-each-ref --format=%(refname)%00%(upstream:short)%00%(objectname)%00%(upstream:track)%00%(upstream:remotename)%00%(upstream:remoteref) refs/heads/main refs/remotes/main [34ms]
2026-07-23 08:45:34.299 [info] > git for-each-ref --sort -committerdate --format %(refname)%00%(objectname)%00%(*objectname) [9ms]
2026-07-23 08:45:34.380 [info] > git status -z -uall [108ms]
2026-07-23 08:45:35.750 [info] > git check-ignore -v -z --stdin [19ms]
2026-07-23 08:45:39.458 [info] > git config --get commit.template [10ms]
2026-07-23 08:45:39.504 [info] > git for-each-ref --format=%(refname)%00%(upstream:short)%00%(objectname)%00%(upstream:track)%00%(upstream:remotename)%00%(upstream:remoteref) refs/heads/main refs/remotes/main [11ms]
2026-07-23 08:45:39.592 [info] > git for-each-ref --sort -committerdate --format %(refname)%00%(objectname)%00%(*objectname) [12ms]
2026-07-23 08:45:39.694 [info] > git status -z -uall [150ms]
2026-07-23 08:45:40.982 [info] > git check-ignore -v -z --stdin [9ms]
2026-07-23 08:45:45.027 [info] > git config --get commit.template [41ms]
2026-07-23 08:45:45.137 [info] > git for-each-ref --format=%(refname)%00%(upstream:short)%00%(objectname)%00%(upstream:track)%00%(upstream:remotename)%00%(upstream:remoteref) refs/heads/main refs/remotes/main [5ms]
2026-07-23 08:45:45.203 [info] > git for-each-ref --sort -committerdate --format %(refname)%00%(objectname)%00%(*objectname) [8ms]
2026-07-23 08:45:45.330 [info] > git status -z -uall [166ms]
2026-07-23 08:45:48.268 [info] > git check-ignore -v -z --stdin [3ms]
2026-07-23 08:45:50.459 [info] > git config --get commit.template [16ms]
2026-07-23 08:45:50.459 [info] > git for-each-ref --format=%(refname)%00%(upstream:short)%00%(objectname)%00%(upstream:track)%00%(upstream:remotename)%00%(upstream:remoteref) refs/heads/main refs/remotes/main [2ms]
2026-07-23 08:45:50.488 [info] > git for-each-ref --sort -committerdate --format %(refname)%00%(objectname)%00%(*objectname) [3ms]
2026-07-23 08:45:50.546 [info] > git status -z -uall [74ms]
2026-07-23 08:45:51.435 [info] > git check-ignore -v -z --stdin [2ms]
2026-07-23 08:45:55.588 [info] > git config --get commit.template [10ms]
2026-07-23 08:45:55.588 [info] > git for-each-ref --format=%(refname)%00%(upstream:short)%00%(objectname)%00%(upstream:track)%00%(upstream:remotename)%00%(upstream:remoteref) refs/heads/main refs/remotes/main [2ms]
2026-07-23 08:45:55.608 [info] > git for-each-ref --sort -committerdate --format %(refname)%00%(objectname)%00%(*objectname) [2ms]
2026-07-23 08:45:55.653 [info] > git status -z -uall [56ms]
2026-07-23 08:45:57.166 [info] > git check-ignore -v -z --stdin [2ms]
2026-07-23 08:48:51.295 [info] > git config --get commit.template [2ms]
2026-07-23 08:48:51.306 [info] > git for-each-ref --format=%(refname)%00%(upstream:short)%00%(objectname)%00%(upstream:track)%00%(upstream:remotename)%00%(upstream:remoteref) refs/heads/main refs/remotes/main [3ms]
2026-07-23 08:48:51.327 [info] > git for-each-ref --sort -committerdate --format %(refname)%00%(objectname)%00%(*objectname) [3ms]
2026-07-23 08:48:51.370 [info] > git status -z -uall [55ms]
2026-07-23 08:48:52.261 [info] > git check-ignore -v -z --stdin [2ms]
