2026-08-03 08:26:02.358 [info] [main] Log level: Info
2026-08-03 08:26:02.358 [info] [main] Validating found git in: "git"
2026-08-03 08:26:02.358 [info] [main] Using git "2.43.0" from "git"
2026-08-03 08:26:02.358 [info] [Model][doInitialScan] Initial repository scan started
2026-08-03 08:26:02.358 [info] > git rev-parse --show-toplevel [8ms]
2026-08-03 08:26:02.361 [info] > git rev-parse --git-dir --git-common-dir --show-superproject-working-tree [4ms]
2026-08-03 08:26:02.738 [info] [Model][openRepository] Opened repository (path): /home/psv2482109
2026-08-03 08:26:02.738 [info] [Model][openRepository] Opened repository (real path): /home/psv2482109
2026-08-03 08:26:02.738 [info] [Model][openRepository] Opened repository (kind): repository
2026-08-03 08:26:02.845 [info] > git rev-parse --show-toplevel [87ms]
2026-08-03 08:26:02.850 [info] > git config --get commit.template [95ms]
2026-08-03 08:26:02.911 [info] > git rev-parse --show-toplevel [47ms]
2026-08-03 08:26:02.936 [info] > git rev-parse --show-toplevel [9ms]
2026-08-03 08:26:02.959 [info] > git rev-parse --show-toplevel [7ms]
2026-08-03 08:26:02.988 [info] > git rev-parse --show-toplevel [2ms]
2026-08-03 08:26:02.999 [info] > git for-each-ref --format=%(refname)%00%(upstream:short)%00%(objectname)%00%(upstream:track)%00%(upstream:remotename)%00%(upstream:remoteref) refs/heads/main refs/remotes/main [104ms]
2026-08-03 08:26:03.038 [info] > git rev-parse --show-toplevel [23ms]
2026-08-03 08:26:03.079 [info] > git rev-parse --show-toplevel [29ms]
2026-08-03 08:26:03.080 [info] > git for-each-ref --sort -committerdate --format %(refname)%00%(objectname)%00%(*objectname) [5ms]
2026-08-03 08:26:03.097 [info] > git rev-parse --show-toplevel [6ms]
2026-08-03 08:26:03.112 [info] > git rev-parse --show-toplevel [8ms]
2026-08-03 08:26:03.113 [info] [Model][doInitialScan] Initial repository scan completed - repositories (1), closed repositories (0), parent repositories (0), unsafe repositories (0)
2026-08-03 08:26:03.742 [info] > git check-ignore -v -z --stdin [3ms]
2026-08-03 08:26:03.807 [info] > git status -z -uall [743ms]
2026-08-03 08:26:03.941 [info] > git show --textconv :linear.py [10ms]
2026-08-03 08:26:03.941 [info] > git for-each-ref --format=%(refname)%00%(upstream:short)%00%(objectname)%00%(upstream:track)%00%(upstream:remotename)%00%(upstream:remoteref) refs/heads/main refs/remotes/main [37ms]
2026-08-03 08:26:04.080 [info] > git config --get --local branch.main.vscode-merge-base [128ms]
2026-08-03 08:26:04.080 [warning] [Git][config] git config failed: Failed to execute git
2026-08-03 08:26:04.088 [info] > git ls-files --stage -- linear.py [148ms]
2026-08-03 08:26:04.097 [info] > git config --get commit.template [178ms]
2026-08-03 08:26:04.109 [info] > git check-ignore -v -z --stdin [4ms]
2026-08-03 08:26:04.110 [info] > git cat-file -s 63dcaec9aee746a72a15b42c8ba834d8c16030c6 [14ms]
2026-08-03 08:26:04.120 [info] > git for-each-ref --format=%(refname)%00%(upstream:short)%00%(objectname)%00%(upstream:track)%00%(upstream:remotename)%00%(upstream:remoteref) refs/heads/main refs/remotes/main [2ms]
2026-08-03 08:26:04.140 [info] > git for-each-ref --sort -committerdate --format %(refname)%00%(objectname)%00%(*objectname) [3ms]
2026-08-03 08:26:06.468 [info] > git status -z -uall [2339ms]
2026-08-03 08:26:06.510 [info] > git reflog main --grep-reflog=branch: Created from *. [2422ms]
2026-08-03 08:26:06.562 [info] > git symbolic-ref --short refs/remotes/origin/HEAD [44ms]
2026-08-03 08:26:06.562 [info] fatal: ref refs/remotes/origin/HEAD is not a symbolic ref
2026-08-03 08:26:06.562 [warning] [Repository][getDefaultBranch] Failed to get default branch details: Failed to execute git.
2026-08-03 08:26:06.743 [info] > git merge-base refs/heads/main refs/remotes/origin/main [154ms]
2026-08-03 08:26:06.752 [info] > git merge-base refs/heads/main refs/remotes/origin/main [177ms]
2026-08-03 08:26:06.771 [info] > git diff --raw --numstat --diff-filter=ADMR -z --find-renames=50% 33b5b1d650895df59e78a6e025c7fd91472c6f56...refs/remotes/origin/main -- [19ms]
2026-08-03 08:26:06.780 [info] > git diff --raw --numstat --diff-filter=ADMR -z --find-renames=50% 33b5b1d650895df59e78a6e025c7fd91472c6f56...refs/remotes/origin/main -- [19ms]
2026-08-03 08:26:07.187 [info] > git check-ignore -v -z --stdin [81ms]
2026-08-03 08:26:09.436 [info] > git config --get commit.template [749ms]
2026-08-03 08:26:09.436 [info] > git blame --root --incremental 33b5b1d650895df59e78a6e025c7fd91472c6f56 -- linear.py [763ms]
2026-08-03 08:26:10.161 [info] > git for-each-ref --format=%(refname)%00%(upstream:short)%00%(objectname)%00%(upstream:track)%00%(upstream:remotename)%00%(upstream:remoteref) refs/heads/main refs/remotes/main [386ms]
2026-08-03 08:26:10.298 [info] > git check-ignore -v -z --stdin [66ms]
2026-08-03 08:26:13.960 [info] > git status -z -uall [167ms]
2026-08-03 08:26:13.965 [info] > git for-each-ref --sort -committerdate --format %(refname)%00%(objectname)%00%(*objectname) [158ms]
2026-08-03 08:26:15.399 [info] > git check-ignore -v -z --stdin [14ms]
