2026-07-04 10:16:04.818 [info] [main] Log level: Info
2026-07-04 10:16:04.819 [info] [main] Validating found git in: "git"
2026-07-04 10:16:04.819 [info] [main] Using git "2.43.0" from "git"
2026-07-04 10:16:04.819 [info] [Model][doInitialScan] Initial repository scan started
2026-07-04 10:16:04.819 [info] > git rev-parse --show-toplevel [6ms]
2026-07-04 10:16:04.819 [info] > git rev-parse --git-dir --git-common-dir --show-superproject-working-tree [4ms]
2026-07-04 10:16:05.062 [info] [Model][openRepository] Opened repository (path): /home/psv2482109
2026-07-04 10:16:05.062 [info] [Model][openRepository] Opened repository (real path): /home/psv2482109
2026-07-04 10:16:05.062 [info] [Model][openRepository] Opened repository (kind): repository
2026-07-04 10:16:05.092 [info] > git config --get commit.template [7ms]
2026-07-04 10:16:05.231 [info] > git rev-parse --show-toplevel [142ms]
2026-07-04 10:16:05.285 [info] > git rev-parse --show-toplevel [43ms]
2026-07-04 10:16:05.286 [info] > git for-each-ref --format=%(refname)%00%(upstream:short)%00%(objectname)%00%(upstream:track)%00%(upstream:remotename)%00%(upstream:remoteref) refs/heads/main refs/remotes/main [50ms]
2026-07-04 10:16:05.317 [info] > git rev-parse --show-toplevel [14ms]
2026-07-04 10:16:05.422 [info] > git status -z -uall [88ms]
2026-07-04 10:16:05.422 [info] > git rev-parse --show-toplevel [73ms]
2026-07-04 10:16:05.423 [info] > git for-each-ref --sort -committerdate --format %(refname)%00%(objectname)%00%(*objectname) [80ms]
2026-07-04 10:16:05.483 [info] > git for-each-ref --format=%(refname)%00%(upstream:short)%00%(objectname)%00%(upstream:track)%00%(upstream:remotename)%00%(upstream:remoteref) refs/heads/main refs/remotes/main [15ms]
2026-07-04 10:16:05.492 [info] > git config --get commit.template [10ms]
2026-07-04 10:16:05.492 [info] > git rev-parse --show-toplevel [16ms]
2026-07-04 10:16:05.493 [info] > git config --get --local branch.main.vscode-merge-base [4ms]
2026-07-04 10:16:05.494 [warning] [Git][config] git config failed: Failed to execute git
2026-07-04 10:16:05.513 [info] > git for-each-ref --format=%(refname)%00%(upstream:short)%00%(objectname)%00%(upstream:track)%00%(upstream:remotename)%00%(upstream:remoteref) refs/heads/main refs/remotes/main [4ms]
2026-07-04 10:16:05.514 [info] > git rev-parse --show-toplevel [9ms]
2026-07-04 10:16:05.514 [info] > git reflog main --grep-reflog=branch: Created from *. [16ms]
2026-07-04 10:16:05.525 [info] > git symbolic-ref --short refs/remotes/origin/HEAD [7ms]
2026-07-04 10:16:05.525 [info] fatal: ref refs/remotes/origin/HEAD is not a symbolic ref
2026-07-04 10:16:05.526 [warning] [Repository][getDefaultBranch] Failed to get default branch details: Failed to execute git.
2026-07-04 10:16:05.532 [info] > git rev-parse --show-toplevel [9ms]
2026-07-04 10:16:05.603 [info] > git merge-base refs/heads/main refs/remotes/origin/main [73ms]
2026-07-04 10:16:05.608 [info] > git status -z -uall [72ms]
2026-07-04 10:16:05.621 [info] > git for-each-ref --sort -committerdate --format %(refname)%00%(objectname)%00%(*objectname) [77ms]
2026-07-04 10:16:05.626 [info] > git diff --raw --numstat --diff-filter=ADMR -z --find-renames=50% 20572410c21fee95ce22a9e2815330fec206a3da...refs/remotes/origin/main -- [18ms]
2026-07-04 10:16:05.626 [info] > git rev-parse --show-toplevel [43ms]
2026-07-04 10:16:05.648 [info] > git rev-parse --show-toplevel [8ms]
2026-07-04 10:16:05.648 [info] [Model][doInitialScan] Initial repository scan completed - repositories (1), closed repositories (0), parent repositories (0), unsafe repositories (0)
2026-07-04 10:16:05.764 [info] > git check-ignore -v -z --stdin [3ms]
2026-07-04 10:16:56.627 [info] > git check-ignore -v -z --stdin [3ms]
2026-07-04 10:16:56.756 [info] > git show --textconv :add.py [14ms]
2026-07-04 10:16:56.758 [info] > git ls-files --stage -- add.py [3ms]
2026-07-04 10:16:56.771 [info] > git cat-file -s db6c7812564e033eb302023322204dc37fa64f63 [2ms]
2026-07-04 10:16:56.990 [info] > git blame --root --incremental 20572410c21fee95ce22a9e2815330fec206a3da -- add.py [8ms]
2026-07-04 10:18:10.542 [info] > git config --get commit.template [2ms]
2026-07-04 10:18:10.553 [info] > git for-each-ref --format=%(refname)%00%(upstream:short)%00%(objectname)%00%(upstream:track)%00%(upstream:remotename)%00%(upstream:remoteref) refs/heads/main refs/remotes/main [3ms]
2026-07-04 10:18:10.574 [info] > git for-each-ref --sort -committerdate --format %(refname)%00%(objectname)%00%(*objectname) [2ms]
2026-07-04 10:18:10.601 [info] > git status -z -uall [38ms]
2026-07-04 10:18:11.275 [info] > git check-ignore -v -z --stdin [2ms]
2026-07-04 10:18:15.638 [info] > git config --get commit.template [12ms]
2026-07-04 10:18:15.639 [info] > git for-each-ref --format=%(refname)%00%(upstream:short)%00%(objectname)%00%(upstream:track)%00%(upstream:remotename)%00%(upstream:remoteref) refs/heads/main refs/remotes/main [2ms]
2026-07-04 10:18:15.662 [info] > git for-each-ref --sort -committerdate --format %(refname)%00%(objectname)%00%(*objectname) [3ms]
2026-07-04 10:18:15.694 [info] > git status -z -uall [45ms]
2026-07-04 10:18:16.386 [info] > git check-ignore -v -z --stdin [4ms]
2026-07-04 10:18:20.725 [info] > git config --get commit.template [11ms]
2026-07-04 10:18:20.727 [info] > git for-each-ref --format=%(refname)%00%(upstream:short)%00%(objectname)%00%(upstream:track)%00%(upstream:remotename)%00%(upstream:remoteref) refs/heads/main refs/remotes/main [3ms]
2026-07-04 10:18:20.750 [info] > git for-each-ref --sort -committerdate --format %(refname)%00%(objectname)%00%(*objectname) [2ms]
2026-07-04 10:18:20.782 [info] > git status -z -uall [44ms]
2026-07-04 10:18:21.456 [info] > git check-ignore -v -z --stdin [2ms]
2026-07-04 10:18:23.894 [info] > git check-ignore -v -z --stdin [10ms]
2026-07-04 10:18:23.895 [info] > git check-ignore -v -z --stdin [2ms]
2026-07-04 10:18:24.008 [info] > git show --textconv :linear.py [10ms]
2026-07-04 10:18:24.017 [info] > git ls-files --stage -- linear.py [10ms]
2026-07-04 10:18:24.028 [info] > git hash-object -t tree /dev/null [12ms]
2026-07-04 10:18:24.029 [warning] [GitFileSystemProvider][readFile] File not found - git:/home/psv2482109/linear.py.git?%7B%22path%22%3A%22%2Fhome%2Fpsv2482109%2Flinear.py%22%2C%22ref%22%3A%22%22%7D
2026-07-04 10:18:24.040 [info] > git hash-object -t tree /dev/null [15ms]
2026-07-04 10:18:24.040 [warning] [GitFileSystemProvider][stat] File not found - git:/home/psv2482109/linear.py.git?%7B%22path%22%3A%22%2Fhome%2Fpsv2482109%2Flinear.py%22%2C%22ref%22%3A%22%22%7D
2026-07-04 10:18:25.813 [info] > git config --get commit.template [11ms]
2026-07-04 10:18:25.815 [info] > git for-each-ref --format=%(refname)%00%(upstream:short)%00%(objectname)%00%(upstream:track)%00%(upstream:remotename)%00%(upstream:remoteref) refs/heads/main refs/remotes/main [3ms]
2026-07-04 10:18:25.838 [info] > git for-each-ref --sort -committerdate --format %(refname)%00%(objectname)%00%(*objectname) [2ms]
2026-07-04 10:18:25.868 [info] > git status -z -uall [43ms]
2026-07-04 10:18:32.125 [info] > git config --get commit.template [9ms]
2026-07-04 10:18:32.129 [info] > git for-each-ref --format=%(refname)%00%(upstream:short)%00%(objectname)%00%(upstream:track)%00%(upstream:remotename)%00%(upstream:remoteref) refs/heads/main refs/remotes/main [6ms]
2026-07-04 10:18:32.149 [info] > git for-each-ref --sort -committerdate --format %(refname)%00%(objectname)%00%(*objectname) [3ms]
2026-07-04 10:18:32.179 [info] > git status -z -uall [41ms]
2026-07-04 10:18:37.209 [info] > git config --get commit.template [11ms]
2026-07-04 10:18:37.210 [info] > git for-each-ref --format=%(refname)%00%(upstream:short)%00%(objectname)%00%(upstream:track)%00%(upstream:remotename)%00%(upstream:remoteref) refs/heads/main refs/remotes/main [2ms]
2026-07-04 10:18:37.232 [info] > git for-each-ref --sort -committerdate --format %(refname)%00%(objectname)%00%(*objectname) [2ms]
2026-07-04 10:18:37.263 [info] > git status -z -uall [44ms]
2026-07-04 10:18:42.287 [info] > git config --get commit.template [10ms]
2026-07-04 10:18:42.288 [info] > git for-each-ref --format=%(refname)%00%(upstream:short)%00%(objectname)%00%(upstream:track)%00%(upstream:remotename)%00%(upstream:remoteref) refs/heads/main refs/remotes/main [2ms]
2026-07-04 10:18:42.309 [info] > git for-each-ref --sort -committerdate --format %(refname)%00%(objectname)%00%(*objectname) [2ms]
2026-07-04 10:18:42.342 [info] > git status -z -uall [45ms]
2026-07-04 10:18:47.372 [info] > git config --get commit.template [12ms]
2026-07-04 10:18:47.373 [info] > git for-each-ref --format=%(refname)%00%(upstream:short)%00%(objectname)%00%(upstream:track)%00%(upstream:remotename)%00%(upstream:remoteref) refs/heads/main refs/remotes/main [2ms]
2026-07-04 10:18:47.399 [info] > git for-each-ref --sort -committerdate --format %(refname)%00%(objectname)%00%(*objectname) [4ms]
2026-07-04 10:18:47.432 [info] > git status -z -uall [48ms]
2026-07-04 10:18:52.464 [info] > git config --get commit.template [10ms]
2026-07-04 10:18:52.465 [info] > git for-each-ref --format=%(refname)%00%(upstream:short)%00%(objectname)%00%(upstream:track)%00%(upstream:remotename)%00%(upstream:remoteref) refs/heads/main refs/remotes/main [2ms]
2026-07-04 10:18:52.483 [info] > git for-each-ref --sort -committerdate --format %(refname)%00%(objectname)%00%(*objectname) [2ms]
2026-07-04 10:18:52.514 [info] > git status -z -uall [41ms]
2026-07-04 10:18:57.544 [info] > git config --get commit.template [12ms]
2026-07-04 10:18:57.545 [info] > git for-each-ref --format=%(refname)%00%(upstream:short)%00%(objectname)%00%(upstream:track)%00%(upstream:remotename)%00%(upstream:remoteref) refs/heads/main refs/remotes/main [2ms]
2026-07-04 10:18:57.573 [info] > git for-each-ref --sort -committerdate --format %(refname)%00%(objectname)%00%(*objectname) [3ms]
2026-07-04 10:18:57.607 [info] > git status -z -uall [50ms]
2026-07-04 10:19:02.633 [info] > git config --get commit.template [9ms]
2026-07-04 10:19:02.634 [info] > git for-each-ref --format=%(refname)%00%(upstream:short)%00%(objectname)%00%(upstream:track)%00%(upstream:remotename)%00%(upstream:remoteref) refs/heads/main refs/remotes/main [2ms]
2026-07-04 10:19:02.654 [info] > git for-each-ref --sort -committerdate --format %(refname)%00%(objectname)%00%(*objectname) [3ms]
2026-07-04 10:19:02.685 [info] > git status -z -uall [42ms]
2026-07-04 10:19:07.716 [info] > git config --get commit.template [13ms]
2026-07-04 10:19:07.718 [info] > git for-each-ref --format=%(refname)%00%(upstream:short)%00%(objectname)%00%(upstream:track)%00%(upstream:remotename)%00%(upstream:remoteref) refs/heads/main refs/remotes/main [3ms]
2026-07-04 10:19:07.744 [info] > git for-each-ref --sort -committerdate --format %(refname)%00%(objectname)%00%(*objectname) [3ms]
2026-07-04 10:19:07.779 [info] > git status -z -uall [49ms]
2026-07-04 10:19:12.811 [info] > git config --get commit.template [14ms]
2026-07-04 10:19:12.813 [info] > git for-each-ref --format=%(refname)%00%(upstream:short)%00%(objectname)%00%(upstream:track)%00%(upstream:remotename)%00%(upstream:remoteref) refs/heads/main refs/remotes/main [3ms]
2026-07-04 10:19:12.841 [info] > git for-each-ref --sort -committerdate --format %(refname)%00%(objectname)%00%(*objectname) [3ms]
2026-07-04 10:19:12.873 [info] > git status -z -uall [47ms]
2026-07-04 10:19:17.902 [info] > git config --get commit.template [11ms]
2026-07-04 10:19:17.903 [info] > git for-each-ref --format=%(refname)%00%(upstream:short)%00%(objectname)%00%(upstream:track)%00%(upstream:remotename)%00%(upstream:remoteref) refs/heads/main refs/remotes/main [2ms]
2026-07-04 10:19:17.929 [info] > git for-each-ref --sort -committerdate --format %(refname)%00%(objectname)%00%(*objectname) [3ms]
2026-07-04 10:19:17.967 [info] > git status -z -uall [52ms]
2026-07-04 10:19:22.991 [info] > git config --get commit.template [9ms]
2026-07-04 10:19:22.992 [info] > git for-each-ref --format=%(refname)%00%(upstream:short)%00%(objectname)%00%(upstream:track)%00%(upstream:remotename)%00%(upstream:remoteref) refs/heads/main refs/remotes/main [2ms]
2026-07-04 10:19:23.011 [info] > git for-each-ref --sort -committerdate --format %(refname)%00%(objectname)%00%(*objectname) [3ms]
2026-07-04 10:19:23.045 [info] > git status -z -uall [45ms]
2026-07-04 10:19:28.073 [info] > git config --get commit.template [12ms]
2026-07-04 10:19:28.074 [info] > git for-each-ref --format=%(refname)%00%(upstream:short)%00%(objectname)%00%(upstream:track)%00%(upstream:remotename)%00%(upstream:remoteref) refs/heads/main refs/remotes/main [2ms]
2026-07-04 10:19:28.098 [info] > git for-each-ref --sort -committerdate --format %(refname)%00%(objectname)%00%(*objectname) [3ms]
2026-07-04 10:19:28.134 [info] > git status -z -uall [49ms]
2026-07-04 10:19:33.153 [info] > git config --get commit.template [2ms]
2026-07-04 10:19:33.167 [info] > git for-each-ref --format=%(refname)%00%(upstream:short)%00%(objectname)%00%(upstream:track)%00%(upstream:remotename)%00%(upstream:remoteref) refs/heads/main refs/remotes/main [2ms]
2026-07-04 10:19:33.191 [info] > git for-each-ref --sort -committerdate --format %(refname)%00%(objectname)%00%(*objectname) [2ms]
2026-07-04 10:19:33.225 [info] > git status -z -uall [47ms]
2026-07-04 10:19:38.247 [info] > git config --get commit.template [8ms]
2026-07-04 10:19:38.249 [info] > git for-each-ref --format=%(refname)%00%(upstream:short)%00%(objectname)%00%(upstream:track)%00%(upstream:remotename)%00%(upstream:remoteref) refs/heads/main refs/remotes/main [3ms]
2026-07-04 10:19:38.268 [info] > git for-each-ref --sort -committerdate --format %(refname)%00%(objectname)%00%(*objectname) [2ms]
2026-07-04 10:19:38.297 [info] > git status -z -uall [40ms]
2026-07-04 10:19:50.980 [info] > git config --get commit.template [2ms]
2026-07-04 10:19:50.993 [info] > git for-each-ref --format=%(refname)%00%(upstream:short)%00%(objectname)%00%(upstream:track)%00%(upstream:remotename)%00%(upstream:remoteref) refs/heads/main refs/remotes/main [3ms]
2026-07-04 10:19:51.020 [info] > git for-each-ref --sort -committerdate --format %(refname)%00%(objectname)%00%(*objectname) [3ms]
2026-07-04 10:19:51.049 [info] > git status -z -uall [44ms]
2026-07-04 10:19:56.079 [info] > git config --get commit.template [13ms]
2026-07-04 10:19:56.080 [info] > git for-each-ref --format=%(refname)%00%(upstream:short)%00%(objectname)%00%(upstream:track)%00%(upstream:remotename)%00%(upstream:remoteref) refs/heads/main refs/remotes/main [2ms]
2026-07-04 10:19:56.105 [info] > git for-each-ref --sort -committerdate --format %(refname)%00%(objectname)%00%(*objectname) [4ms]
2026-07-04 10:19:56.136 [info] > git status -z -uall [45ms]
2026-07-04 10:20:01.165 [info] > git config --get commit.template [12ms]
2026-07-04 10:20:01.167 [info] > git for-each-ref --format=%(refname)%00%(upstream:short)%00%(objectname)%00%(upstream:track)%00%(upstream:remotename)%00%(upstream:remoteref) refs/heads/main refs/remotes/main [3ms]
2026-07-04 10:20:01.194 [info] > git for-each-ref --sort -committerdate --format %(refname)%00%(objectname)%00%(*objectname) [3ms]
2026-07-04 10:20:01.240 [info] > git status -z -uall [63ms]
2026-07-04 10:20:06.268 [info] > git config --get commit.template [11ms]
2026-07-04 10:20:06.270 [info] > git for-each-ref --format=%(refname)%00%(upstream:short)%00%(objectname)%00%(upstream:track)%00%(upstream:remotename)%00%(upstream:remoteref) refs/heads/main refs/remotes/main [3ms]
2026-07-04 10:20:06.292 [info] > git for-each-ref --sort -committerdate --format %(refname)%00%(objectname)%00%(*objectname) [3ms]
2026-07-04 10:20:06.319 [info] > git status -z -uall [41ms]
2026-07-04 10:20:13.195 [info] > git config --get commit.template [12ms]
2026-07-04 10:20:13.197 [info] > git for-each-ref --format=%(refname)%00%(upstream:short)%00%(objectname)%00%(upstream:track)%00%(upstream:remotename)%00%(upstream:remoteref) refs/heads/main refs/remotes/main [2ms]
2026-07-04 10:20:13.215 [info] > git for-each-ref --sort -committerdate --format %(refname)%00%(objectname)%00%(*objectname) [2ms]
2026-07-04 10:20:13.246 [info] > git status -z -uall [41ms]
2026-07-04 10:20:18.270 [info] > git config --get commit.template [10ms]
2026-07-04 10:20:18.271 [info] > git for-each-ref --format=%(refname)%00%(upstream:short)%00%(objectname)%00%(upstream:track)%00%(upstream:remotename)%00%(upstream:remoteref) refs/heads/main refs/remotes/main [2ms]
2026-07-04 10:20:18.295 [info] > git for-each-ref --sort -committerdate --format %(refname)%00%(objectname)%00%(*objectname) [2ms]
2026-07-04 10:20:18.327 [info] > git status -z -uall [46ms]
2026-07-04 10:20:23.352 [info] > git config --get commit.template [10ms]
2026-07-04 10:20:23.353 [info] > git for-each-ref --format=%(refname)%00%(upstream:short)%00%(objectname)%00%(upstream:track)%00%(upstream:remotename)%00%(upstream:remoteref) refs/heads/main refs/remotes/main [3ms]
2026-07-04 10:20:23.376 [info] > git for-each-ref --sort -committerdate --format %(refname)%00%(objectname)%00%(*objectname) [4ms]
2026-07-04 10:20:23.408 [info] > git status -z -uall [47ms]
2026-07-04 10:20:28.431 [info] > git config --get commit.template [9ms]
2026-07-04 10:20:28.432 [info] > git for-each-ref --format=%(refname)%00%(upstream:short)%00%(objectname)%00%(upstream:track)%00%(upstream:remotename)%00%(upstream:remoteref) refs/heads/main refs/remotes/main [2ms]
2026-07-04 10:20:28.450 [info] > git for-each-ref --sort -committerdate --format %(refname)%00%(objectname)%00%(*objectname) [2ms]
2026-07-04 10:20:28.480 [info] > git status -z -uall [39ms]
2026-07-04 10:20:33.511 [info] > git config --get commit.template [13ms]
2026-07-04 10:20:33.512 [info] > git for-each-ref --format=%(refname)%00%(upstream:short)%00%(objectname)%00%(upstream:track)%00%(upstream:remotename)%00%(upstream:remoteref) refs/heads/main refs/remotes/main [2ms]
2026-07-04 10:20:33.538 [info] > git for-each-ref --sort -committerdate --format %(refname)%00%(objectname)%00%(*objectname) [2ms]
2026-07-04 10:20:33.571 [info] > git status -z -uall [48ms]
2026-07-04 10:20:38.593 [info] > git config --get commit.template [9ms]
2026-07-04 10:20:38.594 [info] > git for-each-ref --format=%(refname)%00%(upstream:short)%00%(objectname)%00%(upstream:track)%00%(upstream:remotename)%00%(upstream:remoteref) refs/heads/main refs/remotes/main [2ms]
2026-07-04 10:20:38.617 [info] > git for-each-ref --sort -committerdate --format %(refname)%00%(objectname)%00%(*objectname) [1ms]
2026-07-04 10:20:38.648 [info] > git status -z -uall [45ms]
2026-07-04 10:20:44.210 [info] > git config --get commit.template [4ms]
2026-07-04 10:20:44.229 [info] > git for-each-ref --format=%(refname)%00%(upstream:short)%00%(objectname)%00%(upstream:track)%00%(upstream:remotename)%00%(upstream:remoteref) refs/heads/main refs/remotes/main [5ms]
2026-07-04 10:20:44.260 [info] > git for-each-ref --sort -committerdate --format %(refname)%00%(objectname)%00%(*objectname) [5ms]
2026-07-04 10:20:44.298 [info] > git status -z -uall [55ms]
2026-07-04 10:20:49.328 [info] > git config --get commit.template [12ms]
2026-07-04 10:20:49.330 [info] > git for-each-ref --format=%(refname)%00%(upstream:short)%00%(objectname)%00%(upstream:track)%00%(upstream:remotename)%00%(upstream:remoteref) refs/heads/main refs/remotes/main [3ms]
2026-07-04 10:20:49.361 [info] > git for-each-ref --sort -committerdate --format %(refname)%00%(objectname)%00%(*objectname) [5ms]
2026-07-04 10:20:49.398 [info] > git status -z -uall [54ms]
2026-07-04 10:20:54.428 [info] > git config --get commit.template [12ms]
2026-07-04 10:20:54.429 [info] > git for-each-ref --format=%(refname)%00%(upstream:short)%00%(objectname)%00%(upstream:track)%00%(upstream:remotename)%00%(upstream:remoteref) refs/heads/main refs/remotes/main [3ms]
2026-07-04 10:20:54.453 [info] > git for-each-ref --sort -committerdate --format %(refname)%00%(objectname)%00%(*objectname) [3ms]
2026-07-04 10:20:54.492 [info] > git status -z -uall [53ms]
2026-07-04 10:20:59.523 [info] > git config --get commit.template [13ms]
2026-07-04 10:20:59.524 [info] > git for-each-ref --format=%(refname)%00%(upstream:short)%00%(objectname)%00%(upstream:track)%00%(upstream:remotename)%00%(upstream:remoteref) refs/heads/main refs/remotes/main [2ms]
2026-07-04 10:20:59.549 [info] > git for-each-ref --sort -committerdate --format %(refname)%00%(objectname)%00%(*objectname) [2ms]
2026-07-04 10:20:59.580 [info] > git status -z -uall [45ms]
2026-07-04 10:21:04.606 [info] > git config --get commit.template [10ms]
2026-07-04 10:21:04.607 [info] > git for-each-ref --format=%(refname)%00%(upstream:short)%00%(objectname)%00%(upstream:track)%00%(upstream:remotename)%00%(upstream:remoteref) refs/heads/main refs/remotes/main [2ms]
2026-07-04 10:21:04.629 [info] > git for-each-ref --sort -committerdate --format %(refname)%00%(objectname)%00%(*objectname) [1ms]
2026-07-04 10:21:04.658 [info] > git status -z -uall [41ms]
2026-07-04 10:21:09.681 [info] > git config --get commit.template [9ms]
2026-07-04 10:21:09.683 [info] > git for-each-ref --format=%(refname)%00%(upstream:short)%00%(objectname)%00%(upstream:track)%00%(upstream:remotename)%00%(upstream:remoteref) refs/heads/main refs/remotes/main [2ms]
2026-07-04 10:21:09.705 [info] > git for-each-ref --sort -committerdate --format %(refname)%00%(objectname)%00%(*objectname) [3ms]
2026-07-04 10:21:09.734 [info] > git status -z -uall [43ms]
2026-07-04 10:21:16.219 [info] > git config --get commit.template [2ms]
2026-07-04 10:21:16.231 [info] > git for-each-ref --format=%(refname)%00%(upstream:short)%00%(objectname)%00%(upstream:track)%00%(upstream:remotename)%00%(upstream:remoteref) refs/heads/main refs/remotes/main [2ms]
2026-07-04 10:21:16.257 [info] > git for-each-ref --sort -committerdate --format %(refname)%00%(objectname)%00%(*objectname) [2ms]
2026-07-04 10:21:16.291 [info] > git status -z -uall [48ms]
2026-07-04 10:21:21.321 [info] > git config --get commit.template [13ms]
2026-07-04 10:21:21.323 [info] > git for-each-ref --format=%(refname)%00%(upstream:short)%00%(objectname)%00%(upstream:track)%00%(upstream:remotename)%00%(upstream:remoteref) refs/heads/main refs/remotes/main [3ms]
2026-07-04 10:21:21.351 [info] > git for-each-ref --sort -committerdate --format %(refname)%00%(objectname)%00%(*objectname) [2ms]
2026-07-04 10:21:21.387 [info] > git status -z -uall [52ms]
2026-07-04 10:21:35.115 [info] > git config --get commit.template [15ms]
2026-07-04 10:21:35.117 [info] > git for-each-ref --format=%(refname)%00%(upstream:short)%00%(objectname)%00%(upstream:track)%00%(upstream:remotename)%00%(upstream:remoteref) refs/heads/main refs/remotes/main [2ms]
2026-07-04 10:21:35.141 [info] > git for-each-ref --sort -committerdate --format %(refname)%00%(objectname)%00%(*objectname) [3ms]
2026-07-04 10:21:35.172 [info] > git status -z -uall [44ms]
2026-07-04 10:21:40.204 [info] > git for-each-ref --format=%(refname)%00%(upstream:short)%00%(objectname)%00%(upstream:track)%00%(upstream:remotename)%00%(upstream:remoteref) refs/heads/main refs/remotes/main [4ms]
2026-07-04 10:21:40.204 [info] > git config --get commit.template [14ms]
2026-07-04 10:21:40.232 [info] > git for-each-ref --sort -committerdate --format %(refname)%00%(objectname)%00%(*objectname) [4ms]
2026-07-04 10:21:40.262 [info] > git status -z -uall [47ms]
2026-07-04 10:21:45.294 [info] > git config --get commit.template [12ms]
2026-07-04 10:21:45.295 [info] > git for-each-ref --format=%(refname)%00%(upstream:short)%00%(objectname)%00%(upstream:track)%00%(upstream:remotename)%00%(upstream:remoteref) refs/heads/main refs/remotes/main [3ms]
2026-07-04 10:21:45.322 [info] > git for-each-ref --sort -committerdate --format %(refname)%00%(objectname)%00%(*objectname) [5ms]
2026-07-04 10:21:45.355 [info] > git status -z -uall [48ms]
2026-07-04 10:22:04.621 [info] > git config --get commit.template [13ms]
2026-07-04 10:22:04.623 [info] > git for-each-ref --format=%(refname)%00%(upstream:short)%00%(objectname)%00%(upstream:track)%00%(upstream:remotename)%00%(upstream:remoteref) refs/heads/main refs/remotes/main [3ms]
2026-07-04 10:22:04.650 [info] > git for-each-ref --sort -committerdate --format %(refname)%00%(objectname)%00%(*objectname) [4ms]
2026-07-04 10:22:04.681 [info] > git status -z -uall [47ms]
2026-07-04 10:22:09.714 [info] > git config --get commit.template [13ms]
2026-07-04 10:22:09.716 [info] > git for-each-ref --format=%(refname)%00%(upstream:short)%00%(objectname)%00%(upstream:track)%00%(upstream:remotename)%00%(upstream:remoteref) refs/heads/main refs/remotes/main [3ms]
2026-07-04 10:22:09.737 [info] > git for-each-ref --sort -committerdate --format %(refname)%00%(objectname)%00%(*objectname) [2ms]
2026-07-04 10:22:09.767 [info] > git status -z -uall [42ms]
2026-07-04 10:22:14.797 [info] > git config --get commit.template [13ms]
2026-07-04 10:22:14.798 [info] > git for-each-ref --format=%(refname)%00%(upstream:short)%00%(objectname)%00%(upstream:track)%00%(upstream:remotename)%00%(upstream:remoteref) refs/heads/main refs/remotes/main [2ms]
2026-07-04 10:22:14.824 [info] > git for-each-ref --sort -committerdate --format %(refname)%00%(objectname)%00%(*objectname) [2ms]
2026-07-04 10:22:14.862 [info] > git status -z -uall [52ms]
2026-07-04 10:22:15.532 [info] > git check-ignore -v -z --stdin [3ms]
2026-07-04 10:22:15.662 [info] > git show --textconv :linear.py [28ms]
2026-07-04 10:22:15.663 [info] > git show --textconv HEAD:linear.py [21ms]
2026-07-04 10:22:15.663 [info] > git ls-files --stage -- linear.py [11ms]
2026-07-04 10:22:15.672 [warning] [GitFileSystemProvider][readFile] File not found - git:/home/psv2482109/linear.py.git?%7B%22path%22%3A%22%2Fhome%2Fpsv2482109%2Flinear.py%22%2C%22ref%22%3A%22HEAD%22%7D
2026-07-04 10:22:15.674 [info] > git cat-file -s 41024821c5c630f8b29fbf8347f8b9722abae328 [3ms]
2026-07-04 10:22:15.674 [info] > git ls-tree -l HEAD -- linear.py [13ms]
2026-07-04 10:22:15.675 [warning] [GitFileSystemProvider][stat] File not found - git:/home/psv2482109/linear.py.git?%7B%22path%22%3A%22%2Fhome%2Fpsv2482109%2Flinear.py%22%2C%22ref%22%3A%22HEAD%22%7D
2026-07-04 10:22:15.786 [info] > git blame --root --incremental 20572410c21fee95ce22a9e2815330fec206a3da -- linear.py [2ms]
2026-07-04 10:22:15.786 [info] fatal: no such path linear.py in 20572410c21fee95ce22a9e2815330fec206a3da
2026-07-04 10:22:19.898 [info] > git config --get commit.template [14ms]
2026-07-04 10:22:19.900 [info] > git for-each-ref --format=%(refname)%00%(upstream:short)%00%(objectname)%00%(upstream:track)%00%(upstream:remotename)%00%(upstream:remoteref) refs/heads/main refs/remotes/main [2ms]
2026-07-04 10:22:19.927 [info] > git for-each-ref --sort -committerdate --format %(refname)%00%(objectname)%00%(*objectname) [2ms]
2026-07-04 10:22:19.969 [info] > git status -z -uall [57ms]
2026-07-04 10:22:20.675 [info] > git check-ignore -v -z --stdin [2ms]
2026-07-04 10:22:24.999 [info] > git config --get commit.template [13ms]
2026-07-04 10:22:25.001 [info] > git for-each-ref --format=%(refname)%00%(upstream:short)%00%(objectname)%00%(upstream:track)%00%(upstream:remotename)%00%(upstream:remoteref) refs/heads/main refs/remotes/main [3ms]
2026-07-04 10:22:25.031 [info] > git for-each-ref --sort -committerdate --format %(refname)%00%(objectname)%00%(*objectname) [3ms]
2026-07-04 10:22:25.073 [info] > git status -z -uall [58ms]
2026-07-04 10:22:26.662 [info] > git check-ignore -v -z --stdin [3ms]
2026-07-04 10:22:30.110 [info] > git config --get commit.template [14ms]
2026-07-04 10:22:30.112 [info] > git for-each-ref --format=%(refname)%00%(upstream:short)%00%(objectname)%00%(upstream:track)%00%(upstream:remotename)%00%(upstream:remoteref) refs/heads/main refs/remotes/main [3ms]
2026-07-04 10:22:30.141 [info] > git for-each-ref --sort -committerdate --format %(refname)%00%(objectname)%00%(*objectname) [3ms]
2026-07-04 10:22:30.183 [info] > git status -z -uall [59ms]
2026-07-04 10:22:30.886 [info] > git check-ignore -v -z --stdin [2ms]
2026-07-04 10:22:33.250 [info] > git ls-files --stage -- linear.py [3ms]
2026-07-04 10:22:33.264 [info] > git cat-file -s 41024821c5c630f8b29fbf8347f8b9722abae328 [2ms]
2026-07-04 10:22:33.371 [info] > git show --textconv :linear.py [3ms]
2026-07-04 10:22:35.215 [info] > git config --get commit.template [11ms]
2026-07-04 10:22:35.216 [info] > git for-each-ref --format=%(refname)%00%(upstream:short)%00%(objectname)%00%(upstream:track)%00%(upstream:remotename)%00%(upstream:remoteref) refs/heads/main refs/remotes/main [3ms]
2026-07-04 10:22:35.242 [info] > git for-each-ref --sort -committerdate --format %(refname)%00%(objectname)%00%(*objectname) [3ms]
2026-07-04 10:22:35.281 [info] > git status -z -uall [54ms]
2026-07-04 10:22:35.983 [info] > git check-ignore -v -z --stdin [4ms]
2026-07-04 10:22:40.314 [info] > git for-each-ref --format=%(refname)%00%(upstream:short)%00%(objectname)%00%(upstream:track)%00%(upstream:remotename)%00%(upstream:remoteref) refs/heads/main refs/remotes/main [4ms]
2026-07-04 10:22:40.314 [info] > git config --get commit.template [16ms]
2026-07-04 10:22:40.342 [info] > git for-each-ref --sort -committerdate --format %(refname)%00%(objectname)%00%(*objectname) [3ms]
2026-07-04 10:22:40.381 [info] > git status -z -uall [55ms]
2026-07-04 10:22:41.096 [info] > git check-ignore -v -z --stdin [3ms]
2026-07-04 10:22:45.412 [info] > git config --get commit.template [14ms]
2026-07-04 10:22:45.415 [info] > git for-each-ref --format=%(refname)%00%(upstream:short)%00%(objectname)%00%(upstream:track)%00%(upstream:remotename)%00%(upstream:remoteref) refs/heads/main refs/remotes/main [4ms]
2026-07-04 10:22:45.445 [info] > git for-each-ref --sort -committerdate --format %(refname)%00%(objectname)%00%(*objectname) [3ms]
2026-07-04 10:22:45.480 [info] > git status -z -uall [51ms]
2026-07-04 10:22:45.515 [info] > git blame --root --incremental 48451af02f3ae87411736d62bbd4d88317dd14d6 -- linear.py [15ms]
2026-07-04 10:22:45.518 [info] > git merge-base refs/heads/main refs/remotes/origin/main [7ms]
2026-07-04 10:22:45.533 [info] > git diff --raw --numstat --diff-filter=ADMR -z --find-renames=50% 20572410c21fee95ce22a9e2815330fec206a3da...refs/remotes/origin/main -- [3ms]
2026-07-04 10:22:45.850 [info] > git show -s --decorate=full --shortstat --format=%H%n%aN%n%aE%n%at%n%ct%n%P%n%D%n%B -z 48451af02f3ae87411736d62bbd4d88317dd14d6 -- [44ms]
2026-07-04 10:22:45.931 [info] > git ls-files --stage -- linear.py [2ms]
2026-07-04 10:22:45.942 [info] > git cat-file -s 41024821c5c630f8b29fbf8347f8b9722abae328 [2ms]
2026-07-04 10:22:46.045 [info] > git show --textconv :linear.py [3ms]
2026-07-04 10:22:46.093 [info] > git check-ignore -v -z --stdin [2ms]
2026-07-04 10:22:46.708 [info] > git rev-list origin/main..main [4ms]
2026-07-04 10:22:49.572 [info] > git ls-files --stage -- linear.py [4ms]
2026-07-04 10:22:49.586 [info] > git cat-file -s 41024821c5c630f8b29fbf8347f8b9722abae328 [3ms]
2026-07-04 10:22:49.692 [info] > git show --textconv :linear.py [2ms]
2026-07-04 10:22:50.534 [info] > git config --get commit.template [11ms]
2026-07-04 10:22:50.535 [info] > git for-each-ref --format=%(refname)%00%(upstream:short)%00%(objectname)%00%(upstream:track)%00%(upstream:remotename)%00%(upstream:remoteref) refs/heads/main refs/remotes/main [2ms]
2026-07-04 10:22:50.560 [info] > git for-each-ref --sort -committerdate --format %(refname)%00%(objectname)%00%(*objectname) [3ms]
2026-07-04 10:22:50.591 [info] > git status -z -uall [45ms]
2026-07-04 10:22:51.116 [info] > git check-ignore -v -z --stdin [2ms]
2026-07-04 10:23:04.122 [info] > git config --get commit.template [16ms]
2026-07-04 10:23:04.123 [info] > git for-each-ref --format=%(refname)%00%(upstream:short)%00%(objectname)%00%(upstream:track)%00%(upstream:remotename)%00%(upstream:remoteref) refs/heads/main refs/remotes/main [2ms]
2026-07-04 10:23:04.146 [info] > git for-each-ref --sort -committerdate --format %(refname)%00%(objectname)%00%(*objectname) [3ms]
2026-07-04 10:23:04.182 [info] > git status -z -uall [49ms]
2026-07-04 10:23:08.116 [info] > git ls-files --stage -- linear.py [4ms]
2026-07-04 10:23:08.127 [info] > git cat-file -s 41024821c5c630f8b29fbf8347f8b9722abae328 [2ms]
2026-07-04 10:23:08.231 [info] > git show --textconv :linear.py [3ms]
2026-07-04 10:23:09.211 [info] > git config --get commit.template [14ms]
2026-07-04 10:23:09.212 [info] > git for-each-ref --format=%(refname)%00%(upstream:short)%00%(objectname)%00%(upstream:track)%00%(upstream:remotename)%00%(upstream:remoteref) refs/heads/main refs/remotes/main [2ms]
2026-07-04 10:23:09.240 [info] > git for-each-ref --sort -committerdate --format %(refname)%00%(objectname)%00%(*objectname) [2ms]
2026-07-04 10:23:09.272 [info] > git status -z -uall [48ms]
2026-07-04 10:23:14.303 [info] > git config --get commit.template [13ms]
2026-07-04 10:23:14.305 [info] > git for-each-ref --format=%(refname)%00%(upstream:short)%00%(objectname)%00%(upstream:track)%00%(upstream:remotename)%00%(upstream:remoteref) refs/heads/main refs/remotes/main [3ms]
2026-07-04 10:23:14.333 [info] > git for-each-ref --sort -committerdate --format %(refname)%00%(objectname)%00%(*objectname) [4ms]
2026-07-04 10:23:14.361 [info] > git status -z -uall [45ms]
2026-07-04 10:23:19.398 [info] > git config --get commit.template [18ms]
2026-07-04 10:23:19.399 [info] > git for-each-ref --format=%(refname)%00%(upstream:short)%00%(objectname)%00%(upstream:track)%00%(upstream:remotename)%00%(upstream:remoteref) refs/heads/main refs/remotes/main [6ms]
2026-07-04 10:23:19.427 [info] > git for-each-ref --sort -committerdate --format %(refname)%00%(objectname)%00%(*objectname) [3ms]
2026-07-04 10:23:19.468 [info] > git status -z -uall [57ms]
2026-07-04 10:24:06.027 [info] > git config --get commit.template [3ms]
2026-07-04 10:24:06.039 [info] > git for-each-ref --format=%(refname)%00%(upstream:short)%00%(objectname)%00%(upstream:track)%00%(upstream:remotename)%00%(upstream:remoteref) refs/heads/main refs/remotes/main [3ms]
2026-07-04 10:24:06.060 [info] > git for-each-ref --sort -committerdate --format %(refname)%00%(objectname)%00%(*objectname) [3ms]
2026-07-04 10:24:06.095 [info] > git status -z -uall [47ms]
2026-07-04 10:24:11.124 [info] > git config --get commit.template [14ms]
2026-07-04 10:24:11.126 [info] > git for-each-ref --format=%(refname)%00%(upstream:short)%00%(objectname)%00%(upstream:track)%00%(upstream:remotename)%00%(upstream:remoteref) refs/heads/main refs/remotes/main [3ms]
2026-07-04 10:24:11.154 [info] > git for-each-ref --sort -committerdate --format %(refname)%00%(objectname)%00%(*objectname) [3ms]
2026-07-04 10:24:11.190 [info] > git status -z -uall [51ms]
2026-07-04 10:24:16.218 [info] > git config --get commit.template [12ms]
2026-07-04 10:24:16.220 [info] > git for-each-ref --format=%(refname)%00%(upstream:short)%00%(objectname)%00%(upstream:track)%00%(upstream:remotename)%00%(upstream:remoteref) refs/heads/main refs/remotes/main [3ms]
2026-07-04 10:24:16.249 [info] > git for-each-ref --sort -committerdate --format %(refname)%00%(objectname)%00%(*objectname) [3ms]
2026-07-04 10:24:16.284 [info] > git status -z -uall [51ms]
2026-07-04 10:24:21.313 [info] > git config --get commit.template [13ms]
2026-07-04 10:24:21.315 [info] > git for-each-ref --format=%(refname)%00%(upstream:short)%00%(objectname)%00%(upstream:track)%00%(upstream:remotename)%00%(upstream:remoteref) refs/heads/main refs/remotes/main [3ms]
2026-07-04 10:24:21.342 [info] > git for-each-ref --sort -committerdate --format %(refname)%00%(objectname)%00%(*objectname) [3ms]
2026-07-04 10:24:21.375 [info] > git status -z -uall [49ms]
2026-07-04 10:24:26.404 [info] > git config --get commit.template [12ms]
2026-07-04 10:24:26.406 [info] > git for-each-ref --format=%(refname)%00%(upstream:short)%00%(objectname)%00%(upstream:track)%00%(upstream:remotename)%00%(upstream:remoteref) refs/heads/main refs/remotes/main [3ms]
2026-07-04 10:24:26.431 [info] > git for-each-ref --sort -committerdate --format %(refname)%00%(objectname)%00%(*objectname) [3ms]
2026-07-04 10:24:26.465 [info] > git status -z -uall [48ms]
2026-07-04 10:24:28.018 [info] > git ls-files --stage -- linear.py [2ms]
2026-07-04 10:24:28.031 [info] > git cat-file -s 41024821c5c630f8b29fbf8347f8b9722abae328 [2ms]
2026-07-04 10:24:28.151 [info] > git show --textconv :linear.py [3ms]
2026-07-04 10:24:31.497 [info] > git config --get commit.template [14ms]
2026-07-04 10:24:31.500 [info] > git for-each-ref --format=%(refname)%00%(upstream:short)%00%(objectname)%00%(upstream:track)%00%(upstream:remotename)%00%(upstream:remoteref) refs/heads/main refs/remotes/main [4ms]
2026-07-04 10:24:31.527 [info] > git for-each-ref --sort -committerdate --format %(refname)%00%(objectname)%00%(*objectname) [3ms]
2026-07-04 10:24:31.564 [info] > git status -z -uall [52ms]
2026-07-04 10:24:35.642 [info] > git ls-files --stage -- linear.py [3ms]
2026-07-04 10:24:35.655 [info] > git cat-file -s 41024821c5c630f8b29fbf8347f8b9722abae328 [3ms]
2026-07-04 10:24:35.763 [info] > git show --textconv :linear.py [3ms]
2026-07-04 10:24:36.584 [info] > git config --get commit.template [4ms]
2026-07-04 10:24:36.599 [info] > git for-each-ref --format=%(refname)%00%(upstream:short)%00%(objectname)%00%(upstream:track)%00%(upstream:remotename)%00%(upstream:remoteref) refs/heads/main refs/remotes/main [3ms]
2026-07-04 10:24:36.625 [info] > git for-each-ref --sort -committerdate --format %(refname)%00%(objectname)%00%(*objectname) [3ms]
2026-07-04 10:24:36.661 [info] > git status -z -uall [51ms]
2026-07-04 10:24:37.177 [info] > git check-ignore -v -z --stdin [3ms]
2026-07-04 10:24:41.691 [info] > git config --get commit.template [12ms]
2026-07-04 10:24:41.693 [info] > git for-each-ref --format=%(refname)%00%(upstream:short)%00%(objectname)%00%(upstream:track)%00%(upstream:remotename)%00%(upstream:remoteref) refs/heads/main refs/remotes/main [4ms]
2026-07-04 10:24:41.729 [info] > git for-each-ref --sort -committerdate --format %(refname)%00%(objectname)%00%(*objectname) [4ms]
2026-07-04 10:24:41.765 [info] > git status -z -uall [56ms]
2026-07-04 10:24:41.793 [info] > git blame --root --incremental 54e5f0bfc6b7436da055ffbbe4dd62a4831106d7 -- linear.py [15ms]
2026-07-04 10:24:41.797 [info] > git merge-base refs/heads/main refs/remotes/origin/main [7ms]
2026-07-04 10:24:41.811 [info] > git diff --raw --numstat --diff-filter=ADMR -z --find-renames=50% 20572410c21fee95ce22a9e2815330fec206a3da...refs/remotes/origin/main -- [2ms]
2026-07-04 10:24:42.131 [info] > git ls-files --stage -- linear.py [4ms]
2026-07-04 10:24:42.144 [info] > git cat-file -s 41024821c5c630f8b29fbf8347f8b9722abae328 [2ms]
2026-07-04 10:24:42.251 [info] > git show --textconv :linear.py [3ms]
2026-07-04 10:24:42.283 [info] > git check-ignore -v -z --stdin [3ms]
2026-07-04 10:24:46.812 [info] > git config --get commit.template [10ms]
2026-07-04 10:24:46.813 [info] > git for-each-ref --format=%(refname)%00%(upstream:short)%00%(objectname)%00%(upstream:track)%00%(upstream:remotename)%00%(upstream:remoteref) refs/heads/main refs/remotes/main [2ms]
2026-07-04 10:24:46.837 [info] > git for-each-ref --sort -committerdate --format %(refname)%00%(objectname)%00%(*objectname) [3ms]
2026-07-04 10:24:46.872 [info] > git status -z -uall [48ms]
2026-07-04 10:24:57.126 [info] > git config --get commit.template [3ms]
2026-07-04 10:24:57.143 [info] > git for-each-ref --format=%(refname)%00%(upstream:short)%00%(objectname)%00%(upstream:track)%00%(upstream:remotename)%00%(upstream:remoteref) refs/heads/main refs/remotes/main [4ms]
2026-07-04 10:24:57.172 [info] > git for-each-ref --sort -committerdate --format %(refname)%00%(objectname)%00%(*objectname) [4ms]
2026-07-04 10:24:57.206 [info] > git status -z -uall [49ms]
2026-07-04 10:24:57.712 [info] > git check-ignore -v -z --stdin [3ms]
2026-07-04 10:25:02.238 [info] > git config --get commit.template [15ms]
2026-07-04 10:25:02.240 [info] > git for-each-ref --format=%(refname)%00%(upstream:short)%00%(objectname)%00%(upstream:track)%00%(upstream:remotename)%00%(upstream:remoteref) refs/heads/main refs/remotes/main [5ms]
2026-07-04 10:25:02.279 [info] > git for-each-ref --sort -committerdate --format %(refname)%00%(objectname)%00%(*objectname) [4ms]
2026-07-04 10:25:02.320 [info] > git status -z -uall [63ms]
2026-07-04 10:25:03.882 [info] > git ls-files --stage -- linear.py [4ms]
2026-07-04 10:25:03.896 [info] > git cat-file -s 41024821c5c630f8b29fbf8347f8b9722abae328 [3ms]
2026-07-04 10:25:04.009 [info] > git show --textconv :linear.py [2ms]
2026-07-04 10:25:14.512 [info] > git config --get commit.template [3ms]
2026-07-04 10:25:14.527 [info] > git for-each-ref --format=%(refname)%00%(upstream:short)%00%(objectname)%00%(upstream:track)%00%(upstream:remotename)%00%(upstream:remoteref) refs/heads/main refs/remotes/main [4ms]
2026-07-04 10:25:14.554 [info] > git for-each-ref --sort -committerdate --format %(refname)%00%(objectname)%00%(*objectname) [3ms]
2026-07-04 10:25:14.588 [info] > git status -z -uall [49ms]
2026-07-04 10:25:19.620 [info] > git config --get commit.template [14ms]
2026-07-04 10:25:19.623 [info] > git for-each-ref --format=%(refname)%00%(upstream:short)%00%(objectname)%00%(upstream:track)%00%(upstream:remotename)%00%(upstream:remoteref) refs/heads/main refs/remotes/main [5ms]
2026-07-04 10:25:19.653 [info] > git for-each-ref --sort -committerdate --format %(refname)%00%(objectname)%00%(*objectname) [3ms]
2026-07-04 10:25:19.690 [info] > git status -z -uall [55ms]
2026-07-04 10:25:26.198 [info] > git config --get commit.template [14ms]
2026-07-04 10:25:26.201 [info] > git for-each-ref --format=%(refname)%00%(upstream:short)%00%(objectname)%00%(upstream:track)%00%(upstream:remotename)%00%(upstream:remoteref) refs/heads/main refs/remotes/main [3ms]
2026-07-04 10:25:26.232 [info] > git for-each-ref --sort -committerdate --format %(refname)%00%(objectname)%00%(*objectname) [3ms]
2026-07-04 10:25:26.281 [info] > git status -z -uall [68ms]
2026-07-04 10:25:30.087 [info] > git ls-files --stage -- linear.py [3ms]
2026-07-04 10:25:30.101 [info] > git cat-file -s 41024821c5c630f8b29fbf8347f8b9722abae328 [3ms]
2026-07-04 10:25:30.210 [info] > git show --textconv :linear.py [3ms]
2026-07-04 10:25:31.304 [info] > git config --get commit.template [5ms]
2026-07-04 10:25:31.319 [info] > git for-each-ref --format=%(refname)%00%(upstream:short)%00%(objectname)%00%(upstream:track)%00%(upstream:remotename)%00%(upstream:remoteref) refs/heads/main refs/remotes/main [3ms]
2026-07-04 10:25:31.350 [info] > git for-each-ref --sort -committerdate --format %(refname)%00%(objectname)%00%(*objectname) [3ms]
2026-07-04 10:25:31.385 [info] > git status -z -uall [52ms]
2026-07-04 10:25:53.409 [info] > git config --get commit.template [15ms]
2026-07-04 10:25:53.411 [info] > git for-each-ref --format=%(refname)%00%(upstream:short)%00%(objectname)%00%(upstream:track)%00%(upstream:remotename)%00%(upstream:remoteref) refs/heads/main refs/remotes/main [3ms]
2026-07-04 10:25:53.437 [info] > git for-each-ref --sort -committerdate --format %(refname)%00%(objectname)%00%(*objectname) [3ms]
2026-07-04 10:25:53.468 [info] > git status -z -uall [44ms]
2026-07-04 10:25:58.496 [info] > git config --get commit.template [12ms]
2026-07-04 10:25:58.498 [info] > git for-each-ref --format=%(refname)%00%(upstream:short)%00%(objectname)%00%(upstream:track)%00%(upstream:remotename)%00%(upstream:remoteref) refs/heads/main refs/remotes/main [3ms]
2026-07-04 10:25:58.524 [info] > git for-each-ref --sort -committerdate --format %(refname)%00%(objectname)%00%(*objectname) [3ms]
2026-07-04 10:25:58.556 [info] > git status -z -uall [47ms]
2026-07-04 10:26:03.577 [info] > git config --get commit.template [4ms]
2026-07-04 10:26:03.595 [info] > git for-each-ref --format=%(refname)%00%(upstream:short)%00%(objectname)%00%(upstream:track)%00%(upstream:remotename)%00%(upstream:remoteref) refs/heads/main refs/remotes/main [3ms]
2026-07-04 10:26:03.624 [info] > git for-each-ref --sort -committerdate --format %(refname)%00%(objectname)%00%(*objectname) [3ms]
2026-07-04 10:26:03.659 [info] > git status -z -uall [51ms]
2026-07-04 10:26:08.678 [info] > git config --get commit.template [3ms]
2026-07-04 10:26:08.693 [info] > git for-each-ref --format=%(refname)%00%(upstream:short)%00%(objectname)%00%(upstream:track)%00%(upstream:remotename)%00%(upstream:remoteref) refs/heads/main refs/remotes/main [3ms]
2026-07-04 10:26:08.725 [info] > git for-each-ref --sort -committerdate --format %(refname)%00%(objectname)%00%(*objectname) [6ms]
2026-07-04 10:26:08.773 [info] > git status -z -uall [66ms]
2026-07-04 10:26:17.409 [info] > git config --get commit.template [13ms]
2026-07-04 10:26:17.411 [info] > git for-each-ref --format=%(refname)%00%(upstream:short)%00%(objectname)%00%(upstream:track)%00%(upstream:remotename)%00%(upstream:remoteref) refs/heads/main refs/remotes/main [3ms]
2026-07-04 10:26:17.439 [info] > git for-each-ref --sort -committerdate --format %(refname)%00%(objectname)%00%(*objectname) [2ms]
2026-07-04 10:26:17.478 [info] > git status -z -uall [54ms]
2026-07-04 10:26:22.506 [info] > git config --get commit.template [13ms]
2026-07-04 10:26:22.506 [info] > git for-each-ref --format=%(refname)%00%(upstream:short)%00%(objectname)%00%(upstream:track)%00%(upstream:remotename)%00%(upstream:remoteref) refs/heads/main refs/remotes/main [2ms]
2026-07-04 10:26:22.533 [info] > git for-each-ref --sort -committerdate --format %(refname)%00%(objectname)%00%(*objectname) [4ms]
2026-07-04 10:26:22.567 [info] > git status -z -uall [50ms]
2026-07-04 10:26:22.583 [info] > git merge-base refs/heads/main refs/remotes/origin/main [2ms]
2026-07-04 10:26:22.598 [info] > git diff --raw --numstat --diff-filter=ADMR -z --find-renames=50% 54e5f0bfc6b7436da055ffbbe4dd62a4831106d7...refs/remotes/origin/main -- [4ms]
2026-07-04 10:26:23.073 [info] > git check-ignore -v -z --stdin [3ms]
2026-07-04 10:26:23.824 [info] > git ls-files --stage -- linear.py [4ms]
2026-07-04 10:26:23.839 [info] > git cat-file -s 41024821c5c630f8b29fbf8347f8b9722abae328 [2ms]
2026-07-04 10:26:23.948 [info] > git show --textconv :linear.py [3ms]
2026-07-04 10:32:37.663 [info] > git config --get commit.template [3ms]
2026-07-04 10:32:37.676 [info] > git for-each-ref --format=%(refname)%00%(upstream:short)%00%(objectname)%00%(upstream:track)%00%(upstream:remotename)%00%(upstream:remoteref) refs/heads/main refs/remotes/main [2ms]
2026-07-04 10:32:37.704 [info] > git for-each-ref --sort -committerdate --format %(refname)%00%(objectname)%00%(*objectname) [4ms]
2026-07-04 10:32:37.743 [info] > git status -z -uall [56ms]
2026-07-04 10:32:38.709 [info] > git check-ignore -v -z --stdin [2ms]
2026-07-04 10:32:42.771 [info] > git config --get commit.template [11ms]
2026-07-04 10:32:42.773 [info] > git for-each-ref --format=%(refname)%00%(upstream:short)%00%(objectname)%00%(upstream:track)%00%(upstream:remotename)%00%(upstream:remoteref) refs/heads/main refs/remotes/main [2ms]
2026-07-04 10:32:42.796 [info] > git for-each-ref --sort -committerdate --format %(refname)%00%(objectname)%00%(*objectname) [3ms]
2026-07-04 10:32:42.827 [info] > git status -z -uall [43ms]
2026-07-04 10:32:47.855 [info] > git config --get commit.template [14ms]
2026-07-04 10:32:47.857 [info] > git for-each-ref --format=%(refname)%00%(upstream:short)%00%(objectname)%00%(upstream:track)%00%(upstream:remotename)%00%(upstream:remoteref) refs/heads/main refs/remotes/main [4ms]
2026-07-04 10:32:47.884 [info] > git for-each-ref --sort -committerdate --format %(refname)%00%(objectname)%00%(*objectname) [3ms]
2026-07-04 10:32:47.921 [info] > git status -z -uall [51ms]
2026-07-04 10:32:52.948 [info] > git config --get commit.template [13ms]
2026-07-04 10:32:52.949 [info] > git for-each-ref --format=%(refname)%00%(upstream:short)%00%(objectname)%00%(upstream:track)%00%(upstream:remotename)%00%(upstream:remoteref) refs/heads/main refs/remotes/main [2ms]
2026-07-04 10:32:52.976 [info] > git for-each-ref --sort -committerdate --format %(refname)%00%(objectname)%00%(*objectname) [3ms]
2026-07-04 10:32:53.009 [info] > git status -z -uall [48ms]
2026-07-04 10:33:28.040 [info] > git config --get commit.template [4ms]
2026-07-04 10:33:28.054 [info] > git for-each-ref --format=%(refname)%00%(upstream:short)%00%(objectname)%00%(upstream:track)%00%(upstream:remotename)%00%(upstream:remoteref) refs/heads/main refs/remotes/main [3ms]
2026-07-04 10:33:28.086 [info] > git for-each-ref --sort -committerdate --format %(refname)%00%(objectname)%00%(*objectname) [7ms]
2026-07-04 10:33:28.122 [info] > git status -z -uall [55ms]
2026-07-04 10:33:33.150 [info] > git config --get commit.template [12ms]
2026-07-04 10:33:33.151 [info] > git for-each-ref --format=%(refname)%00%(upstream:short)%00%(objectname)%00%(upstream:track)%00%(upstream:remotename)%00%(upstream:remoteref) refs/heads/main refs/remotes/main [2ms]
2026-07-04 10:33:33.176 [info] > git for-each-ref --sort -committerdate --format %(refname)%00%(objectname)%00%(*objectname) [3ms]
2026-07-04 10:33:33.206 [info] > git status -z -uall [44ms]
2026-07-04 10:33:38.231 [info] > git config --get commit.template [12ms]
2026-07-04 10:33:38.232 [info] > git for-each-ref --format=%(refname)%00%(upstream:short)%00%(objectname)%00%(upstream:track)%00%(upstream:remotename)%00%(upstream:remoteref) refs/heads/main refs/remotes/main [2ms]
2026-07-04 10:33:38.259 [info] > git for-each-ref --sort -committerdate --format %(refname)%00%(objectname)%00%(*objectname) [4ms]
2026-07-04 10:33:38.288 [info] > git status -z -uall [43ms]
2026-07-04 10:33:43.309 [info] > git config --get commit.template [9ms]
2026-07-04 10:33:43.310 [info] > git for-each-ref --format=%(refname)%00%(upstream:short)%00%(objectname)%00%(upstream:track)%00%(upstream:remotename)%00%(upstream:remoteref) refs/heads/main refs/remotes/main [3ms]
2026-07-04 10:33:43.332 [info] > git for-each-ref --sort -committerdate --format %(refname)%00%(objectname)%00%(*objectname) [4ms]
2026-07-04 10:33:43.361 [info] > git status -z -uall [42ms]
2026-07-04 10:33:48.394 [info] > git for-each-ref --format=%(refname)%00%(upstream:short)%00%(objectname)%00%(upstream:track)%00%(upstream:remotename)%00%(upstream:remoteref) refs/heads/main refs/remotes/main [4ms]
2026-07-04 10:33:48.394 [info] > git config --get commit.template [18ms]
2026-07-04 10:33:48.421 [info] > git for-each-ref --sort -committerdate --format %(refname)%00%(objectname)%00%(*objectname) [3ms]
2026-07-04 10:33:48.458 [info] > git status -z -uall [51ms]
2026-07-04 10:33:53.075 [info] > git ls-files --stage -- linear.py [2ms]
2026-07-04 10:33:53.089 [info] > git cat-file -s 41024821c5c630f8b29fbf8347f8b9722abae328 [3ms]
2026-07-04 10:33:53.194 [info] > git show --textconv :linear.py [3ms]
2026-07-04 10:33:53.484 [info] > git config --get commit.template [12ms]
2026-07-04 10:33:53.485 [info] > git for-each-ref --format=%(refname)%00%(upstream:short)%00%(objectname)%00%(upstream:track)%00%(upstream:remotename)%00%(upstream:remoteref) refs/heads/main refs/remotes/main [2ms]
2026-07-04 10:33:53.514 [info] > git for-each-ref --sort -committerdate --format %(refname)%00%(objectname)%00%(*objectname) [3ms]
2026-07-04 10:33:53.547 [info] > git status -z -uall [51ms]
2026-07-04 10:33:58.575 [info] > git config --get commit.template [12ms]
2026-07-04 10:33:58.576 [info] > git for-each-ref --format=%(refname)%00%(upstream:short)%00%(objectname)%00%(upstream:track)%00%(upstream:remotename)%00%(upstream:remoteref) refs/heads/main refs/remotes/main [2ms]
2026-07-04 10:33:58.603 [info] > git for-each-ref --sort -committerdate --format %(refname)%00%(objectname)%00%(*objectname) [3ms]
2026-07-04 10:33:58.633 [info] > git status -z -uall [44ms]
2026-07-04 10:34:03.665 [info] > git for-each-ref --format=%(refname)%00%(upstream:short)%00%(objectname)%00%(upstream:track)%00%(upstream:remotename)%00%(upstream:remoteref) refs/heads/main refs/remotes/main [3ms]
2026-07-04 10:34:03.665 [info] > git config --get commit.template [16ms]
2026-07-04 10:34:03.693 [info] > git for-each-ref --sort -committerdate --format %(refname)%00%(objectname)%00%(*objectname) [2ms]
2026-07-04 10:34:03.726 [info] > git status -z -uall [48ms]
2026-07-04 10:34:08.750 [info] > git config --get commit.template [10ms]
2026-07-04 10:34:08.751 [info] > git for-each-ref --format=%(refname)%00%(upstream:short)%00%(objectname)%00%(upstream:track)%00%(upstream:remotename)%00%(upstream:remoteref) refs/heads/main refs/remotes/main [2ms]
2026-07-04 10:34:08.772 [info] > git for-each-ref --sort -committerdate --format %(refname)%00%(objectname)%00%(*objectname) [2ms]
2026-07-04 10:34:08.804 [info] > git status -z -uall [43ms]
2026-07-04 10:34:13.830 [info] > git config --get commit.template [13ms]
2026-07-04 10:34:13.831 [info] > git for-each-ref --format=%(refname)%00%(upstream:short)%00%(objectname)%00%(upstream:track)%00%(upstream:remotename)%00%(upstream:remoteref) refs/heads/main refs/remotes/main [2ms]
2026-07-04 10:34:13.863 [info] > git for-each-ref --sort -committerdate --format %(refname)%00%(objectname)%00%(*objectname) [4ms]
2026-07-04 10:34:13.897 [info] > git status -z -uall [52ms]
2026-07-04 10:34:18.927 [info] > git for-each-ref --format=%(refname)%00%(upstream:short)%00%(objectname)%00%(upstream:track)%00%(upstream:remotename)%00%(upstream:remoteref) refs/heads/main refs/remotes/main [4ms]
2026-07-04 10:34:18.927 [info] > git config --get commit.template [15ms]
2026-07-04 10:34:18.956 [info] > git for-each-ref --sort -committerdate --format %(refname)%00%(objectname)%00%(*objectname) [3ms]
2026-07-04 10:34:19.003 [info] > git status -z -uall [64ms]
2026-07-04 10:35:03.182 [info] > git config --get commit.template [13ms]
2026-07-04 10:35:03.184 [info] > git for-each-ref --format=%(refname)%00%(upstream:short)%00%(objectname)%00%(upstream:track)%00%(upstream:remotename)%00%(upstream:remoteref) refs/heads/main refs/remotes/main [3ms]
2026-07-04 10:35:03.212 [info] > git for-each-ref --sort -committerdate --format %(refname)%00%(objectname)%00%(*objectname) [3ms]
2026-07-04 10:35:03.244 [info] > git status -z -uall [49ms]
2026-07-04 10:35:07.500 [info] > git check-ignore -v -z --stdin [2ms]
2026-07-04 10:35:07.608 [info] > git show --textconv :requirements.txt [9ms]
2026-07-04 10:35:07.609 [info] > git ls-files --stage -- requirements.txt [2ms]
2026-07-04 10:35:07.619 [info] > git cat-file -s e2513300dbda3dc0882cdbc90427076a31d222c3 [2ms]
2026-07-04 10:35:08.272 [info] > git config --get commit.template [12ms]
2026-07-04 10:35:08.273 [info] > git for-each-ref --format=%(refname)%00%(upstream:short)%00%(objectname)%00%(upstream:track)%00%(upstream:remotename)%00%(upstream:remoteref) refs/heads/main refs/remotes/main [2ms]
2026-07-04 10:35:08.298 [info] > git for-each-ref --sort -committerdate --format %(refname)%00%(objectname)%00%(*objectname) [4ms]
2026-07-04 10:35:08.326 [info] > git status -z -uall [43ms]
2026-07-04 10:35:08.830 [info] > git check-ignore -v -z --stdin [3ms]
2026-07-04 10:35:10.883 [info] > git blame --root --incremental 54e5f0bfc6b7436da055ffbbe4dd62a4831106d7 -- requirements.txt [5ms]
2026-07-04 10:35:12.837 [info] > git check-ignore -v -z --stdin [3ms]
2026-07-04 10:35:13.347 [info] > git config --get commit.template [10ms]
2026-07-04 10:35:13.348 [info] > git for-each-ref --format=%(refname)%00%(upstream:short)%00%(objectname)%00%(upstream:track)%00%(upstream:remotename)%00%(upstream:remoteref) refs/heads/main refs/remotes/main [2ms]
2026-07-04 10:35:13.369 [info] > git for-each-ref --sort -committerdate --format %(refname)%00%(objectname)%00%(*objectname) [3ms]
2026-07-04 10:35:13.398 [info] > git status -z -uall [41ms]
2026-07-04 10:35:31.473 [info] > git config --get commit.template [12ms]
2026-07-04 10:35:31.474 [info] > git for-each-ref --format=%(refname)%00%(upstream:short)%00%(objectname)%00%(upstream:track)%00%(upstream:remotename)%00%(upstream:remoteref) refs/heads/main refs/remotes/main [2ms]
2026-07-04 10:35:31.500 [info] > git for-each-ref --sort -committerdate --format %(refname)%00%(objectname)%00%(*objectname) [4ms]
2026-07-04 10:35:31.528 [info] > git status -z -uall [43ms]
2026-07-04 10:35:32.039 [info] > git check-ignore -v -z --stdin [3ms]
2026-07-04 10:35:33.187 [info] > git check-ignore -v -z --stdin [2ms]
2026-07-04 10:35:36.546 [info] > git config --get commit.template [3ms]
2026-07-04 10:35:36.559 [info] > git for-each-ref --format=%(refname)%00%(upstream:short)%00%(objectname)%00%(upstream:track)%00%(upstream:remotename)%00%(upstream:remoteref) refs/heads/main refs/remotes/main [3ms]
2026-07-04 10:35:36.583 [info] > git for-each-ref --sort -committerdate --format %(refname)%00%(objectname)%00%(*objectname) [2ms]
2026-07-04 10:35:36.613 [info] > git status -z -uall [43ms]
2026-07-04 10:35:37.130 [info] > git check-ignore -v -z --stdin [3ms]
2026-07-04 10:35:39.593 [info] > git check-ignore -v -z --stdin [2ms]
2026-07-04 10:35:39.719 [info] > git show --textconv :linear.py [10ms]
2026-07-04 10:35:39.721 [info] > git ls-files --stage -- linear.py [3ms]
2026-07-04 10:35:39.732 [info] > git cat-file -s 41024821c5c630f8b29fbf8347f8b9722abae328 [3ms]
2026-07-04 10:35:40.788 [info] > git check-ignore -v -z --stdin [2ms]
2026-07-04 10:35:40.895 [info] > git show --textconv :requirements.txt [8ms]
2026-07-04 10:35:40.897 [info] > git ls-files --stage -- requirements.txt [2ms]
2026-07-04 10:35:40.906 [info] > git cat-file -s e2513300dbda3dc0882cdbc90427076a31d222c3 [2ms]
2026-07-04 10:35:41.633 [info] > git config --get commit.template [10ms]
2026-07-04 10:35:41.635 [info] > git for-each-ref --format=%(refname)%00%(upstream:short)%00%(objectname)%00%(upstream:track)%00%(upstream:remotename)%00%(upstream:remoteref) refs/heads/main refs/remotes/main [2ms]
2026-07-04 10:35:41.655 [info] > git for-each-ref --sort -committerdate --format %(refname)%00%(objectname)%00%(*objectname) [2ms]
2026-07-04 10:35:41.687 [info] > git status -z -uall [44ms]
2026-07-04 10:35:42.186 [info] > git check-ignore -v -z --stdin [2ms]
2026-07-04 10:35:46.709 [info] > git config --get commit.template [2ms]
2026-07-04 10:35:46.727 [info] > git for-each-ref --format=%(refname)%00%(upstream:short)%00%(objectname)%00%(upstream:track)%00%(upstream:remotename)%00%(upstream:remoteref) refs/heads/main refs/remotes/main [3ms]
2026-07-04 10:35:46.753 [info] > git for-each-ref --sort -committerdate --format %(refname)%00%(objectname)%00%(*objectname) [3ms]
2026-07-04 10:35:46.782 [info] > git status -z -uall [44ms]
2026-07-04 10:35:47.656 [info] > git check-ignore -v -z --stdin [4ms]
2026-07-04 10:36:11.199 [info] > git config --get commit.template [3ms]
2026-07-04 10:36:11.213 [info] > git for-each-ref --format=%(refname)%00%(upstream:short)%00%(objectname)%00%(upstream:track)%00%(upstream:remotename)%00%(upstream:remoteref) refs/heads/main refs/remotes/main [3ms]
2026-07-04 10:36:11.239 [info] > git for-each-ref --sort -committerdate --format %(refname)%00%(objectname)%00%(*objectname) [3ms]
2026-07-04 10:36:11.278 [info] > git status -z -uall [54ms]
2026-07-04 10:36:11.777 [info] > git check-ignore -v -z --stdin [2ms]
2026-07-04 10:36:16.307 [info] > git config --get commit.template [12ms]
2026-07-04 10:36:16.308 [info] > git for-each-ref --format=%(refname)%00%(upstream:short)%00%(objectname)%00%(upstream:track)%00%(upstream:remotename)%00%(upstream:remoteref) refs/heads/main refs/remotes/main [3ms]
2026-07-04 10:36:16.332 [info] > git for-each-ref --sort -committerdate --format %(refname)%00%(objectname)%00%(*objectname) [3ms]
2026-07-04 10:36:16.362 [info] > git status -z -uall [44ms]
2026-07-04 10:36:16.869 [info] > git check-ignore -v -z --stdin [2ms]
2026-07-04 10:38:02.172 [info] > git config --get commit.template [14ms]
2026-07-04 10:38:02.173 [info] > git for-each-ref --format=%(refname)%00%(upstream:short)%00%(objectname)%00%(upstream:track)%00%(upstream:remotename)%00%(upstream:remoteref) refs/heads/main refs/remotes/main [3ms]
2026-07-04 10:38:02.204 [info] > git for-each-ref --sort -committerdate --format %(refname)%00%(objectname)%00%(*objectname) [3ms]
2026-07-04 10:38:02.245 [info] > git status -z -uall [57ms]
2026-07-04 10:38:02.757 [info] > git check-ignore -v -z --stdin [3ms]
2026-07-04 10:38:06.728 [info] > git ls-files --stage -- requirements.txt [4ms]
2026-07-04 10:38:06.742 [info] > git cat-file -s 9852ac2a70820083921f2c411fb31e827843a601 [2ms]
2026-07-04 10:38:06.850 [info] > git show --textconv :requirements.txt [3ms]
2026-07-04 10:38:07.262 [info] > git check-ignore -v -z --stdin [10ms]
2026-07-04 10:38:07.263 [info] > git config --get commit.template [2ms]
2026-07-04 10:38:07.273 [info] > git for-each-ref --format=%(refname)%00%(upstream:short)%00%(objectname)%00%(upstream:track)%00%(upstream:remotename)%00%(upstream:remoteref) refs/heads/main refs/remotes/main [2ms]
2026-07-04 10:38:07.293 [info] > git for-each-ref --sort -committerdate --format %(refname)%00%(objectname)%00%(*objectname) [4ms]
2026-07-04 10:38:07.319 [info] > git status -z -uall [39ms]
2026-07-04 10:38:07.820 [info] > git check-ignore -v -z --stdin [2ms]
2026-07-04 10:38:07.928 [info] > git show --textconv HEAD:requirements.txt [8ms]
2026-07-04 10:38:07.930 [info] > git ls-tree -l HEAD -- requirements.txt [3ms]
2026-07-04 10:38:14.983 [info] > git config --get commit.template [3ms]
2026-07-04 10:38:14.996 [info] > git for-each-ref --format=%(refname)%00%(upstream:short)%00%(objectname)%00%(upstream:track)%00%(upstream:remotename)%00%(upstream:remoteref) refs/heads/main refs/remotes/main [3ms]
2026-07-04 10:38:15.026 [info] > git for-each-ref --sort -committerdate --format %(refname)%00%(objectname)%00%(*objectname) [4ms]
2026-07-04 10:38:15.071 [info] > git status -z -uall [62ms]
2026-07-04 10:38:15.587 [info] > git check-ignore -v -z --stdin [3ms]
2026-07-04 10:38:18.774 [info] > git ls-files --stage -- requirements.txt [9ms]
2026-07-04 10:38:18.782 [info] > git ls-tree -l HEAD -- requirements.txt [10ms]
2026-07-04 10:38:18.784 [info] > git cat-file -s 9852ac2a70820083921f2c411fb31e827843a601 [2ms]
2026-07-04 10:38:18.891 [info] > git show --textconv HEAD:requirements.txt [9ms]
2026-07-04 10:38:18.893 [info] > git show --textconv :requirements.txt [3ms]
2026-07-04 10:38:19.292 [info] > git check-ignore -v -z --stdin [3ms]
2026-07-04 10:38:20.101 [info] > git config --get commit.template [13ms]
2026-07-04 10:38:20.103 [info] > git for-each-ref --format=%(refname)%00%(upstream:short)%00%(objectname)%00%(upstream:track)%00%(upstream:remotename)%00%(upstream:remoteref) refs/heads/main refs/remotes/main [4ms]
2026-07-04 10:38:20.130 [info] > git for-each-ref --sort -committerdate --format %(refname)%00%(objectname)%00%(*objectname) [3ms]
2026-07-04 10:38:20.162 [info] > git status -z -uall [47ms]
2026-07-04 10:38:20.192 [info] > git blame --root --incremental 9d3eab4023119266e08c1efa517cdf690e9b2fde -- requirements.txt [14ms]
2026-07-04 10:38:20.194 [info] > git merge-base refs/heads/main refs/remotes/origin/main [5ms]
2026-07-04 10:38:20.208 [info] > git diff --raw --numstat --diff-filter=ADMR -z --find-renames=50% 54e5f0bfc6b7436da055ffbbe4dd62a4831106d7...refs/remotes/origin/main -- [4ms]
2026-07-04 10:38:20.669 [info] > git check-ignore -v -z --stdin [3ms]
2026-07-04 10:38:28.689 [info] > git config --get commit.template [12ms]
2026-07-04 10:38:28.690 [info] > git for-each-ref --format=%(refname)%00%(upstream:short)%00%(objectname)%00%(upstream:track)%00%(upstream:remotename)%00%(upstream:remoteref) refs/heads/main refs/remotes/main [2ms]
2026-07-04 10:38:28.715 [info] > git for-each-ref --sort -committerdate --format %(refname)%00%(objectname)%00%(*objectname) [3ms]
2026-07-04 10:38:28.753 [info] > git status -z -uall [52ms]
2026-07-04 10:38:29.268 [info] > git check-ignore -v -z --stdin [3ms]
2026-07-04 10:38:33.775 [info] > git config --get commit.template [8ms]
2026-07-04 10:38:33.776 [info] > git for-each-ref --format=%(refname)%00%(upstream:short)%00%(objectname)%00%(upstream:track)%00%(upstream:remotename)%00%(upstream:remoteref) refs/heads/main refs/remotes/main [2ms]
2026-07-04 10:38:33.796 [info] > git for-each-ref --sort -committerdate --format %(refname)%00%(objectname)%00%(*objectname) [2ms]
2026-07-04 10:38:33.825 [info] > git status -z -uall [41ms]
2026-07-04 10:38:33.841 [info] > git merge-base refs/heads/main refs/remotes/origin/main [3ms]
2026-07-04 10:38:33.851 [info] > git diff --raw --numstat --diff-filter=ADMR -z --find-renames=50% 9d3eab4023119266e08c1efa517cdf690e9b2fde...refs/remotes/origin/main -- [2ms]
2026-07-04 10:38:34.135 [info] > git ls-files --stage -- requirements.txt [2ms]
2026-07-04 10:38:34.144 [info] > git cat-file -s 9852ac2a70820083921f2c411fb31e827843a601 [2ms]
2026-07-04 10:38:34.249 [info] > git show --textconv :requirements.txt [3ms]
2026-07-04 10:38:34.328 [info] > git check-ignore -v -z --stdin [2ms]
2026-07-04 10:45:06.377 [info] > git config --get commit.template [4ms]
2026-07-04 10:45:06.390 [info] > git for-each-ref --format=%(refname)%00%(upstream:short)%00%(objectname)%00%(upstream:track)%00%(upstream:remotename)%00%(upstream:remoteref) refs/heads/main refs/remotes/main [2ms]
2026-07-04 10:45:06.416 [info] > git for-each-ref --sort -committerdate --format %(refname)%00%(objectname)%00%(*objectname) [3ms]
2026-07-04 10:45:06.460 [info] > git status -z -uall [58ms]
2026-07-04 10:45:06.969 [info] > git check-ignore -v -z --stdin [4ms]
2026-07-04 10:45:08.981 [info] > git check-ignore -v -z --stdin [3ms]
2026-07-04 10:45:09.088 [info] > git show --textconv :linear.py [9ms]
2026-07-04 10:45:09.090 [info] > git ls-files --stage -- linear.py [3ms]
2026-07-04 10:45:09.101 [info] > git cat-file -s 41024821c5c630f8b29fbf8347f8b9722abae328 [2ms]
2026-07-04 10:45:09.211 [info] > git blame --root --incremental 9d3eab4023119266e08c1efa517cdf690e9b2fde -- linear.py [6ms]
2026-07-04 10:45:11.480 [info] > git config --get commit.template [9ms]
2026-07-04 10:45:11.481 [info] > git for-each-ref --format=%(refname)%00%(upstream:short)%00%(objectname)%00%(upstream:track)%00%(upstream:remotename)%00%(upstream:remoteref) refs/heads/main refs/remotes/main [3ms]
2026-07-04 10:45:11.502 [info] > git for-each-ref --sort -committerdate --format %(refname)%00%(objectname)%00%(*objectname) [3ms]
2026-07-04 10:45:11.530 [info] > git status -z -uall [40ms]
2026-07-04 10:45:12.028 [info] > git check-ignore -v -z --stdin [2ms]
2026-07-04 10:45:16.557 [info] > git config --get commit.template [12ms]
2026-07-04 10:45:16.558 [info] > git for-each-ref --format=%(refname)%00%(upstream:short)%00%(objectname)%00%(upstream:track)%00%(upstream:remotename)%00%(upstream:remoteref) refs/heads/main refs/remotes/main [3ms]
2026-07-04 10:45:16.587 [info] > git for-each-ref --sort -committerdate --format %(refname)%00%(objectname)%00%(*objectname) [4ms]
2026-07-04 10:45:16.622 [info] > git status -z -uall [51ms]
2026-07-04 10:45:17.133 [info] > git check-ignore -v -z --stdin [3ms]
2026-07-04 10:45:21.651 [info] > git config --get commit.template [12ms]
2026-07-04 10:45:21.652 [info] > git for-each-ref --format=%(refname)%00%(upstream:short)%00%(objectname)%00%(upstream:track)%00%(upstream:remotename)%00%(upstream:remoteref) refs/heads/main refs/remotes/main [2ms]
2026-07-04 10:45:21.678 [info] > git for-each-ref --sort -committerdate --format %(refname)%00%(objectname)%00%(*objectname) [3ms]
2026-07-04 10:45:21.709 [info] > git status -z -uall [46ms]
2026-07-04 10:45:22.216 [info] > git check-ignore -v -z --stdin [3ms]
2026-07-04 10:45:26.748 [info] > git config --get commit.template [18ms]
2026-07-04 10:45:26.748 [info] > git for-each-ref --format=%(refname)%00%(upstream:short)%00%(objectname)%00%(upstream:track)%00%(upstream:remotename)%00%(upstream:remoteref) refs/heads/main refs/remotes/main [5ms]
2026-07-04 10:45:26.779 [info] > git for-each-ref --sort -committerdate --format %(refname)%00%(objectname)%00%(*objectname) [4ms]
2026-07-04 10:45:26.810 [info] > git status -z -uall [48ms]
2026-07-04 10:45:27.316 [info] > git check-ignore -v -z --stdin [3ms]
2026-07-04 10:45:31.837 [info] > git config --get commit.template [12ms]
2026-07-04 10:45:31.838 [info] > git for-each-ref --format=%(refname)%00%(upstream:short)%00%(objectname)%00%(upstream:track)%00%(upstream:remotename)%00%(upstream:remoteref) refs/heads/main refs/remotes/main [3ms]
2026-07-04 10:45:31.865 [info] > git for-each-ref --sort -committerdate --format %(refname)%00%(objectname)%00%(*objectname) [4ms]
2026-07-04 10:45:31.895 [info] > git status -z -uall [46ms]
2026-07-04 10:45:32.403 [info] > git check-ignore -v -z --stdin [3ms]
2026-07-04 10:45:36.917 [info] > git config --get commit.template [9ms]
2026-07-04 10:45:36.918 [info] > git for-each-ref --format=%(refname)%00%(upstream:short)%00%(objectname)%00%(upstream:track)%00%(upstream:remotename)%00%(upstream:remoteref) refs/heads/main refs/remotes/main [2ms]
2026-07-04 10:45:36.937 [info] > git for-each-ref --sort -committerdate --format %(refname)%00%(objectname)%00%(*objectname) [2ms]
2026-07-04 10:45:36.970 [info] > git status -z -uall [44ms]
2026-07-04 10:45:37.498 [info] > git check-ignore -v -z --stdin [2ms]
2026-07-04 10:48:16.181 [info] > git config --get commit.template [12ms]
2026-07-04 10:48:16.184 [info] > git for-each-ref --format=%(refname)%00%(upstream:short)%00%(objectname)%00%(upstream:track)%00%(upstream:remotename)%00%(upstream:remoteref) refs/heads/main refs/remotes/main [4ms]
2026-07-04 10:48:16.210 [info] > git for-each-ref --sort -committerdate --format %(refname)%00%(objectname)%00%(*objectname) [3ms]
2026-07-04 10:48:16.243 [info] > git status -z -uall [48ms]
2026-07-04 10:48:16.754 [info] > git check-ignore -v -z --stdin [3ms]
2026-07-04 10:48:21.276 [info] > git config --get commit.template [13ms]
2026-07-04 10:48:21.277 [info] > git for-each-ref --format=%(refname)%00%(upstream:short)%00%(objectname)%00%(upstream:track)%00%(upstream:remotename)%00%(upstream:remoteref) refs/heads/main refs/remotes/main [3ms]
2026-07-04 10:48:21.307 [info] > git for-each-ref --sort -committerdate --format %(refname)%00%(objectname)%00%(*objectname) [3ms]
2026-07-04 10:48:21.340 [info] > git status -z -uall [49ms]
2026-07-04 10:48:21.861 [info] > git check-ignore -v -z --stdin [3ms]
2026-07-04 10:48:22.757 [info] > git check-ignore -v -z --stdin [2ms]
2026-07-04 10:48:23.859 [info] > git check-ignore -v -z --stdin [3ms]
2026-07-04 10:48:26.372 [info] > git for-each-ref --format=%(refname)%00%(upstream:short)%00%(objectname)%00%(upstream:track)%00%(upstream:remotename)%00%(upstream:remoteref) refs/heads/main refs/remotes/main [5ms]
2026-07-04 10:48:26.372 [info] > git config --get commit.template [17ms]
2026-07-04 10:48:26.398 [info] > git for-each-ref --sort -committerdate --format %(refname)%00%(objectname)%00%(*objectname) [3ms]
2026-07-04 10:48:26.432 [info] > git status -z -uall [49ms]
2026-07-04 10:48:26.942 [info] > git check-ignore -v -z --stdin [2ms]
2026-07-04 10:48:31.448 [info] > git config --get commit.template [4ms]
2026-07-04 10:48:31.460 [info] > git for-each-ref --format=%(refname)%00%(upstream:short)%00%(objectname)%00%(upstream:track)%00%(upstream:remotename)%00%(upstream:remoteref) refs/heads/main refs/remotes/main [3ms]
2026-07-04 10:48:31.491 [info] > git for-each-ref --sort -committerdate --format %(refname)%00%(objectname)%00%(*objectname) [4ms]
2026-07-04 10:48:31.524 [info] > git status -z -uall [52ms]
2026-07-04 10:48:32.029 [info] > git check-ignore -v -z --stdin [3ms]
2026-07-04 10:48:36.551 [info] > git config --get commit.template [12ms]
2026-07-04 10:48:36.553 [info] > git for-each-ref --format=%(refname)%00%(upstream:short)%00%(objectname)%00%(upstream:track)%00%(upstream:remotename)%00%(upstream:remoteref) refs/heads/main refs/remotes/main [3ms]
2026-07-04 10:48:36.577 [info] > git for-each-ref --sort -committerdate --format %(refname)%00%(objectname)%00%(*objectname) [3ms]
2026-07-04 10:48:36.606 [info] > git status -z -uall [43ms]
2026-07-04 10:48:37.111 [info] > git check-ignore -v -z --stdin [2ms]
2026-07-04 10:48:41.634 [info] > git config --get commit.template [12ms]
2026-07-04 10:48:41.636 [info] > git for-each-ref --format=%(refname)%00%(upstream:short)%00%(objectname)%00%(upstream:track)%00%(upstream:remotename)%00%(upstream:remoteref) refs/heads/main refs/remotes/main [3ms]
2026-07-04 10:48:41.665 [info] > git for-each-ref --sort -committerdate --format %(refname)%00%(objectname)%00%(*objectname) [3ms]
2026-07-04 10:48:41.697 [info] > git status -z -uall [49ms]
2026-07-04 10:48:42.209 [info] > git check-ignore -v -z --stdin [3ms]
2026-07-04 10:48:46.746 [info] > git config --get commit.template [24ms]
2026-07-04 10:48:46.747 [info] > git for-each-ref --format=%(refname)%00%(upstream:short)%00%(objectname)%00%(upstream:track)%00%(upstream:remotename)%00%(upstream:remoteref) refs/heads/main refs/remotes/main [4ms]
2026-07-04 10:48:46.779 [info] > git for-each-ref --sort -committerdate --format %(refname)%00%(objectname)%00%(*objectname) [4ms]
2026-07-04 10:48:46.815 [info] > git status -z -uall [53ms]
2026-07-04 10:48:47.316 [info] > git check-ignore -v -z --stdin [2ms]
2026-07-04 10:48:51.845 [info] > git config --get commit.template [15ms]
2026-07-04 10:48:51.847 [info] > git for-each-ref --format=%(refname)%00%(upstream:short)%00%(objectname)%00%(upstream:track)%00%(upstream:remotename)%00%(upstream:remoteref) refs/heads/main refs/remotes/main [4ms]
2026-07-04 10:48:51.874 [info] > git for-each-ref --sort -committerdate --format %(refname)%00%(objectname)%00%(*objectname) [3ms]
2026-07-04 10:48:51.912 [info] > git status -z -uall [53ms]
2026-07-04 10:48:52.426 [info] > git check-ignore -v -z --stdin [2ms]
2026-07-04 10:48:56.947 [info] > git config --get commit.template [14ms]
2026-07-04 10:48:56.948 [info] > git for-each-ref --format=%(refname)%00%(upstream:short)%00%(objectname)%00%(upstream:track)%00%(upstream:remotename)%00%(upstream:remoteref) refs/heads/main refs/remotes/main [3ms]
2026-07-04 10:48:56.984 [info] > git for-each-ref --sort -committerdate --format %(refname)%00%(objectname)%00%(*objectname) [3ms]
2026-07-04 10:48:57.028 [info] > git status -z -uall [64ms]
2026-07-04 10:48:57.541 [info] > git check-ignore -v -z --stdin [4ms]
2026-07-04 10:49:05.678 [info] > git config --get commit.template [13ms]
2026-07-04 10:49:05.679 [info] > git for-each-ref --format=%(refname)%00%(upstream:short)%00%(objectname)%00%(upstream:track)%00%(upstream:remotename)%00%(upstream:remoteref) refs/heads/main refs/remotes/main [2ms]
2026-07-04 10:49:05.699 [info] > git for-each-ref --sort -committerdate --format %(refname)%00%(objectname)%00%(*objectname) [2ms]
2026-07-04 10:49:05.736 [info] > git status -z -uall [48ms]
2026-07-04 10:49:06.243 [info] > git check-ignore -v -z --stdin [2ms]
2026-07-04 10:49:10.752 [info] > git config --get commit.template [2ms]
2026-07-04 10:49:10.761 [info] > git for-each-ref --format=%(refname)%00%(upstream:short)%00%(objectname)%00%(upstream:track)%00%(upstream:remotename)%00%(upstream:remoteref) refs/heads/main refs/remotes/main [2ms]
2026-07-04 10:49:10.781 [info] > git for-each-ref --sort -committerdate --format %(refname)%00%(objectname)%00%(*objectname) [3ms]
2026-07-04 10:49:10.809 [info] > git status -z -uall [39ms]
2026-07-04 10:49:11.314 [info] > git check-ignore -v -z --stdin [2ms]
2026-07-04 10:49:15.833 [info] > git config --get commit.template [10ms]
2026-07-04 10:49:15.834 [info] > git for-each-ref --format=%(refname)%00%(upstream:short)%00%(objectname)%00%(upstream:track)%00%(upstream:remotename)%00%(upstream:remoteref) refs/heads/main refs/remotes/main [2ms]
2026-07-04 10:49:15.855 [info] > git for-each-ref --sort -committerdate --format %(refname)%00%(objectname)%00%(*objectname) [2ms]
2026-07-04 10:49:15.885 [info] > git status -z -uall [42ms]
2026-07-04 10:49:16.387 [info] > git check-ignore -v -z --stdin [3ms]
2026-07-04 10:49:20.903 [info] > git config --get commit.template [4ms]
2026-07-04 10:49:20.916 [info] > git for-each-ref --format=%(refname)%00%(upstream:short)%00%(objectname)%00%(upstream:track)%00%(upstream:remotename)%00%(upstream:remoteref) refs/heads/main refs/remotes/main [3ms]
2026-07-04 10:49:20.941 [info] > git for-each-ref --sort -committerdate --format %(refname)%00%(objectname)%00%(*objectname) [3ms]
2026-07-04 10:49:20.976 [info] > git status -z -uall [49ms]
2026-07-04 10:49:21.489 [info] > git check-ignore -v -z --stdin [3ms]
2026-07-04 10:49:25.994 [info] > git config --get commit.template [4ms]
2026-07-04 10:49:26.008 [info] > git for-each-ref --format=%(refname)%00%(upstream:short)%00%(objectname)%00%(upstream:track)%00%(upstream:remotename)%00%(upstream:remoteref) refs/heads/main refs/remotes/main [1ms]
2026-07-04 10:49:26.035 [info] > git for-each-ref --sort -committerdate --format %(refname)%00%(objectname)%00%(*objectname) [3ms]
2026-07-04 10:49:26.069 [info] > git status -z -uall [49ms]
2026-07-04 10:49:26.578 [info] > git check-ignore -v -z --stdin [2ms]
2026-07-04 10:49:31.089 [info] > git config --get commit.template [4ms]
2026-07-04 10:49:31.103 [info] > git for-each-ref --format=%(refname)%00%(upstream:short)%00%(objectname)%00%(upstream:track)%00%(upstream:remotename)%00%(upstream:remoteref) refs/heads/main refs/remotes/main [3ms]
2026-07-04 10:49:31.132 [info] > git for-each-ref --sort -committerdate --format %(refname)%00%(objectname)%00%(*objectname) [3ms]
2026-07-04 10:49:31.169 [info] > git status -z -uall [52ms]
2026-07-04 10:49:31.681 [info] > git check-ignore -v -z --stdin [2ms]
2026-07-04 10:49:36.197 [info] > git config --get commit.template [13ms]
2026-07-04 10:49:36.199 [info] > git for-each-ref --format=%(refname)%00%(upstream:short)%00%(objectname)%00%(upstream:track)%00%(upstream:remotename)%00%(upstream:remoteref) refs/heads/main refs/remotes/main [3ms]
2026-07-04 10:49:36.226 [info] > git for-each-ref --sort -committerdate --format %(refname)%00%(objectname)%00%(*objectname) [4ms]
2026-07-04 10:49:36.260 [info] > git status -z -uall [50ms]
2026-07-04 10:49:36.774 [info] > git check-ignore -v -z --stdin [2ms]
2026-07-04 10:49:41.289 [info] > git config --get commit.template [13ms]
2026-07-04 10:49:41.292 [info] > git for-each-ref --format=%(refname)%00%(upstream:short)%00%(objectname)%00%(upstream:track)%00%(upstream:remotename)%00%(upstream:remoteref) refs/heads/main refs/remotes/main [4ms]
2026-07-04 10:49:41.323 [info] > git for-each-ref --sort -committerdate --format %(refname)%00%(objectname)%00%(*objectname) [4ms]
2026-07-04 10:49:41.361 [info] > git status -z -uall [56ms]
2026-07-04 10:49:41.867 [info] > git check-ignore -v -z --stdin [3ms]
2026-07-04 10:49:43.840 [info] > git ls-files --stage -- linear.py [2ms]
2026-07-04 10:49:43.850 [info] > git cat-file -s 63dcaec9aee746a72a15b42c8ba834d8c16030c6 [2ms]
2026-07-04 10:49:43.955 [info] > git show --textconv :linear.py [2ms]
2026-07-04 10:49:44.371 [info] > git check-ignore -v -z --stdin [2ms]
2026-07-04 10:49:46.389 [info] > git config --get commit.template [12ms]
2026-07-04 10:49:46.389 [info] > git for-each-ref --format=%(refname)%00%(upstream:short)%00%(objectname)%00%(upstream:track)%00%(upstream:remotename)%00%(upstream:remoteref) refs/heads/main refs/remotes/main [2ms]
2026-07-04 10:49:46.417 [info] > git for-each-ref --sort -committerdate --format %(refname)%00%(objectname)%00%(*objectname) [3ms]
2026-07-04 10:49:46.447 [info] > git status -z -uall [46ms]
2026-07-04 10:49:46.952 [info] > git check-ignore -v -z --stdin [2ms]
2026-07-04 10:49:47.064 [info] > git show --textconv HEAD:linear.py [9ms]
2026-07-04 10:49:47.066 [info] > git ls-tree -l HEAD -- linear.py [3ms]
2026-07-04 10:49:51.465 [info] > git config --get commit.template [4ms]
2026-07-04 10:49:51.479 [info] > git for-each-ref --format=%(refname)%00%(upstream:short)%00%(objectname)%00%(upstream:track)%00%(upstream:remotename)%00%(upstream:remoteref) refs/heads/main refs/remotes/main [2ms]
2026-07-04 10:49:51.504 [info] > git for-each-ref --sort -committerdate --format %(refname)%00%(objectname)%00%(*objectname) [3ms]
2026-07-04 10:49:51.535 [info] > git status -z -uall [46ms]
2026-07-04 10:49:52.036 [info] > git check-ignore -v -z --stdin [3ms]
2026-07-04 10:49:56.556 [info] > git config --get commit.template [3ms]
2026-07-04 10:49:56.572 [info] > git for-each-ref --format=%(refname)%00%(upstream:short)%00%(objectname)%00%(upstream:track)%00%(upstream:remotename)%00%(upstream:remoteref) refs/heads/main refs/remotes/main [3ms]
2026-07-04 10:49:56.599 [info] > git for-each-ref --sort -committerdate --format %(refname)%00%(objectname)%00%(*objectname) [3ms]
2026-07-04 10:49:56.637 [info] > git status -z -uall [53ms]
2026-07-04 10:49:57.144 [info] > git check-ignore -v -z --stdin [3ms]
2026-07-04 10:49:58.112 [info] > git ls-files --stage -- linear.py [18ms]
2026-07-04 10:49:58.124 [info] > git ls-tree -l HEAD -- linear.py [18ms]
2026-07-04 10:49:58.126 [info] > git cat-file -s 63dcaec9aee746a72a15b42c8ba834d8c16030c6 [3ms]
2026-07-04 10:49:58.243 [info] > git show --textconv HEAD:linear.py [12ms]
2026-07-04 10:49:58.246 [info] > git show --textconv :linear.py [4ms]
2026-07-04 10:49:58.647 [info] > git check-ignore -v -z --stdin [2ms]
2026-07-04 10:50:01.669 [info] > git config --get commit.template [16ms]
2026-07-04 10:50:01.670 [info] > git for-each-ref --format=%(refname)%00%(upstream:short)%00%(objectname)%00%(upstream:track)%00%(upstream:remotename)%00%(upstream:remoteref) refs/heads/main refs/remotes/main [3ms]
2026-07-04 10:50:01.700 [info] > git for-each-ref --sort -committerdate --format %(refname)%00%(objectname)%00%(*objectname) [5ms]
2026-07-04 10:50:01.741 [info] > git status -z -uall [58ms]
2026-07-04 10:50:01.778 [info] > git blame --root --incremental 33b5b1d650895df59e78a6e025c7fd91472c6f56 -- linear.py [18ms]
2026-07-04 10:50:01.780 [info] > git merge-base refs/heads/main refs/remotes/origin/main [8ms]
2026-07-04 10:50:01.796 [info] > git diff --raw --numstat --diff-filter=ADMR -z --find-renames=50% 9d3eab4023119266e08c1efa517cdf690e9b2fde...refs/remotes/origin/main -- [3ms]
2026-07-04 10:50:02.252 [info] > git check-ignore -v -z --stdin [2ms]
2026-07-04 10:50:06.791 [info] > git config --get commit.template [9ms]
2026-07-04 10:50:06.793 [info] > git for-each-ref --format=%(refname)%00%(upstream:short)%00%(objectname)%00%(upstream:track)%00%(upstream:remotename)%00%(upstream:remoteref) refs/heads/main refs/remotes/main [3ms]
2026-07-04 10:50:06.814 [info] > git for-each-ref --sort -committerdate --format %(refname)%00%(objectname)%00%(*objectname) [3ms]
2026-07-04 10:50:06.843 [info] > git status -z -uall [42ms]
2026-07-04 10:50:07.346 [info] > git check-ignore -v -z --stdin [2ms]
2026-07-04 10:50:11.870 [info] > git config --get commit.template [13ms]
2026-07-04 10:50:11.872 [info] > git for-each-ref --format=%(refname)%00%(upstream:short)%00%(objectname)%00%(upstream:track)%00%(upstream:remotename)%00%(upstream:remoteref) refs/heads/main refs/remotes/main [2ms]
2026-07-04 10:50:11.896 [info] > git for-each-ref --sort -committerdate --format %(refname)%00%(objectname)%00%(*objectname) [2ms]
2026-07-04 10:50:11.933 [info] > git status -z -uall [49ms]
2026-07-04 10:50:12.439 [info] > git check-ignore -v -z --stdin [2ms]
2026-07-04 10:50:38.025 [info] > git config --get commit.template [12ms]
2026-07-04 10:50:38.029 [info] > git for-each-ref --format=%(refname)%00%(upstream:short)%00%(objectname)%00%(upstream:track)%00%(upstream:remotename)%00%(upstream:remoteref) refs/heads/main refs/remotes/main [5ms]
2026-07-04 10:50:38.053 [info] > git for-each-ref --sort -committerdate --format %(refname)%00%(objectname)%00%(*objectname) [3ms]
2026-07-04 10:50:38.083 [info] > git status -z -uall [44ms]
2026-07-04 10:50:38.596 [info] > git check-ignore -v -z --stdin [3ms]
2026-07-04 10:50:43.105 [info] > git for-each-ref --format=%(refname)%00%(upstream:short)%00%(objectname)%00%(upstream:track)%00%(upstream:remotename)%00%(upstream:remoteref) refs/heads/main refs/remotes/main [3ms]
2026-07-04 10:50:43.106 [info] > git config --get commit.template [11ms]
2026-07-04 10:50:43.125 [info] > git for-each-ref --sort -committerdate --format %(refname)%00%(objectname)%00%(*objectname) [2ms]
2026-07-04 10:50:43.153 [info] > git status -z -uall [39ms]
2026-07-04 10:50:43.659 [info] > git check-ignore -v -z --stdin [3ms]
2026-07-04 10:50:52.626 [info] > git config --get commit.template [4ms]
2026-07-04 10:50:52.639 [info] > git for-each-ref --format=%(refname)%00%(upstream:short)%00%(objectname)%00%(upstream:track)%00%(upstream:remotename)%00%(upstream:remoteref) refs/heads/main refs/remotes/main [2ms]
2026-07-04 10:50:52.662 [info] > git for-each-ref --sort -committerdate --format %(refname)%00%(objectname)%00%(*objectname) [3ms]
2026-07-04 10:50:52.692 [info] > git status -z -uall [43ms]
2026-07-04 10:50:53.198 [info] > git check-ignore -v -z --stdin [2ms]
2026-07-04 10:50:57.721 [info] > git config --get commit.template [12ms]
2026-07-04 10:50:57.723 [info] > git for-each-ref --format=%(refname)%00%(upstream:short)%00%(objectname)%00%(upstream:track)%00%(upstream:remotename)%00%(upstream:remoteref) refs/heads/main refs/remotes/main [4ms]
2026-07-04 10:50:57.750 [info] > git for-each-ref --sort -committerdate --format %(refname)%00%(objectname)%00%(*objectname) [3ms]
2026-07-04 10:50:57.785 [info] > git status -z -uall [50ms]
2026-07-04 10:50:58.291 [info] > git check-ignore -v -z --stdin [3ms]
2026-07-04 10:51:02.044 [info] > git ls-files --stage -- linear.py [3ms]
2026-07-04 10:51:02.054 [info] > git cat-file -s 63dcaec9aee746a72a15b42c8ba834d8c16030c6 [2ms]
2026-07-04 10:51:02.157 [info] > git show --textconv :linear.py [3ms]
2026-07-04 10:51:02.809 [info] > git for-each-ref --format=%(refname)%00%(upstream:short)%00%(objectname)%00%(upstream:track)%00%(upstream:remotename)%00%(upstream:remoteref) refs/heads/main refs/remotes/main [3ms]
2026-07-04 10:51:02.809 [info] > git config --get commit.template [11ms]
2026-07-04 10:51:02.829 [info] > git for-each-ref --sort -committerdate --format %(refname)%00%(objectname)%00%(*objectname) [2ms]
2026-07-04 10:51:02.859 [info] > git status -z -uall [42ms]
2026-07-04 10:51:02.873 [info] > git merge-base refs/heads/main refs/remotes/origin/main [2ms]
2026-07-04 10:51:02.884 [info] > git diff --raw --numstat --diff-filter=ADMR -z --find-renames=50% 33b5b1d650895df59e78a6e025c7fd91472c6f56...refs/remotes/origin/main -- [3ms]
2026-07-04 10:51:03.373 [info] > git check-ignore -v -z --stdin [3ms]
2026-07-04 10:51:07.895 [info] > git config --get commit.template [11ms]
2026-07-04 10:51:07.897 [info] > git for-each-ref --format=%(refname)%00%(upstream:short)%00%(objectname)%00%(upstream:track)%00%(upstream:remotename)%00%(upstream:remoteref) refs/heads/main refs/remotes/main [3ms]
2026-07-04 10:51:07.923 [info] > git for-each-ref --sort -committerdate --format %(refname)%00%(objectname)%00%(*objectname) [3ms]
2026-07-04 10:51:07.954 [info] > git status -z -uall [46ms]
2026-07-04 10:51:08.469 [info] > git check-ignore -v -z --stdin [4ms]
2026-07-04 10:51:12.980 [info] > git config --get commit.template [12ms]
2026-07-04 10:51:12.982 [info] > git for-each-ref --format=%(refname)%00%(upstream:short)%00%(objectname)%00%(upstream:track)%00%(upstream:remotename)%00%(upstream:remoteref) refs/heads/main refs/remotes/main [3ms]
2026-07-04 10:51:13.009 [info] > git for-each-ref --sort -committerdate --format %(refname)%00%(objectname)%00%(*objectname) [4ms]
2026-07-04 10:51:13.038 [info] > git status -z -uall [45ms]
2026-07-04 10:51:13.547 [info] > git check-ignore -v -z --stdin [4ms]
2026-07-04 10:51:18.063 [info] > git config --get commit.template [11ms]
2026-07-04 10:51:18.064 [info] > git for-each-ref --format=%(refname)%00%(upstream:short)%00%(objectname)%00%(upstream:track)%00%(upstream:remotename)%00%(upstream:remoteref) refs/heads/main refs/remotes/main [2ms]
2026-07-04 10:51:18.091 [info] > git for-each-ref --sort -committerdate --format %(refname)%00%(objectname)%00%(*objectname) [3ms]
2026-07-04 10:51:18.121 [info] > git status -z -uall [45ms]
2026-07-04 10:51:18.632 [info] > git check-ignore -v -z --stdin [4ms]
2026-07-04 10:51:25.598 [info] > git config --get commit.template [3ms]
2026-07-04 10:51:25.611 [info] > git for-each-ref --format=%(refname)%00%(upstream:short)%00%(objectname)%00%(upstream:track)%00%(upstream:remotename)%00%(upstream:remoteref) refs/heads/main refs/remotes/main [3ms]
2026-07-04 10:51:25.635 [info] > git for-each-ref --sort -committerdate --format %(refname)%00%(objectname)%00%(*objectname) [2ms]
2026-07-04 10:51:25.669 [info] > git status -z -uall [47ms]
2026-07-04 10:51:26.179 [info] > git check-ignore -v -z --stdin [2ms]
2026-07-04 10:53:38.601 [info] > git config --get commit.template [12ms]
2026-07-04 10:53:38.602 [info] > git for-each-ref --format=%(refname)%00%(upstream:short)%00%(objectname)%00%(upstream:track)%00%(upstream:remotename)%00%(upstream:remoteref) refs/heads/main refs/remotes/main [2ms]
2026-07-04 10:53:38.627 [info] > git for-each-ref --sort -committerdate --format %(refname)%00%(objectname)%00%(*objectname) [2ms]
2026-07-04 10:53:38.659 [info] > git status -z -uall [46ms]
2026-07-04 10:53:39.172 [info] > git check-ignore -v -z --stdin [3ms]
2026-07-04 10:54:33.438 [info] > git config --get commit.template [3ms]
2026-07-04 10:54:33.458 [info] > git for-each-ref --format=%(refname)%00%(upstream:short)%00%(objectname)%00%(upstream:track)%00%(upstream:remotename)%00%(upstream:remoteref) refs/heads/main refs/remotes/main [2ms]
2026-07-04 10:54:33.486 [info] > git for-each-ref --sort -committerdate --format %(refname)%00%(objectname)%00%(*objectname) [3ms]
2026-07-04 10:54:33.521 [info] > git status -z -uall [51ms]
2026-07-04 10:54:34.038 [info] > git check-ignore -v -z --stdin [3ms]
2026-07-04 10:54:38.539 [info] > git config --get commit.template [3ms]
2026-07-04 10:54:38.552 [info] > git for-each-ref --format=%(refname)%00%(upstream:short)%00%(objectname)%00%(upstream:track)%00%(upstream:remotename)%00%(upstream:remoteref) refs/heads/main refs/remotes/main [3ms]
2026-07-04 10:54:38.577 [info] > git for-each-ref --sort -committerdate --format %(refname)%00%(objectname)%00%(*objectname) [3ms]
2026-07-04 10:54:38.607 [info] > git status -z -uall [44ms]
2026-07-04 10:54:39.127 [info] > git check-ignore -v -z --stdin [2ms]
2026-07-04 10:54:43.637 [info] > git for-each-ref --format=%(refname)%00%(upstream:short)%00%(objectname)%00%(upstream:track)%00%(upstream:remotename)%00%(upstream:remoteref) refs/heads/main refs/remotes/main [4ms]
2026-07-04 10:54:43.637 [info] > git config --get commit.template [15ms]
2026-07-04 10:54:43.662 [info] > git for-each-ref --sort -committerdate --format %(refname)%00%(objectname)%00%(*objectname) [2ms]
2026-07-04 10:54:43.692 [info] > git status -z -uall [44ms]
2026-07-04 10:54:44.200 [info] > git check-ignore -v -z --stdin [3ms]
2026-07-04 10:54:48.712 [info] > git config --get commit.template [4ms]
2026-07-04 10:54:48.725 [info] > git for-each-ref --format=%(refname)%00%(upstream:short)%00%(objectname)%00%(upstream:track)%00%(upstream:remotename)%00%(upstream:remoteref) refs/heads/main refs/remotes/main [3ms]
2026-07-04 10:54:48.752 [info] > git for-each-ref --sort -committerdate --format %(refname)%00%(objectname)%00%(*objectname) [3ms]
2026-07-04 10:54:48.783 [info] > git status -z -uall [46ms]
2026-07-04 10:54:49.303 [info] > git check-ignore -v -z --stdin [3ms]
2026-07-04 10:54:53.815 [info] > git for-each-ref --format=%(refname)%00%(upstream:short)%00%(objectname)%00%(upstream:track)%00%(upstream:remotename)%00%(upstream:remoteref) refs/heads/main refs/remotes/main [3ms]
2026-07-04 10:54:53.815 [info] > git config --get commit.template [16ms]
2026-07-04 10:54:53.843 [info] > git for-each-ref --sort -committerdate --format %(refname)%00%(objectname)%00%(*objectname) [3ms]
2026-07-04 10:54:53.875 [info] > git status -z -uall [48ms]
2026-07-04 10:54:54.386 [info] > git check-ignore -v -z --stdin [4ms]
2026-07-04 10:54:58.902 [info] > git config --get commit.template [12ms]
2026-07-04 10:54:58.904 [info] > git for-each-ref --format=%(refname)%00%(upstream:short)%00%(objectname)%00%(upstream:track)%00%(upstream:remotename)%00%(upstream:remoteref) refs/heads/main refs/remotes/main [3ms]
2026-07-04 10:54:58.930 [info] > git for-each-ref --sort -committerdate --format %(refname)%00%(objectname)%00%(*objectname) [4ms]
2026-07-04 10:54:58.966 [info] > git status -z -uall [51ms]
2026-07-04 10:54:59.471 [info] > git check-ignore -v -z --stdin [3ms]
2026-07-04 10:55:03.989 [info] > git config --get commit.template [10ms]
2026-07-04 10:55:03.990 [info] > git for-each-ref --format=%(refname)%00%(upstream:short)%00%(objectname)%00%(upstream:track)%00%(upstream:remotename)%00%(upstream:remoteref) refs/heads/main refs/remotes/main [2ms]
2026-07-04 10:55:04.015 [info] > git for-each-ref --sort -committerdate --format %(refname)%00%(objectname)%00%(*objectname) [4ms]
2026-07-04 10:55:04.048 [info] > git status -z -uall [46ms]
2026-07-04 10:55:04.555 [info] > git check-ignore -v -z --stdin [4ms]
2026-07-04 10:55:09.081 [info] > git config --get commit.template [15ms]
2026-07-04 10:55:09.083 [info] > git for-each-ref --format=%(refname)%00%(upstream:short)%00%(objectname)%00%(upstream:track)%00%(upstream:remotename)%00%(upstream:remoteref) refs/heads/main refs/remotes/main [4ms]
2026-07-04 10:55:09.112 [info] > git for-each-ref --sort -committerdate --format %(refname)%00%(objectname)%00%(*objectname) [3ms]
2026-07-04 10:55:09.152 [info] > git status -z -uall [56ms]
2026-07-04 10:55:09.657 [info] > git check-ignore -v -z --stdin [2ms]
2026-07-04 10:55:14.166 [info] > git config --get commit.template [3ms]
2026-07-04 10:55:14.177 [info] > git for-each-ref --format=%(refname)%00%(upstream:short)%00%(objectname)%00%(upstream:track)%00%(upstream:remotename)%00%(upstream:remoteref) refs/heads/main refs/remotes/main [3ms]
2026-07-04 10:55:14.197 [info] > git for-each-ref --sort -committerdate --format %(refname)%00%(objectname)%00%(*objectname) [2ms]
2026-07-04 10:55:14.230 [info] > git status -z -uall [44ms]
2026-07-04 10:55:14.739 [info] > git check-ignore -v -z --stdin [2ms]
2026-07-04 10:55:19.253 [info] > git for-each-ref --format=%(refname)%00%(upstream:short)%00%(objectname)%00%(upstream:track)%00%(upstream:remotename)%00%(upstream:remoteref) refs/heads/main refs/remotes/main [3ms]
2026-07-04 10:55:19.253 [info] > git config --get commit.template [12ms]
2026-07-04 10:55:19.275 [info] > git for-each-ref --sort -committerdate --format %(refname)%00%(objectname)%00%(*objectname) [2ms]
2026-07-04 10:55:19.314 [info] > git status -z -uall [49ms]
2026-07-04 10:55:19.819 [info] > git check-ignore -v -z --stdin [3ms]
2026-07-04 10:55:24.342 [info] > git config --get commit.template [13ms]
2026-07-04 10:55:24.343 [info] > git for-each-ref --format=%(refname)%00%(upstream:short)%00%(objectname)%00%(upstream:track)%00%(upstream:remotename)%00%(upstream:remoteref) refs/heads/main refs/remotes/main [3ms]
2026-07-04 10:55:24.371 [info] > git for-each-ref --sort -committerdate --format %(refname)%00%(objectname)%00%(*objectname) [4ms]
2026-07-04 10:55:24.422 [info] > git status -z -uall [67ms]
2026-07-04 10:55:24.662 [info] > git check-ignore -v -z --stdin [2ms]
2026-07-04 10:55:24.779 [info] > git show --textconv :requirements.txt [10ms]
2026-07-04 10:55:24.781 [info] > git ls-files --stage -- requirements.txt [4ms]
2026-07-04 10:55:24.791 [info] > git cat-file -s 9852ac2a70820083921f2c411fb31e827843a601 [2ms]
2026-07-04 10:55:24.908 [info] > git blame --root --incremental 33b5b1d650895df59e78a6e025c7fd91472c6f56 -- requirements.txt [3ms]
2026-07-04 10:55:25.010 [info] > git check-ignore -v -z --stdin [3ms]
2026-07-04 10:58:51.958 [info] > git config --get commit.template [4ms]
2026-07-04 10:58:51.973 [info] > git for-each-ref --format=%(refname)%00%(upstream:short)%00%(objectname)%00%(upstream:track)%00%(upstream:remotename)%00%(upstream:remoteref) refs/heads/main refs/remotes/main [3ms]
2026-07-04 10:58:52.004 [info] > git for-each-ref --sort -committerdate --format %(refname)%00%(objectname)%00%(*objectname) [5ms]
2026-07-04 10:58:52.041 [info] > git status -z -uall [55ms]
